[0.879s] Invoking command in '/home/maxx/naviguard_ws/build/naviguard_rellis': PYTHONPATH=/home/maxx/naviguard_ws/build/naviguard_rellis/prefix_override:/home/maxx/.local/lib/python3.12/site-packages/colcon_core/task/python/colcon_distutils_commands:/home/maxx/naviguard_ws/install/naviguard_rellis/lib/python3.12/site-packages:${PYTHONPATH} /usr/bin/python3 -W ignore:setup.py install is deprecated -W ignore:easy_install command is deprecated setup.py develop --editable --build-directory /home/maxx/naviguard_ws/build/naviguard_rellis/build --no-deps symlink_data
[1.077s] running develop
[1.186s] running egg_info
[1.195s] writing naviguard_rellis.egg-info/PKG-INFO
[1.195s] writing dependency_links to naviguard_rellis.egg-info/dependency_links.txt
[1.195s] writing entry points to naviguard_rellis.egg-info/entry_points.txt
[1.195s] writing requirements to naviguard_rellis.egg-info/requires.txt
[1.195s] writing top-level names to naviguard_rellis.egg-info/top_level.txt
[1.216s] reading manifest file 'naviguard_rellis.egg-info/SOURCES.txt'
[1.217s] writing manifest file 'naviguard_rellis.egg-info/SOURCES.txt'
[1.227s] running build_ext
[1.227s] Creating /home/maxx/naviguard_ws/install/naviguard_rellis/lib/python3.12/site-packages/naviguard-rellis.egg-link (link to .)
[1.228s] Installing dataset_validator script to /home/maxx/naviguard_ws/install/naviguard_rellis/lib/naviguard_rellis
[1.228s] Installing rellis_evaluator_node script to /home/maxx/naviguard_ws/install/naviguard_rellis/lib/naviguard_rellis
[1.228s] Installing rellis_replay_node script to /home/maxx/naviguard_ws/install/naviguard_rellis/lib/naviguard_rellis
[1.228s] 
[1.228s] Installed /home/maxx/naviguard_ws/build/naviguard_rellis
[1.228s] running symlink_data
[1.228s] symbolically linking /home/maxx/naviguard_ws/build/naviguard_rellis/config/rellis_manifest.json -> /home/maxx/naviguard_ws/install/naviguard_rellis/share/naviguard_rellis/config
[1.259s] Invoked command in '/home/maxx/naviguard_ws/build/naviguard_rellis' returned '0': PYTHONPATH=/home/maxx/naviguard_ws/build/naviguard_rellis/prefix_override:/home/maxx/.local/lib/python3.12/site-packages/colcon_core/task/python/colcon_distutils_commands:/home/maxx/naviguard_ws/install/naviguard_rellis/lib/python3.12/site-packages:${PYTHONPATH} /usr/bin/python3 -W ignore:setup.py install is deprecated -W ignore:easy_install command is deprecated setup.py develop --editable --build-directory /home/maxx/naviguard_ws/build/naviguard_rellis/build --no-deps symlink_data
