[0.826s] Invoking command in '/home/maxx/naviguard_ws/build/naviguard_slam': PYTHONPATH=/home/maxx/naviguard_ws/build/naviguard_slam/prefix_override:/home/maxx/.local/lib/python3.12/site-packages/colcon_core/task/python/colcon_distutils_commands:/home/maxx/naviguard_ws/install/naviguard_slam/lib/python3.12/site-packages:${PYTHONPATH} /usr/bin/python3 -W ignore:setup.py install is deprecated -W ignore:easy_install command is deprecated setup.py develop --editable --build-directory /home/maxx/naviguard_ws/build/naviguard_slam/build --no-deps symlink_data
[1.049s] running develop
[1.163s] running egg_info
[1.173s] writing naviguard_slam.egg-info/PKG-INFO
[1.173s] writing dependency_links to naviguard_slam.egg-info/dependency_links.txt
[1.173s] writing entry points to naviguard_slam.egg-info/entry_points.txt
[1.174s] writing requirements to naviguard_slam.egg-info/requires.txt
[1.174s] writing top-level names to naviguard_slam.egg-info/top_level.txt
[1.195s] reading manifest file 'naviguard_slam.egg-info/SOURCES.txt'
[1.195s] writing manifest file 'naviguard_slam.egg-info/SOURCES.txt'
[1.208s] running build_ext
[1.208s] Creating /home/maxx/naviguard_ws/install/naviguard_slam/lib/python3.12/site-packages/naviguard-slam.egg-link (link to .)
[1.208s] Installing slam_node script to /home/maxx/naviguard_ws/install/naviguard_slam/lib/naviguard_slam
[1.209s] 
[1.209s] Installed /home/maxx/naviguard_ws/build/naviguard_slam
[1.209s] running symlink_data
[1.209s] symbolically linking /home/maxx/naviguard_ws/build/naviguard_slam/maps/naviguard_slam_map.pgm -> /home/maxx/naviguard_ws/install/naviguard_slam/share/naviguard_slam/maps
[1.210s] symbolically linking /home/maxx/naviguard_ws/build/naviguard_slam/maps/naviguard_slam_map.yaml -> /home/maxx/naviguard_ws/install/naviguard_slam/share/naviguard_slam/maps
[1.210s] symbolically linking /home/maxx/naviguard_ws/build/naviguard_slam/maps/naviguard_slam_map.json -> /home/maxx/naviguard_ws/install/naviguard_slam/share/naviguard_slam/maps
[1.241s] Invoked command in '/home/maxx/naviguard_ws/build/naviguard_slam' returned '0': PYTHONPATH=/home/maxx/naviguard_ws/build/naviguard_slam/prefix_override:/home/maxx/.local/lib/python3.12/site-packages/colcon_core/task/python/colcon_distutils_commands:/home/maxx/naviguard_ws/install/naviguard_slam/lib/python3.12/site-packages:${PYTHONPATH} /usr/bin/python3 -W ignore:setup.py install is deprecated -W ignore:easy_install command is deprecated setup.py develop --editable --build-directory /home/maxx/naviguard_ws/build/naviguard_slam/build --no-deps symlink_data
