running develop
running egg_info
creating naviguard_rellis.egg-info
writing naviguard_rellis.egg-info/PKG-INFO
writing dependency_links to naviguard_rellis.egg-info/dependency_links.txt
writing entry points to naviguard_rellis.egg-info/entry_points.txt
writing requirements to naviguard_rellis.egg-info/requires.txt
writing top-level names to naviguard_rellis.egg-info/top_level.txt
writing manifest file 'naviguard_rellis.egg-info/SOURCES.txt'
reading manifest file 'naviguard_rellis.egg-info/SOURCES.txt'
writing manifest file 'naviguard_rellis.egg-info/SOURCES.txt'
running build_ext
Creating /home/maxx/naviguard_ws/install/naviguard_rellis/lib/python3.12/site-packages/naviguard-rellis.egg-link (link to .)
Installing dataset_validator script to /home/maxx/naviguard_ws/install/naviguard_rellis/lib/naviguard_rellis
Installing rellis_evaluator_node script to /home/maxx/naviguard_ws/install/naviguard_rellis/lib/naviguard_rellis
Installing rellis_replay_node script to /home/maxx/naviguard_ws/install/naviguard_rellis/lib/naviguard_rellis

Installed /home/maxx/naviguard_ws/build/naviguard_rellis
running symlink_data
creating /home/maxx/naviguard_ws/install/naviguard_rellis/share/ament_index
creating /home/maxx/naviguard_ws/install/naviguard_rellis/share/ament_index/resource_index
creating /home/maxx/naviguard_ws/install/naviguard_rellis/share/ament_index/resource_index/packages
symbolically linking /home/maxx/naviguard_ws/build/naviguard_rellis/resource/naviguard_rellis -> /home/maxx/naviguard_ws/install/naviguard_rellis/share/ament_index/resource_index/packages
symbolically linking /home/maxx/naviguard_ws/build/naviguard_rellis/package.xml -> /home/maxx/naviguard_ws/install/naviguard_rellis/share/naviguard_rellis
creating /home/maxx/naviguard_ws/install/naviguard_rellis/share/naviguard_rellis/launch
symbolically linking /home/maxx/naviguard_ws/build/naviguard_rellis/launch/rellis_evaluation.launch.py -> /home/maxx/naviguard_ws/install/naviguard_rellis/share/naviguard_rellis/launch
symbolically linking /home/maxx/naviguard_ws/build/naviguard_rellis/launch/rellis_replay.launch.py -> /home/maxx/naviguard_ws/install/naviguard_rellis/share/naviguard_rellis/launch
creating /home/maxx/naviguard_ws/install/naviguard_rellis/share/naviguard_rellis/config
symbolically linking /home/maxx/naviguard_ws/build/naviguard_rellis/config/rellis_params.yaml -> /home/maxx/naviguard_ws/install/naviguard_rellis/share/naviguard_rellis/config
symbolically linking /home/maxx/naviguard_ws/build/naviguard_rellis/config/rellis_evaluation.rviz -> /home/maxx/naviguard_ws/install/naviguard_rellis/share/naviguard_rellis/config
creating /home/maxx/naviguard_ws/install/naviguard_rellis/share/naviguard_rellis/config/scenarios
symbolically linking /home/maxx/naviguard_ws/build/naviguard_rellis/config/scenarios/rellis_open.yaml -> /home/maxx/naviguard_ws/install/naviguard_rellis/share/naviguard_rellis/config/scenarios
symbolically linking /home/maxx/naviguard_ws/build/naviguard_rellis/config/scenarios/rellis_obstacle.yaml -> /home/maxx/naviguard_ws/install/naviguard_rellis/share/naviguard_rellis/config/scenarios
symbolically linking /home/maxx/naviguard_ws/build/naviguard_rellis/config/scenarios/rellis_recovery.yaml -> /home/maxx/naviguard_ws/install/naviguard_rellis/share/naviguard_rellis/config/scenarios
