[0.784s] Invoking command in '/home/maxx/naviguard_ws/build/naviguard_rellis': PYTHONPATH=/home/maxx/naviguard_ws/build/naviguard_rellis/prefix_override:/home/maxx/.local/lib/python3.12/site-packages/colcon_core/task/python/colcon_distutils_commands:/home/maxx/naviguard_ws/install/naviguard_rellis/lib/python3.12/site-packages:${PYTHONPATH} /usr/bin/python3 -W ignore:setup.py install is deprecated -W ignore:easy_install command is deprecated setup.py develop --editable --build-directory /home/maxx/naviguard_ws/build/naviguard_rellis/build --no-deps symlink_data
[0.993s] running develop
[1.099s] running egg_info
[1.099s] creating naviguard_rellis.egg-info
[1.110s] writing naviguard_rellis.egg-info/PKG-INFO
[1.110s] writing dependency_links to naviguard_rellis.egg-info/dependency_links.txt
[1.110s] writing entry points to naviguard_rellis.egg-info/entry_points.txt
[1.110s] writing requirements to naviguard_rellis.egg-info/requires.txt
[1.110s] writing top-level names to naviguard_rellis.egg-info/top_level.txt
[1.111s] writing manifest file 'naviguard_rellis.egg-info/SOURCES.txt'
[1.140s] reading manifest file 'naviguard_rellis.egg-info/SOURCES.txt'
[1.141s] writing manifest file 'naviguard_rellis.egg-info/SOURCES.txt'
[1.154s] running build_ext
[1.154s] Creating /home/maxx/naviguard_ws/install/naviguard_rellis/lib/python3.12/site-packages/naviguard-rellis.egg-link (link to .)
[1.154s] Installing dataset_validator script to /home/maxx/naviguard_ws/install/naviguard_rellis/lib/naviguard_rellis
[1.155s] Installing rellis_evaluator_node script to /home/maxx/naviguard_ws/install/naviguard_rellis/lib/naviguard_rellis
[1.155s] Installing rellis_replay_node script to /home/maxx/naviguard_ws/install/naviguard_rellis/lib/naviguard_rellis
[1.155s] 
[1.155s] Installed /home/maxx/naviguard_ws/build/naviguard_rellis
[1.155s] running symlink_data
[1.155s] creating /home/maxx/naviguard_ws/install/naviguard_rellis/share/ament_index
[1.156s] creating /home/maxx/naviguard_ws/install/naviguard_rellis/share/ament_index/resource_index
[1.156s] creating /home/maxx/naviguard_ws/install/naviguard_rellis/share/ament_index/resource_index/packages
[1.156s] symbolically linking /home/maxx/naviguard_ws/build/naviguard_rellis/resource/naviguard_rellis -> /home/maxx/naviguard_ws/install/naviguard_rellis/share/ament_index/resource_index/packages
[1.156s] symbolically linking /home/maxx/naviguard_ws/build/naviguard_rellis/package.xml -> /home/maxx/naviguard_ws/install/naviguard_rellis/share/naviguard_rellis
[1.156s] creating /home/maxx/naviguard_ws/install/naviguard_rellis/share/naviguard_rellis/launch
[1.156s] symbolically linking /home/maxx/naviguard_ws/build/naviguard_rellis/launch/rellis_evaluation.launch.py -> /home/maxx/naviguard_ws/install/naviguard_rellis/share/naviguard_rellis/launch
[1.157s] symbolically linking /home/maxx/naviguard_ws/build/naviguard_rellis/launch/rellis_replay.launch.py -> /home/maxx/naviguard_ws/install/naviguard_rellis/share/naviguard_rellis/launch
[1.157s] creating /home/maxx/naviguard_ws/install/naviguard_rellis/share/naviguard_rellis/config
[1.157s] symbolically linking /home/maxx/naviguard_ws/build/naviguard_rellis/config/rellis_params.yaml -> /home/maxx/naviguard_ws/install/naviguard_rellis/share/naviguard_rellis/config
[1.157s] symbolically linking /home/maxx/naviguard_ws/build/naviguard_rellis/config/rellis_evaluation.rviz -> /home/maxx/naviguard_ws/install/naviguard_rellis/share/naviguard_rellis/config
[1.157s] creating /home/maxx/naviguard_ws/install/naviguard_rellis/share/naviguard_rellis/config/scenarios
[1.158s] symbolically linking /home/maxx/naviguard_ws/build/naviguard_rellis/config/scenarios/rellis_open.yaml -> /home/maxx/naviguard_ws/install/naviguard_rellis/share/naviguard_rellis/config/scenarios
[1.158s] symbolically linking /home/maxx/naviguard_ws/build/naviguard_rellis/config/scenarios/rellis_obstacle.yaml -> /home/maxx/naviguard_ws/install/naviguard_rellis/share/naviguard_rellis/config/scenarios
[1.158s] symbolically linking /home/maxx/naviguard_ws/build/naviguard_rellis/config/scenarios/rellis_recovery.yaml -> /home/maxx/naviguard_ws/install/naviguard_rellis/share/naviguard_rellis/config/scenarios
[1.184s] Invoked command in '/home/maxx/naviguard_ws/build/naviguard_rellis' returned '0': PYTHONPATH=/home/maxx/naviguard_ws/build/naviguard_rellis/prefix_override:/home/maxx/.local/lib/python3.12/site-packages/colcon_core/task/python/colcon_distutils_commands:/home/maxx/naviguard_ws/install/naviguard_rellis/lib/python3.12/site-packages:${PYTHONPATH} /usr/bin/python3 -W ignore:setup.py install is deprecated -W ignore:easy_install command is deprecated setup.py develop --editable --build-directory /home/maxx/naviguard_ws/build/naviguard_rellis/build --no-deps symlink_data
