[0.799s] DEBUG:colcon:Command line arguments: ['/home/maxx/.local/bin/colcon', 'build', '--symlink-install', '--packages-select', 'naviguard_dashboard']
[0.799s] DEBUG:colcon:Parsed command line arguments: Namespace(log_base=None, log_level=None, verb_name='build', build_base='build', install_base='install', merge_install=False, symlink_install=True, test_result_base=None, continue_on_error=False, executor='parallel', parallel_workers=12, event_handlers=None, ignore_user_meta=False, metas=['./colcon.meta'], base_paths=['.'], packages_ignore=None, packages_ignore_regex=None, paths=None, packages_up_to=None, packages_up_to_regex=None, packages_above=None, packages_above_and_dependencies=None, packages_above_depth=None, packages_select_by_dep=None, packages_skip_by_dep=None, packages_skip_up_to=None, packages_select_build_failed=False, packages_skip_build_finished=False, packages_select_test_failures=False, packages_skip_test_passed=False, packages_select=['naviguard_dashboard'], packages_skip=None, packages_select_regex=None, packages_skip_regex=None, packages_start=None, packages_end=None, cmake_args=None, cmake_target=None, cmake_target_skip_unavailable=False, cmake_clean_cache=False, cmake_clean_first=False, cmake_force_configure=False, ament_cmake_args=None, catkin_cmake_args=None, catkin_skip_building_tests=False, verb_parser=<colcon_defaults.argument_parser.defaults.DefaultArgumentsDecorator object at 0x78afe4d4b170>, verb_extension=<colcon_core.verb.build.BuildVerb object at 0x78afe4d4aa50>, main=<bound method BuildVerb.main of <colcon_core.verb.build.BuildVerb object at 0x78afe4d4aa50>>)
[0.874s] Level 1:colcon.colcon_core.package_discovery:discover_packages(colcon_meta) check parameters
[0.875s] Level 1:colcon.colcon_core.package_discovery:discover_packages(recursive) check parameters
[0.875s] Level 1:colcon.colcon_core.package_discovery:discover_packages(ignore) check parameters
[0.875s] Level 1:colcon.colcon_core.package_discovery:discover_packages(path) check parameters
[0.875s] Level 1:colcon.colcon_core.package_discovery:discover_packages(colcon_meta) discover
[0.875s] Level 1:colcon.colcon_core.package_discovery:discover_packages(recursive) discover
[0.875s] INFO:colcon.colcon_core.package_discovery:Crawling recursively for packages in '/home/maxx/naviguard_ws'
[0.875s] Level 1:colcon.colcon_core.package_identification:_identify(.) by extensions ['ignore', 'ignore_ament_install']
[0.875s] Level 1:colcon.colcon_core.package_identification:_identify(.) by extension 'ignore'
[0.875s] Level 1:colcon.colcon_core.package_identification:_identify(.) by extension 'ignore_ament_install'
[0.876s] Level 1:colcon.colcon_core.package_identification:_identify(.) by extensions ['colcon_pkg']
[0.876s] Level 1:colcon.colcon_core.package_identification:_identify(.) by extension 'colcon_pkg'
[0.876s] Level 1:colcon.colcon_core.package_identification:_identify(.) by extensions ['colcon_meta']
[0.876s] Level 1:colcon.colcon_core.package_identification:_identify(.) by extension 'colcon_meta'
[0.876s] Level 1:colcon.colcon_core.package_identification:_identify(.) by extensions ['ros']
[0.876s] Level 1:colcon.colcon_core.package_identification:_identify(.) by extension 'ros'
[0.944s] Level 1:colcon.colcon_core.package_identification:_identify(.) by extensions ['cmake', 'python']
[0.944s] Level 1:colcon.colcon_core.package_identification:_identify(.) by extension 'cmake'
[0.944s] Level 1:colcon.colcon_core.package_identification:_identify(.) by extension 'python'
[0.944s] Level 1:colcon.colcon_core.package_identification:_identify(.) by extensions ['python_setup_py']
[0.944s] Level 1:colcon.colcon_core.package_identification:_identify(.) by extension 'python_setup_py'
[0.944s] Level 1:colcon.colcon_core.package_identification:_identify(build) by extensions ['ignore', 'ignore_ament_install']
[0.944s] Level 1:colcon.colcon_core.package_identification:_identify(build) by extension 'ignore'
[0.944s] Level 1:colcon.colcon_core.package_identification:_identify(build) ignored
[0.945s] Level 1:colcon.colcon_core.package_identification:_identify(docs) by extensions ['ignore', 'ignore_ament_install']
[0.945s] Level 1:colcon.colcon_core.package_identification:_identify(docs) by extension 'ignore'
[0.945s] Level 1:colcon.colcon_core.package_identification:_identify(docs) by extension 'ignore_ament_install'
[0.945s] Level 1:colcon.colcon_core.package_identification:_identify(docs) by extensions ['colcon_pkg']
[0.945s] Level 1:colcon.colcon_core.package_identification:_identify(docs) by extension 'colcon_pkg'
[0.945s] Level 1:colcon.colcon_core.package_identification:_identify(docs) by extensions ['colcon_meta']
[0.945s] Level 1:colcon.colcon_core.package_identification:_identify(docs) by extension 'colcon_meta'
[0.945s] Level 1:colcon.colcon_core.package_identification:_identify(docs) by extensions ['ros']
[0.945s] Level 1:colcon.colcon_core.package_identification:_identify(docs) by extension 'ros'
[0.945s] Level 1:colcon.colcon_core.package_identification:_identify(docs) by extensions ['cmake', 'python']
[0.946s] Level 1:colcon.colcon_core.package_identification:_identify(docs) by extension 'cmake'
[0.946s] Level 1:colcon.colcon_core.package_identification:_identify(docs) by extension 'python'
[0.946s] Level 1:colcon.colcon_core.package_identification:_identify(docs) by extensions ['python_setup_py']
[0.946s] Level 1:colcon.colcon_core.package_identification:_identify(docs) by extension 'python_setup_py'
[0.946s] Level 1:colcon.colcon_core.package_identification:_identify(install) by extensions ['ignore', 'ignore_ament_install']
[0.946s] Level 1:colcon.colcon_core.package_identification:_identify(install) by extension 'ignore'
[0.946s] Level 1:colcon.colcon_core.package_identification:_identify(install) ignored
[0.946s] Level 1:colcon.colcon_core.package_identification:_identify(log) by extensions ['ignore', 'ignore_ament_install']
[0.946s] Level 1:colcon.colcon_core.package_identification:_identify(log) by extension 'ignore'
[0.946s] Level 1:colcon.colcon_core.package_identification:_identify(log) ignored
[0.947s] Level 1:colcon.colcon_core.package_identification:_identify(scripts) by extensions ['ignore', 'ignore_ament_install']
[0.947s] Level 1:colcon.colcon_core.package_identification:_identify(scripts) by extension 'ignore'
[0.947s] Level 1:colcon.colcon_core.package_identification:_identify(scripts) by extension 'ignore_ament_install'
[0.947s] Level 1:colcon.colcon_core.package_identification:_identify(scripts) by extensions ['colcon_pkg']
[0.947s] Level 1:colcon.colcon_core.package_identification:_identify(scripts) by extension 'colcon_pkg'
[0.947s] Level 1:colcon.colcon_core.package_identification:_identify(scripts) by extensions ['colcon_meta']
[0.947s] Level 1:colcon.colcon_core.package_identification:_identify(scripts) by extension 'colcon_meta'
[0.947s] Level 1:colcon.colcon_core.package_identification:_identify(scripts) by extensions ['ros']
[0.947s] Level 1:colcon.colcon_core.package_identification:_identify(scripts) by extension 'ros'
[0.948s] Level 1:colcon.colcon_core.package_identification:_identify(scripts) by extensions ['cmake', 'python']
[0.948s] Level 1:colcon.colcon_core.package_identification:_identify(scripts) by extension 'cmake'
[0.948s] Level 1:colcon.colcon_core.package_identification:_identify(scripts) by extension 'python'
[0.948s] Level 1:colcon.colcon_core.package_identification:_identify(scripts) by extensions ['python_setup_py']
[0.948s] Level 1:colcon.colcon_core.package_identification:_identify(scripts) by extension 'python_setup_py'
[0.948s] Level 1:colcon.colcon_core.package_identification:_identify(src) by extensions ['ignore', 'ignore_ament_install']
[0.948s] Level 1:colcon.colcon_core.package_identification:_identify(src) by extension 'ignore'
[0.948s] Level 1:colcon.colcon_core.package_identification:_identify(src) by extension 'ignore_ament_install'
[0.949s] Level 1:colcon.colcon_core.package_identification:_identify(src) by extensions ['colcon_pkg']
[0.949s] Level 1:colcon.colcon_core.package_identification:_identify(src) by extension 'colcon_pkg'
[0.949s] Level 1:colcon.colcon_core.package_identification:_identify(src) by extensions ['colcon_meta']
[0.949s] Level 1:colcon.colcon_core.package_identification:_identify(src) by extension 'colcon_meta'
[0.949s] Level 1:colcon.colcon_core.package_identification:_identify(src) by extensions ['ros']
[0.949s] Level 1:colcon.colcon_core.package_identification:_identify(src) by extension 'ros'
[0.949s] Level 1:colcon.colcon_core.package_identification:_identify(src) by extensions ['cmake', 'python']
[0.949s] Level 1:colcon.colcon_core.package_identification:_identify(src) by extension 'cmake'
[0.950s] Level 1:colcon.colcon_core.package_identification:_identify(src) by extension 'python'
[0.950s] Level 1:colcon.colcon_core.package_identification:_identify(src) by extensions ['python_setup_py']
[0.950s] Level 1:colcon.colcon_core.package_identification:_identify(src) by extension 'python_setup_py'
[0.950s] Level 1:colcon.colcon_core.package_identification:_identify(src/naviguard_confidence) by extensions ['ignore', 'ignore_ament_install']
[0.950s] Level 1:colcon.colcon_core.package_identification:_identify(src/naviguard_confidence) by extension 'ignore'
[0.950s] Level 1:colcon.colcon_core.package_identification:_identify(src/naviguard_confidence) by extension 'ignore_ament_install'
[0.950s] Level 1:colcon.colcon_core.package_identification:_identify(src/naviguard_confidence) by extensions ['colcon_pkg']
[0.950s] Level 1:colcon.colcon_core.package_identification:_identify(src/naviguard_confidence) by extension 'colcon_pkg'
[0.950s] Level 1:colcon.colcon_core.package_identification:_identify(src/naviguard_confidence) by extensions ['colcon_meta']
[0.950s] Level 1:colcon.colcon_core.package_identification:_identify(src/naviguard_confidence) by extension 'colcon_meta'
[0.950s] Level 1:colcon.colcon_core.package_identification:_identify(src/naviguard_confidence) by extensions ['ros']
[0.950s] Level 1:colcon.colcon_core.package_identification:_identify(src/naviguard_confidence) by extension 'ros'
[0.957s] DEBUG:colcon.colcon_core.package_identification:Package 'src/naviguard_confidence' with type 'ros.ament_python' and name 'naviguard_confidence'
[0.957s] Level 1:colcon.colcon_core.package_identification:_identify(src/naviguard_dashboard) by extensions ['ignore', 'ignore_ament_install']
[0.957s] Level 1:colcon.colcon_core.package_identification:_identify(src/naviguard_dashboard) by extension 'ignore'
[0.957s] Level 1:colcon.colcon_core.package_identification:_identify(src/naviguard_dashboard) by extension 'ignore_ament_install'
[0.957s] Level 1:colcon.colcon_core.package_identification:_identify(src/naviguard_dashboard) by extensions ['colcon_pkg']
[0.957s] Level 1:colcon.colcon_core.package_identification:_identify(src/naviguard_dashboard) by extension 'colcon_pkg'
[0.958s] Level 1:colcon.colcon_core.package_identification:_identify(src/naviguard_dashboard) by extensions ['colcon_meta']
[0.958s] Level 1:colcon.colcon_core.package_identification:_identify(src/naviguard_dashboard) by extension 'colcon_meta'
[0.958s] Level 1:colcon.colcon_core.package_identification:_identify(src/naviguard_dashboard) by extensions ['ros']
[0.958s] Level 1:colcon.colcon_core.package_identification:_identify(src/naviguard_dashboard) by extension 'ros'
[0.959s] DEBUG:colcon.colcon_core.package_identification:Package 'src/naviguard_dashboard' with type 'ros.ament_python' and name 'naviguard_dashboard'
[0.959s] Level 1:colcon.colcon_core.package_identification:_identify(src/naviguard_description) by extensions ['ignore', 'ignore_ament_install']
[0.959s] Level 1:colcon.colcon_core.package_identification:_identify(src/naviguard_description) by extension 'ignore'
[0.959s] Level 1:colcon.colcon_core.package_identification:_identify(src/naviguard_description) by extension 'ignore_ament_install'
[0.959s] Level 1:colcon.colcon_core.package_identification:_identify(src/naviguard_description) by extensions ['colcon_pkg']
[0.959s] Level 1:colcon.colcon_core.package_identification:_identify(src/naviguard_description) by extension 'colcon_pkg'
[0.959s] Level 1:colcon.colcon_core.package_identification:_identify(src/naviguard_description) by extensions ['colcon_meta']
[0.959s] Level 1:colcon.colcon_core.package_identification:_identify(src/naviguard_description) by extension 'colcon_meta'
[0.959s] Level 1:colcon.colcon_core.package_identification:_identify(src/naviguard_description) by extensions ['ros']
[0.959s] Level 1:colcon.colcon_core.package_identification:_identify(src/naviguard_description) by extension 'ros'
[0.961s] DEBUG:colcon.colcon_core.package_identification:Package 'src/naviguard_description' with type 'ros.ament_cmake' and name 'naviguard_description'
[0.961s] Level 1:colcon.colcon_core.package_identification:_identify(src/naviguard_navigation) by extensions ['ignore', 'ignore_ament_install']
[0.962s] Level 1:colcon.colcon_core.package_identification:_identify(src/naviguard_navigation) by extension 'ignore'
[0.962s] Level 1:colcon.colcon_core.package_identification:_identify(src/naviguard_navigation) by extension 'ignore_ament_install'
[0.962s] Level 1:colcon.colcon_core.package_identification:_identify(src/naviguard_navigation) by extensions ['colcon_pkg']
[0.962s] Level 1:colcon.colcon_core.package_identification:_identify(src/naviguard_navigation) by extension 'colcon_pkg'
[0.962s] Level 1:colcon.colcon_core.package_identification:_identify(src/naviguard_navigation) by extensions ['colcon_meta']
[0.962s] Level 1:colcon.colcon_core.package_identification:_identify(src/naviguard_navigation) by extension 'colcon_meta'
[0.962s] Level 1:colcon.colcon_core.package_identification:_identify(src/naviguard_navigation) by extensions ['ros']
[0.962s] Level 1:colcon.colcon_core.package_identification:_identify(src/naviguard_navigation) by extension 'ros'
[0.963s] DEBUG:colcon.colcon_core.package_identification:Package 'src/naviguard_navigation' with type 'ros.ament_python' and name 'naviguard_navigation'
[0.963s] Level 1:colcon.colcon_core.package_identification:_identify(src/naviguard_perception) by extensions ['ignore', 'ignore_ament_install']
[0.964s] Level 1:colcon.colcon_core.package_identification:_identify(src/naviguard_perception) by extension 'ignore'
[0.964s] Level 1:colcon.colcon_core.package_identification:_identify(src/naviguard_perception) by extension 'ignore_ament_install'
[0.964s] Level 1:colcon.colcon_core.package_identification:_identify(src/naviguard_perception) by extensions ['colcon_pkg']
[0.964s] Level 1:colcon.colcon_core.package_identification:_identify(src/naviguard_perception) by extension 'colcon_pkg'
[0.964s] Level 1:colcon.colcon_core.package_identification:_identify(src/naviguard_perception) by extensions ['colcon_meta']
[0.964s] Level 1:colcon.colcon_core.package_identification:_identify(src/naviguard_perception) by extension 'colcon_meta'
[0.964s] Level 1:colcon.colcon_core.package_identification:_identify(src/naviguard_perception) by extensions ['ros']
[0.964s] Level 1:colcon.colcon_core.package_identification:_identify(src/naviguard_perception) by extension 'ros'
[0.964s] DEBUG:colcon.colcon_core.package_identification:Package 'src/naviguard_perception' with type 'ros.ament_python' and name 'naviguard_perception'
[0.965s] Level 1:colcon.colcon_core.package_identification:_identify(src/naviguard_recovery) by extensions ['ignore', 'ignore_ament_install']
[0.965s] Level 1:colcon.colcon_core.package_identification:_identify(src/naviguard_recovery) by extension 'ignore'
[0.965s] Level 1:colcon.colcon_core.package_identification:_identify(src/naviguard_recovery) by extension 'ignore_ament_install'
[0.965s] Level 1:colcon.colcon_core.package_identification:_identify(src/naviguard_recovery) by extensions ['colcon_pkg']
[0.965s] Level 1:colcon.colcon_core.package_identification:_identify(src/naviguard_recovery) by extension 'colcon_pkg'
[0.965s] Level 1:colcon.colcon_core.package_identification:_identify(src/naviguard_recovery) by extensions ['colcon_meta']
[0.965s] Level 1:colcon.colcon_core.package_identification:_identify(src/naviguard_recovery) by extension 'colcon_meta'
[0.965s] Level 1:colcon.colcon_core.package_identification:_identify(src/naviguard_recovery) by extensions ['ros']
[0.965s] Level 1:colcon.colcon_core.package_identification:_identify(src/naviguard_recovery) by extension 'ros'
[0.967s] DEBUG:colcon.colcon_core.package_identification:Package 'src/naviguard_recovery' with type 'ros.ament_python' and name 'naviguard_recovery'
[0.967s] Level 1:colcon.colcon_core.package_identification:_identify(src/naviguard_rellis) by extensions ['ignore', 'ignore_ament_install']
[0.967s] Level 1:colcon.colcon_core.package_identification:_identify(src/naviguard_rellis) by extension 'ignore'
[0.967s] Level 1:colcon.colcon_core.package_identification:_identify(src/naviguard_rellis) by extension 'ignore_ament_install'
[0.967s] Level 1:colcon.colcon_core.package_identification:_identify(src/naviguard_rellis) by extensions ['colcon_pkg']
[0.967s] Level 1:colcon.colcon_core.package_identification:_identify(src/naviguard_rellis) by extension 'colcon_pkg'
[0.967s] Level 1:colcon.colcon_core.package_identification:_identify(src/naviguard_rellis) by extensions ['colcon_meta']
[0.967s] Level 1:colcon.colcon_core.package_identification:_identify(src/naviguard_rellis) by extension 'colcon_meta'
[0.967s] Level 1:colcon.colcon_core.package_identification:_identify(src/naviguard_rellis) by extensions ['ros']
[0.967s] Level 1:colcon.colcon_core.package_identification:_identify(src/naviguard_rellis) by extension 'ros'
[0.969s] DEBUG:colcon.colcon_core.package_identification:Package 'src/naviguard_rellis' with type 'ros.ament_python' and name 'naviguard_rellis'
[0.969s] Level 1:colcon.colcon_core.package_identification:_identify(src/naviguard_sensor_sync) by extensions ['ignore', 'ignore_ament_install']
[0.970s] Level 1:colcon.colcon_core.package_identification:_identify(src/naviguard_sensor_sync) by extension 'ignore'
[0.970s] Level 1:colcon.colcon_core.package_identification:_identify(src/naviguard_sensor_sync) by extension 'ignore_ament_install'
[0.970s] Level 1:colcon.colcon_core.package_identification:_identify(src/naviguard_sensor_sync) by extensions ['colcon_pkg']
[0.970s] Level 1:colcon.colcon_core.package_identification:_identify(src/naviguard_sensor_sync) by extension 'colcon_pkg'
[0.971s] Level 1:colcon.colcon_core.package_identification:_identify(src/naviguard_sensor_sync) by extensions ['colcon_meta']
[0.971s] Level 1:colcon.colcon_core.package_identification:_identify(src/naviguard_sensor_sync) by extension 'colcon_meta'
[0.971s] Level 1:colcon.colcon_core.package_identification:_identify(src/naviguard_sensor_sync) by extensions ['ros']
[0.971s] Level 1:colcon.colcon_core.package_identification:_identify(src/naviguard_sensor_sync) by extension 'ros'
[0.972s] DEBUG:colcon.colcon_core.package_identification:Package 'src/naviguard_sensor_sync' with type 'ros.ament_python' and name 'naviguard_sensor_sync'
[0.972s] Level 1:colcon.colcon_core.package_identification:_identify(src/naviguard_slam) by extensions ['ignore', 'ignore_ament_install']
[0.973s] Level 1:colcon.colcon_core.package_identification:_identify(src/naviguard_slam) by extension 'ignore'
[0.973s] Level 1:colcon.colcon_core.package_identification:_identify(src/naviguard_slam) by extension 'ignore_ament_install'
[0.973s] Level 1:colcon.colcon_core.package_identification:_identify(src/naviguard_slam) by extensions ['colcon_pkg']
[0.973s] Level 1:colcon.colcon_core.package_identification:_identify(src/naviguard_slam) by extension 'colcon_pkg'
[0.973s] Level 1:colcon.colcon_core.package_identification:_identify(src/naviguard_slam) by extensions ['colcon_meta']
[0.973s] Level 1:colcon.colcon_core.package_identification:_identify(src/naviguard_slam) by extension 'colcon_meta'
[0.973s] Level 1:colcon.colcon_core.package_identification:_identify(src/naviguard_slam) by extensions ['ros']
[0.973s] Level 1:colcon.colcon_core.package_identification:_identify(src/naviguard_slam) by extension 'ros'
[0.975s] DEBUG:colcon.colcon_core.package_identification:Package 'src/naviguard_slam' with type 'ros.ament_python' and name 'naviguard_slam'
[0.975s] Level 1:colcon.colcon_core.package_identification:_identify(src/naviguard_state_estimation) by extensions ['ignore', 'ignore_ament_install']
[0.975s] Level 1:colcon.colcon_core.package_identification:_identify(src/naviguard_state_estimation) by extension 'ignore'
[0.975s] Level 1:colcon.colcon_core.package_identification:_identify(src/naviguard_state_estimation) by extension 'ignore_ament_install'
[0.975s] Level 1:colcon.colcon_core.package_identification:_identify(src/naviguard_state_estimation) by extensions ['colcon_pkg']
[0.975s] Level 1:colcon.colcon_core.package_identification:_identify(src/naviguard_state_estimation) by extension 'colcon_pkg'
[0.975s] Level 1:colcon.colcon_core.package_identification:_identify(src/naviguard_state_estimation) by extensions ['colcon_meta']
[0.975s] Level 1:colcon.colcon_core.package_identification:_identify(src/naviguard_state_estimation) by extension 'colcon_meta'
[0.975s] Level 1:colcon.colcon_core.package_identification:_identify(src/naviguard_state_estimation) by extensions ['ros']
[0.975s] Level 1:colcon.colcon_core.package_identification:_identify(src/naviguard_state_estimation) by extension 'ros'
[0.976s] DEBUG:colcon.colcon_core.package_identification:Package 'src/naviguard_state_estimation' with type 'ros.ament_python' and name 'naviguard_state_estimation'
[0.976s] Level 1:colcon.colcon_core.package_identification:_identify(src/naviguard_visual_odometry) by extensions ['ignore', 'ignore_ament_install']
[0.976s] Level 1:colcon.colcon_core.package_identification:_identify(src/naviguard_visual_odometry) by extension 'ignore'
[0.976s] Level 1:colcon.colcon_core.package_identification:_identify(src/naviguard_visual_odometry) by extension 'ignore_ament_install'
[0.976s] Level 1:colcon.colcon_core.package_identification:_identify(src/naviguard_visual_odometry) by extensions ['colcon_pkg']
[0.976s] Level 1:colcon.colcon_core.package_identification:_identify(src/naviguard_visual_odometry) by extension 'colcon_pkg'
[0.976s] Level 1:colcon.colcon_core.package_identification:_identify(src/naviguard_visual_odometry) by extensions ['colcon_meta']
[0.976s] Level 1:colcon.colcon_core.package_identification:_identify(src/naviguard_visual_odometry) by extension 'colcon_meta'
[0.976s] Level 1:colcon.colcon_core.package_identification:_identify(src/naviguard_visual_odometry) by extensions ['ros']
[0.976s] Level 1:colcon.colcon_core.package_identification:_identify(src/naviguard_visual_odometry) by extension 'ros'
[0.978s] DEBUG:colcon.colcon_core.package_identification:Package 'src/naviguard_visual_odometry' with type 'ros.ament_python' and name 'naviguard_visual_odometry'
[0.978s] Level 1:colcon.colcon_core.package_discovery:discover_packages(recursive) using defaults
[0.978s] Level 1:colcon.colcon_core.package_discovery:discover_packages(ignore) discover
[0.978s] Level 1:colcon.colcon_core.package_discovery:discover_packages(ignore) using defaults
[0.978s] Level 1:colcon.colcon_core.package_discovery:discover_packages(path) discover
[0.978s] Level 1:colcon.colcon_core.package_discovery:discover_packages(path) using defaults
[1.014s] INFO:colcon.colcon_core.package_selection:Skipping not selected package 'naviguard_confidence' in 'src/naviguard_confidence'
[1.014s] INFO:colcon.colcon_core.package_selection:Skipping not selected package 'naviguard_description' in 'src/naviguard_description'
[1.014s] INFO:colcon.colcon_core.package_selection:Skipping not selected package 'naviguard_navigation' in 'src/naviguard_navigation'
[1.014s] INFO:colcon.colcon_core.package_selection:Skipping not selected package 'naviguard_perception' in 'src/naviguard_perception'
[1.014s] INFO:colcon.colcon_core.package_selection:Skipping not selected package 'naviguard_recovery' in 'src/naviguard_recovery'
[1.014s] INFO:colcon.colcon_core.package_selection:Skipping not selected package 'naviguard_rellis' in 'src/naviguard_rellis'
[1.014s] INFO:colcon.colcon_core.package_selection:Skipping not selected package 'naviguard_sensor_sync' in 'src/naviguard_sensor_sync'
[1.014s] INFO:colcon.colcon_core.package_selection:Skipping not selected package 'naviguard_slam' in 'src/naviguard_slam'
[1.014s] INFO:colcon.colcon_core.package_selection:Skipping not selected package 'naviguard_state_estimation' in 'src/naviguard_state_estimation'
[1.014s] INFO:colcon.colcon_core.package_selection:Skipping not selected package 'naviguard_visual_odometry' in 'src/naviguard_visual_odometry'
[1.015s] Level 5:colcon.colcon_core.verb:set package 'naviguard_dashboard' build argument 'cmake_args' from command line to 'None'
[1.015s] Level 5:colcon.colcon_core.verb:set package 'naviguard_dashboard' build argument 'cmake_target' from command line to 'None'
[1.015s] Level 5:colcon.colcon_core.verb:set package 'naviguard_dashboard' build argument 'cmake_target_skip_unavailable' from command line to 'False'
[1.015s] Level 5:colcon.colcon_core.verb:set package 'naviguard_dashboard' build argument 'cmake_clean_cache' from command line to 'False'
[1.015s] Level 5:colcon.colcon_core.verb:set package 'naviguard_dashboard' build argument 'cmake_clean_first' from command line to 'False'
[1.015s] Level 5:colcon.colcon_core.verb:set package 'naviguard_dashboard' build argument 'cmake_force_configure' from command line to 'False'
[1.015s] Level 5:colcon.colcon_core.verb:set package 'naviguard_dashboard' build argument 'ament_cmake_args' from command line to 'None'
[1.015s] Level 5:colcon.colcon_core.verb:set package 'naviguard_dashboard' build argument 'catkin_cmake_args' from command line to 'None'
[1.015s] Level 5:colcon.colcon_core.verb:set package 'naviguard_dashboard' build argument 'catkin_skip_building_tests' from command line to 'False'
[1.015s] DEBUG:colcon.colcon_core.verb:Building package 'naviguard_dashboard' with the following arguments: {'ament_cmake_args': None, 'build_base': '/home/maxx/naviguard_ws/build/naviguard_dashboard', 'catkin_cmake_args': None, 'catkin_skip_building_tests': False, 'cmake_args': None, 'cmake_clean_cache': False, 'cmake_clean_first': False, 'cmake_force_configure': False, 'cmake_target': None, 'cmake_target_skip_unavailable': False, 'install_base': '/home/maxx/naviguard_ws/install/naviguard_dashboard', 'merge_install': False, 'path': '/home/maxx/naviguard_ws/src/naviguard_dashboard', 'symlink_install': True, 'test_result_base': None}
[1.015s] INFO:colcon.colcon_core.executor:Executing jobs using 'parallel' executor
[1.019s] DEBUG:colcon.colcon_parallel_executor.executor.parallel:run_until_complete
[1.022s] INFO:colcon.colcon_ros.task.ament_python.build:Building ROS package in '/home/maxx/naviguard_ws/src/naviguard_dashboard' with build type 'ament_python'
[1.023s] Level 1:colcon.colcon_core.shell:create_environment_hook('naviguard_dashboard', 'ament_prefix_path')
[1.033s] INFO:colcon.colcon_core.plugin_system:Skipping extension 'colcon_core.shell.bat': Not used on non-Windows systems
[1.033s] INFO:colcon.colcon_core.shell:Creating environment hook '/home/maxx/naviguard_ws/install/naviguard_dashboard/share/naviguard_dashboard/hook/ament_prefix_path.ps1'
[1.034s] INFO:colcon.colcon_core.shell:Creating environment descriptor '/home/maxx/naviguard_ws/install/naviguard_dashboard/share/naviguard_dashboard/hook/ament_prefix_path.dsv'
[1.036s] INFO:colcon.colcon_core.shell:Creating environment hook '/home/maxx/naviguard_ws/install/naviguard_dashboard/share/naviguard_dashboard/hook/ament_prefix_path.sh'
[1.037s] INFO:colcon.colcon_core.shell:Skip shell extension 'powershell' for command environment: Not usable outside of PowerShell
[1.037s] DEBUG:colcon.colcon_core.shell:Skip shell extension 'dsv' for command environment
[1.613s] INFO:colcon.colcon_core.task.python.build:Building Python package in '/home/maxx/naviguard_ws/src/naviguard_dashboard'
[1.613s] INFO:colcon.colcon_core.shell:Skip shell extension 'powershell' for command environment: Not usable outside of PowerShell
[1.615s] DEBUG:colcon.colcon_core.shell:Skip shell extension 'dsv' for command environment
[2.975s] DEBUG:colcon.colcon_core.task.python.build:Available setuptools commands: build_clib, install, update_catalog, install_scripts, install_headers, editable_wheel, build_scripts, install_data, check, alias, install_egg_info, clean, upload, compile_catalog, build_ext, rotate, easy_install, build_py, egg_info, symlink_data, build, extract_messages, install_lib, bdist_egg, register, saveopts, bdist, init_catalog, bdist_dumb, test, upload_docs, dist_info, sdist, setopt, bdist_wheel, develop, bdist_rpm
[5.948s] DEBUG:colcon.colcon_core.task.python.build:Available setuptools 'develop' options: --egg-path, --no-find-links, --always-unzip, --index-url, --always-copy, --local-snapshots-ok, --uninstall, --install-dir, --upgrade, --editable, --dry-run, --multi-version, --force-installation-into-system-dir, --no-user-cfg, --quiet, --optimize, --record, --script-dir, --site-dirs, --verbose, --install-layout, --user, --find-links, --allow-hosts, --version, --no-deps, --zip-ok, --prefix, --exclude-scripts, --help, --build-directory
[5.951s] DEBUG:colcon.colcon_core.event_handler.log_command:Invoking command in '/home/maxx/naviguard_ws/build/naviguard_dashboard': PYTHONPATH=/home/maxx/naviguard_ws/build/naviguard_dashboard/prefix_override:/home/maxx/.local/lib/python3.12/site-packages/colcon_core/task/python/colcon_distutils_commands:/home/maxx/naviguard_ws/install/naviguard_dashboard/lib/python3.12/site-packages:${PYTHONPATH} /usr/bin/python3 -W ignore:setup.py install is deprecated -W ignore:easy_install command is deprecated setup.py develop --editable --build-directory /home/maxx/naviguard_ws/build/naviguard_dashboard/build --no-deps symlink_data
[7.285s] Level 1:colcon.colcon_core.shell:create_environment_hook('naviguard_dashboard', 'pythonpath_develop')
[7.285s] INFO:colcon.colcon_core.shell:Creating environment hook '/home/maxx/naviguard_ws/build/naviguard_dashboard/share/naviguard_dashboard/hook/pythonpath_develop.ps1'
[7.290s] INFO:colcon.colcon_core.shell:Creating environment descriptor '/home/maxx/naviguard_ws/build/naviguard_dashboard/share/naviguard_dashboard/hook/pythonpath_develop.dsv'
[7.293s] INFO:colcon.colcon_core.shell:Creating environment hook '/home/maxx/naviguard_ws/build/naviguard_dashboard/share/naviguard_dashboard/hook/pythonpath_develop.sh'
[7.291s] DEBUG:colcon.colcon_core.event_handler.log_command:Invoked command in '/home/maxx/naviguard_ws/build/naviguard_dashboard' returned '0': PYTHONPATH=/home/maxx/naviguard_ws/build/naviguard_dashboard/prefix_override:/home/maxx/.local/lib/python3.12/site-packages/colcon_core/task/python/colcon_distutils_commands:/home/maxx/naviguard_ws/install/naviguard_dashboard/lib/python3.12/site-packages:${PYTHONPATH} /usr/bin/python3 -W ignore:setup.py install is deprecated -W ignore:easy_install command is deprecated setup.py develop --editable --build-directory /home/maxx/naviguard_ws/build/naviguard_dashboard/build --no-deps symlink_data
[7.311s] Level 1:colcon.colcon_core.environment:checking '/home/maxx/naviguard_ws/install/naviguard_dashboard' for CMake module files
[7.313s] Level 1:colcon.colcon_core.environment:checking '/home/maxx/naviguard_ws/install/naviguard_dashboard' for CMake config files
[7.315s] Level 1:colcon.colcon_core.environment:checking '/home/maxx/naviguard_ws/install/naviguard_dashboard/lib'
[7.316s] Level 1:colcon.colcon_core.environment:checking '/home/maxx/naviguard_ws/install/naviguard_dashboard/bin'
[7.316s] Level 1:colcon.colcon_core.environment:checking '/home/maxx/naviguard_ws/install/naviguard_dashboard/lib/pkgconfig/naviguard_dashboard.pc'
[7.317s] Level 1:colcon.colcon_core.environment:checking '/home/maxx/naviguard_ws/install/naviguard_dashboard/lib/python3.12/site-packages'
[7.317s] Level 1:colcon.colcon_core.shell:create_environment_hook('naviguard_dashboard', 'pythonpath')
[7.318s] INFO:colcon.colcon_core.shell:Creating environment hook '/home/maxx/naviguard_ws/install/naviguard_dashboard/share/naviguard_dashboard/hook/pythonpath.ps1'
[7.320s] INFO:colcon.colcon_core.shell:Creating environment descriptor '/home/maxx/naviguard_ws/install/naviguard_dashboard/share/naviguard_dashboard/hook/pythonpath.dsv'
[7.322s] INFO:colcon.colcon_core.shell:Creating environment hook '/home/maxx/naviguard_ws/install/naviguard_dashboard/share/naviguard_dashboard/hook/pythonpath.sh'
[7.325s] Level 1:colcon.colcon_core.environment:checking '/home/maxx/naviguard_ws/install/naviguard_dashboard/bin'
[7.325s] Level 1:colcon.colcon_core.environment:create_environment_scripts_only(naviguard_dashboard)
[7.326s] INFO:colcon.colcon_core.shell:Creating package script '/home/maxx/naviguard_ws/install/naviguard_dashboard/share/naviguard_dashboard/package.ps1'
[7.328s] INFO:colcon.colcon_core.shell:Creating package descriptor '/home/maxx/naviguard_ws/install/naviguard_dashboard/share/naviguard_dashboard/package.dsv'
[7.330s] INFO:colcon.colcon_core.shell:Creating package script '/home/maxx/naviguard_ws/install/naviguard_dashboard/share/naviguard_dashboard/package.sh'
[7.332s] INFO:colcon.colcon_core.shell:Creating package script '/home/maxx/naviguard_ws/install/naviguard_dashboard/share/naviguard_dashboard/package.bash'
[7.333s] INFO:colcon.colcon_core.shell:Creating package script '/home/maxx/naviguard_ws/install/naviguard_dashboard/share/naviguard_dashboard/package.zsh'
[7.335s] Level 1:colcon.colcon_core.environment:create_file_with_runtime_dependencies(/home/maxx/naviguard_ws/install/naviguard_dashboard/share/colcon-core/packages/naviguard_dashboard)
[7.337s] DEBUG:colcon.colcon_parallel_executor.executor.parallel:closing loop
[7.340s] DEBUG:colcon.colcon_parallel_executor.executor.parallel:loop closed
[7.340s] DEBUG:colcon.colcon_parallel_executor.executor.parallel:run_until_complete finished with '0'
[7.341s] DEBUG:colcon.colcon_core.event_reactor:joining thread
[7.477s] INFO:colcon.colcon_core.plugin_system:Skipping extension 'colcon_notification.desktop_notification.notify_send': Could not find 'notify-send'
[7.477s] INFO:colcon.colcon_core.plugin_system:Skipping extension 'colcon_notification.desktop_notification.terminal_notifier': Not used on non-Darwin systems
[7.477s] INFO:colcon.colcon_core.plugin_system:Skipping extension 'colcon_notification.desktop_notification.win32': Not used on non-Windows systems
[7.477s] INFO:colcon.colcon_notification.desktop_notification:Sending desktop notification using 'notify2'
[7.480s] DEBUG:colcon.colcon_notification.desktop_notification.notify2:Failed to initialize notify2: org.freedesktop.DBus.Error.ServiceUnknown: The name org.freedesktop.Notifications was not provided by any .service files
[7.480s] DEBUG:colcon.colcon_core.event_reactor:joined thread
[7.481s] INFO:colcon.colcon_core.shell:Creating prefix script '/home/maxx/naviguard_ws/install/local_setup.ps1'
[7.484s] INFO:colcon.colcon_core.shell:Creating prefix util module '/home/maxx/naviguard_ws/install/_local_setup_util_ps1.py'
[7.487s] INFO:colcon.colcon_core.shell:Creating prefix chain script '/home/maxx/naviguard_ws/install/setup.ps1'
[7.491s] INFO:colcon.colcon_core.shell:Creating prefix script '/home/maxx/naviguard_ws/install/local_setup.sh'
[7.492s] INFO:colcon.colcon_core.shell:Creating prefix util module '/home/maxx/naviguard_ws/install/_local_setup_util_sh.py'
[7.494s] INFO:colcon.colcon_core.shell:Creating prefix chain script '/home/maxx/naviguard_ws/install/setup.sh'
[7.497s] INFO:colcon.colcon_core.shell:Creating prefix script '/home/maxx/naviguard_ws/install/local_setup.bash'
[7.499s] INFO:colcon.colcon_core.shell:Creating prefix chain script '/home/maxx/naviguard_ws/install/setup.bash'
[7.501s] INFO:colcon.colcon_core.shell:Creating prefix script '/home/maxx/naviguard_ws/install/local_setup.zsh'
[7.503s] INFO:colcon.colcon_core.shell:Creating prefix chain script '/home/maxx/naviguard_ws/install/setup.zsh'
