running develop
running egg_info
creating naviguard_dashboard.egg-info
writing naviguard_dashboard.egg-info/PKG-INFO
writing dependency_links to naviguard_dashboard.egg-info/dependency_links.txt
writing entry points to naviguard_dashboard.egg-info/entry_points.txt
writing requirements to naviguard_dashboard.egg-info/requires.txt
writing top-level names to naviguard_dashboard.egg-info/top_level.txt
writing manifest file 'naviguard_dashboard.egg-info/SOURCES.txt'
reading manifest file 'naviguard_dashboard.egg-info/SOURCES.txt'
writing manifest file 'naviguard_dashboard.egg-info/SOURCES.txt'
running build_ext
Creating /home/maxx/naviguard_ws/install/naviguard_dashboard/lib/python3.12/site-packages/naviguard-dashboard.egg-link (link to .)
Installing dashboard_node script to /home/maxx/naviguard_ws/install/naviguard_dashboard/lib/naviguard_dashboard

Installed /home/maxx/naviguard_ws/build/naviguard_dashboard
running symlink_data
creating /home/maxx/naviguard_ws/install/naviguard_dashboard/share
creating /home/maxx/naviguard_ws/install/naviguard_dashboard/share/ament_index
creating /home/maxx/naviguard_ws/install/naviguard_dashboard/share/ament_index/resource_index
creating /home/maxx/naviguard_ws/install/naviguard_dashboard/share/ament_index/resource_index/packages
symbolically linking /home/maxx/naviguard_ws/build/naviguard_dashboard/resource/naviguard_dashboard -> /home/maxx/naviguard_ws/install/naviguard_dashboard/share/ament_index/resource_index/packages
creating /home/maxx/naviguard_ws/install/naviguard_dashboard/share/naviguard_dashboard
symbolically linking /home/maxx/naviguard_ws/build/naviguard_dashboard/package.xml -> /home/maxx/naviguard_ws/install/naviguard_dashboard/share/naviguard_dashboard
creating /home/maxx/naviguard_ws/install/naviguard_dashboard/share/naviguard_dashboard/launch
symbolically linking /home/maxx/naviguard_ws/build/naviguard_dashboard/launch/dashboard.launch.py -> /home/maxx/naviguard_ws/install/naviguard_dashboard/share/naviguard_dashboard/launch
creating /home/maxx/naviguard_ws/install/naviguard_dashboard/share/naviguard_dashboard/config
symbolically linking /home/maxx/naviguard_ws/build/naviguard_dashboard/config/dashboard_params.yaml -> /home/maxx/naviguard_ws/install/naviguard_dashboard/share/naviguard_dashboard/config
creating /home/maxx/naviguard_ws/install/naviguard_dashboard/share/naviguard_dashboard/static
symbolically linking /home/maxx/naviguard_ws/build/naviguard_dashboard/naviguard_dashboard/static/index.html -> /home/maxx/naviguard_ws/install/naviguard_dashboard/share/naviguard_dashboard/static
