running develop
running egg_info
creating naviguard_navigation.egg-info
writing naviguard_navigation.egg-info/PKG-INFO
writing dependency_links to naviguard_navigation.egg-info/dependency_links.txt
writing entry points to naviguard_navigation.egg-info/entry_points.txt
writing requirements to naviguard_navigation.egg-info/requires.txt
writing top-level names to naviguard_navigation.egg-info/top_level.txt
writing manifest file 'naviguard_navigation.egg-info/SOURCES.txt'
reading manifest file 'naviguard_navigation.egg-info/SOURCES.txt'
writing manifest file 'naviguard_navigation.egg-info/SOURCES.txt'
running build_ext
Creating /home/maxx/naviguard_ws/install/naviguard_navigation/lib/python3.12/site-packages/naviguard-navigation.egg-link (link to .)
Installing navigation_node script to /home/maxx/naviguard_ws/install/naviguard_navigation/lib/naviguard_navigation

Installed /home/maxx/naviguard_ws/build/naviguard_navigation
running symlink_data
creating /home/maxx/naviguard_ws/install/naviguard_navigation/share/ament_index
creating /home/maxx/naviguard_ws/install/naviguard_navigation/share/ament_index/resource_index
creating /home/maxx/naviguard_ws/install/naviguard_navigation/share/ament_index/resource_index/packages
symbolically linking /home/maxx/naviguard_ws/build/naviguard_navigation/resource/naviguard_navigation -> /home/maxx/naviguard_ws/install/naviguard_navigation/share/ament_index/resource_index/packages
symbolically linking /home/maxx/naviguard_ws/build/naviguard_navigation/package.xml -> /home/maxx/naviguard_ws/install/naviguard_navigation/share/naviguard_navigation
creating /home/maxx/naviguard_ws/install/naviguard_navigation/share/naviguard_navigation/launch
symbolically linking /home/maxx/naviguard_ws/build/naviguard_navigation/launch/navigation.launch.py -> /home/maxx/naviguard_ws/install/naviguard_navigation/share/naviguard_navigation/launch
creating /home/maxx/naviguard_ws/install/naviguard_navigation/share/naviguard_navigation/config
symbolically linking /home/maxx/naviguard_ws/build/naviguard_navigation/config/navigation_params.yaml -> /home/maxx/naviguard_ws/install/naviguard_navigation/share/naviguard_navigation/config
symbolically linking /home/maxx/naviguard_ws/build/naviguard_navigation/config/navigation_view.rviz -> /home/maxx/naviguard_ws/install/naviguard_navigation/share/naviguard_navigation/config
