[0.808s] Invoking command in '/home/maxx/naviguard_ws/build/naviguard_navigation': PYTHONPATH=/home/maxx/naviguard_ws/build/naviguard_navigation/prefix_override:/home/maxx/.local/lib/python3.12/site-packages/colcon_core/task/python/colcon_distutils_commands:/home/maxx/naviguard_ws/install/naviguard_navigation/lib/python3.12/site-packages:${PYTHONPATH} /usr/bin/python3 -W ignore:setup.py install is deprecated -W ignore:easy_install command is deprecated setup.py develop --editable --build-directory /home/maxx/naviguard_ws/build/naviguard_navigation/build --no-deps symlink_data
[1.018s] running develop
[1.129s] running egg_info
[1.129s] creating naviguard_navigation.egg-info
[1.139s] writing naviguard_navigation.egg-info/PKG-INFO
[1.139s] writing dependency_links to naviguard_navigation.egg-info/dependency_links.txt
[1.140s] writing entry points to naviguard_navigation.egg-info/entry_points.txt
[1.140s] writing requirements to naviguard_navigation.egg-info/requires.txt
[1.140s] writing top-level names to naviguard_navigation.egg-info/top_level.txt
[1.140s] writing manifest file 'naviguard_navigation.egg-info/SOURCES.txt'
[1.161s] reading manifest file 'naviguard_navigation.egg-info/SOURCES.txt'
[1.162s] writing manifest file 'naviguard_navigation.egg-info/SOURCES.txt'
[1.173s] running build_ext
[1.173s] Creating /home/maxx/naviguard_ws/install/naviguard_navigation/lib/python3.12/site-packages/naviguard-navigation.egg-link (link to .)
[1.173s] Installing navigation_node script to /home/maxx/naviguard_ws/install/naviguard_navigation/lib/naviguard_navigation
[1.174s] 
[1.174s] Installed /home/maxx/naviguard_ws/build/naviguard_navigation
[1.174s] running symlink_data
[1.174s] creating /home/maxx/naviguard_ws/install/naviguard_navigation/share/ament_index
[1.174s] creating /home/maxx/naviguard_ws/install/naviguard_navigation/share/ament_index/resource_index
[1.174s] creating /home/maxx/naviguard_ws/install/naviguard_navigation/share/ament_index/resource_index/packages
[1.174s] symbolically linking /home/maxx/naviguard_ws/build/naviguard_navigation/resource/naviguard_navigation -> /home/maxx/naviguard_ws/install/naviguard_navigation/share/ament_index/resource_index/packages
[1.175s] symbolically linking /home/maxx/naviguard_ws/build/naviguard_navigation/package.xml -> /home/maxx/naviguard_ws/install/naviguard_navigation/share/naviguard_navigation
[1.175s] creating /home/maxx/naviguard_ws/install/naviguard_navigation/share/naviguard_navigation/launch
[1.175s] symbolically linking /home/maxx/naviguard_ws/build/naviguard_navigation/launch/navigation.launch.py -> /home/maxx/naviguard_ws/install/naviguard_navigation/share/naviguard_navigation/launch
[1.175s] creating /home/maxx/naviguard_ws/install/naviguard_navigation/share/naviguard_navigation/config
[1.175s] symbolically linking /home/maxx/naviguard_ws/build/naviguard_navigation/config/navigation_params.yaml -> /home/maxx/naviguard_ws/install/naviguard_navigation/share/naviguard_navigation/config
[1.175s] symbolically linking /home/maxx/naviguard_ws/build/naviguard_navigation/config/navigation_view.rviz -> /home/maxx/naviguard_ws/install/naviguard_navigation/share/naviguard_navigation/config
[1.198s] Invoked command in '/home/maxx/naviguard_ws/build/naviguard_navigation' returned '0': PYTHONPATH=/home/maxx/naviguard_ws/build/naviguard_navigation/prefix_override:/home/maxx/.local/lib/python3.12/site-packages/colcon_core/task/python/colcon_distutils_commands:/home/maxx/naviguard_ws/install/naviguard_navigation/lib/python3.12/site-packages:${PYTHONPATH} /usr/bin/python3 -W ignore:setup.py install is deprecated -W ignore:easy_install command is deprecated setup.py develop --editable --build-directory /home/maxx/naviguard_ws/build/naviguard_navigation/build --no-deps symlink_data
