[INFO] [launch]: All log files can be found below /home/maxx/.ros/log/2026-09-13-08-49-18-494806-Agni-59284
[INFO] [launch]: Default logging verbosity is set to INFO
[INFO] [robot_state_publisher-1]: process started with pid [59292]
[INFO] [gazebo-2]: process started with pid [59293]
[INFO] [create-3]: process started with pid [59294]
[INFO] [parameter_bridge-4]: process started with pid [59296]
[INFO] [naviguard_perception_node-5]: process started with pid [59297]
[INFO] [visual_odometry_node-6]: process started with pid [59298]
[INFO] [sensor_sync_node-7]: process started with pid [59299]
[INFO] [state_estimation_node-8]: process started with pid [59300]
[INFO] [slam_node-9]: process started with pid [59301]
[INFO] [confidence_node-10]: process started with pid [59302]
[INFO] [recovery_node-11]: process started with pid [59305]
[INFO] [navigation_node-12]: process started with pid [59306]
[INFO] [dashboard_node-13]: process started with pid [59309]
[robot_state_publisher-1] [WARN] [1789289358.805689976] [kdl_parser]: The root link base_link has an inertia specified in the URDF, but KDL does not support a root link with an inertia.  As a workaround, you can add an extra dummy link to your URDF.
[robot_state_publisher-1] [INFO] [1789289358.806018202] [robot_state_publisher]: Robot initialized
[create-3] [INFO] [1789289358.836685143] [ros_gz_sim]: Requesting list of world names.
[create-3] [INFO] [1789289359.458036575] [ros_gz_sim]: Waiting messages on topic [robot_description].
[create-3] [INFO] [1789289359.471099810] [ros_gz_sim]: Entity creation successful.
[confidence_node-10] [INFO] [1789289359.573582341] [confidence_node]: NaviguardConfidenceNode initialized at 10.0 Hz. Thresholds: CONTINUE>=0.75, VERIFY<0.65, RECOVER<0.35
[state_estimation_node-8] [INFO] [1789289359.578389146] [state_estimation_node]: StateEstimationNode started. Publishing at 20.0 Hz. publish_tf=False, odom_frame=odom, base_frame=base_link
[sensor_sync_node-7] [INFO] [1789289359.592400598] [sensor_sync_node]: SensorSyncNode initialized:
[sensor_sync_node-7]   Camera Image:    /camera/image_raw (Expected: 30.0 Hz)
[sensor_sync_node-7]   Camera Info:     /camera/camera_info (Expected: 30.0 Hz)
[sensor_sync_node-7]   IMU:             /imu (Expected: 100.0 Hz)
[sensor_sync_node-7]   Odometry:        /odom (Expected: 50.0 Hz)
[sensor_sync_node-7]   Sync Tolerance:  20.0 ms
[sensor_sync_node-7]   Diagnostics:     /sensor_sync/diagnostics
[INFO] [create-3]: process has finished cleanly [pid 59294]
[recovery_node-11] [INFO] [1789289359.628046623] [recovery_node]: NaviguardRecoveryNode initialized at 10.0 Hz. Max attempts: 3, Safe stop dwell: 0.50s
[navigation_node-12] [INFO] [1789289359.649085068] [navigation_node]: Navigation Node initialized: rate=10.0Hz, v_max=0.25m/s, w_max=0.35rad/s, R_inflate=0.5m
[naviguard_perception_node-5] [INFO] [1789289359.704027735] [naviguard_perception_node]: NAVIGUARD Perception Node initialized.
[naviguard_perception_node-5]   Subscribing: /camera/image_raw (sensor_data QoS)
[naviguard_perception_node-5]   Subscribing: /camera/camera_info (sensor_data QoS)
[naviguard_perception_node-5]   Publishing:  /perception/debug_image
[naviguard_perception_node-5]   Publishing:  /perception/segmentation
[naviguard_perception_node-5]   Display Mode: overlay
[visual_odometry_node-6] [INFO] [1789289359.802170297] [visual_odometry_node]: VisualOdometryNode initialized:
[visual_odometry_node-6]   Subscribing image:       /camera/image_raw (Best-Effort)
[visual_odometry_node-6]   Subscribing camera_info: /camera/camera_info (Best-Effort)
[visual_odometry_node-6]   Subscribing odom:        /odom (Reliable)
[visual_odometry_node-6]   Publishing debug image:  /visual_odometry/debug_image
[visual_odometry_node-6]   Publishing telemetry:    /visual_odometry/telemetry
[visual_odometry_node-6]   Max features:            200
[visual_odometry_node-6]   FB error threshold:      1.0 px
[visual_odometry_node-6]   Geom RANSAC thresh:      1.0 px
[visual_odometry_node-6]   Scale Mode:              STRICT MONOCULAR UNIT-SCALE (UNKNOWN)
[parameter_bridge-4] [INFO] [1789289359.806344211] [ros_gz_bridge]: Creating GZ->ROS Bridge: [/clock (gz.msgs.Clock) -> /clock (rosgraph_msgs/msg/Clock)] (Lazy 0)
[parameter_bridge-4] [INFO] [1789289359.808462983] [ros_gz_bridge]: Creating ROS->GZ Bridge: [/cmd_vel (geometry_msgs/msg/Twist) -> /cmd_vel (gz.msgs.Twist)] (Lazy 0)
[parameter_bridge-4] [INFO] [1789289359.810668178] [ros_gz_bridge]: Creating GZ->ROS Bridge: [/odom (gz.msgs.Odometry) -> /odom (nav_msgs/msg/Odometry)] (Lazy 0)
[parameter_bridge-4] [INFO] [1789289359.813200623] [ros_gz_bridge]: Creating GZ->ROS Bridge: [/tf (gz.msgs.Pose_V) -> /tf (tf2_msgs/msg/TFMessage)] (Lazy 0)
[parameter_bridge-4] [INFO] [1789289359.815835753] [ros_gz_bridge]: Creating GZ->ROS Bridge: [/joint_states (gz.msgs.Model) -> /joint_states (sensor_msgs/msg/JointState)] (Lazy 0)
[parameter_bridge-4] [INFO] [1789289359.817754410] [ros_gz_bridge]: Creating GZ->ROS Bridge: [/imu (gz.msgs.IMU) -> /imu (sensor_msgs/msg/Imu)] (Lazy 0)
[parameter_bridge-4] [INFO] [1789289359.818791919] [ros_gz_bridge]: Creating GZ->ROS Bridge: [/camera/image_raw (gz.msgs.Image) -> /camera/image_raw (sensor_msgs/msg/Image)] (Lazy 0)
[parameter_bridge-4] [INFO] [1789289359.820297049] [ros_gz_bridge]: Creating GZ->ROS Bridge: [/camera/camera_info (gz.msgs.CameraInfo) -> /camera/camera_info (sensor_msgs/msg/CameraInfo)] (Lazy 0)
[parameter_bridge-4] [INFO] [1789289359.821576434] [ros_gz_bridge]: Creating GZ->ROS Bridge: [/camera/chase_image (gz.msgs.Image) -> /camera/chase_image (sensor_msgs/msg/Image)] (Lazy 0)
[dashboard_node-13] [INFO] [1789289359.845827559] [dashboard_node]: NAVIGUARD Operator Dashboard running at http://0.0.0.0:8080 (Static: /home/maxx/naviguard_ws/install/naviguard_dashboard/share/naviguard_dashboard/static)
[slam_node-9] [INFO] [1789289359.981229932] [slam_node]: NaviguardSlamNode started in mode='mapping'. map_frame=map, odom_frame=odom, publish_tf=True
[gazebo-2] [1;33mWarning [parser_urdf.cc:1220][0m Attribute value string not set
[gazebo-2] [1;33mWarning [parser_urdf.cc:1220][0m Attribute value string not set
[gazebo-2] [1;33mWarning [parser_urdf.cc:1220][0m Attribute value string not set
[gazebo-2] [1;33mWarning [parser_urdf.cc:1220][0m Attribute value string not set
[gazebo-2] [1;33mWarning [parser_urdf.cc:1220][0m Attribute value string not set
[gazebo-2] [1;33mWarning [parser_urdf.cc:1220][0m Attribute value string not set
[gazebo-2] [1;33mWarning [parser_urdf.cc:1220][0m Attribute value string not set
[slam_node-9] [INFO] [1789289361.470067893] [slam_node]: Camera intrinsics received: fx=381.4, fy=381.4, cx=320.0, cy=240.0
[visual_odometry_node-6] [INFO] [1789289362.480630390] [visual_odometry_node]: Camera intrinsics received: fx=381.36, fy=381.36, cx=320.00, cy=240.00 [640x480]
[naviguard_perception_node-5] [INFO] [1789289362.482252873] [naviguard_perception_node]: Camera calibration received on naviguard/camera_link/naviguard_camera:
[naviguard_perception_node-5]   Resolution: 640x480
[naviguard_perception_node-5]   Intrinsics: fx=381.36, fy=381.36, cx=320.00, cy=240.00
[visual_odometry_node-6] [INFO] [1789289362.735642370] [visual_odometry_node]: [VO Frame #0004] Tracks:  75/ 75 | flow dx=+0.00 dy=+0.00 px | 13.4 FPS (8.2ms) | ref_odom vx=+0.00m/s wz=+0.00r/s | Geom: DEGENERATE_SMALL_BASELINE (75 inl) | yaw=+0.0deg | t=[+0.00, +0.00, +0.00] (scale: UNKNOWN)
[visual_odometry_node-6] [INFO] [1789289365.736780777] [visual_odometry_node]: [VO Frame #0045] Tracks:  75/ 75 | flow dx=+0.00 dy=+0.00 px | 14.8 FPS (5.8ms) | ref_odom vx=+0.00m/s wz=-0.00r/s | Geom: DEGENERATE_SMALL_BASELINE (75 inl) | yaw=+0.0deg | t=[+0.00, +0.00, +0.00] (scale: UNKNOWN)
[naviguard_perception_node-5] [INFO] [1789289367.174679791] [naviguard_perception_node]: NAVIGUARD Perception Performance: Total=60 | Processed=60 | Dropped=0 | Input: 13.1 FPS | Latency: 9.1 ms | Capacity: 109.7 FPS
[visual_odometry_node-6] [INFO] [1789289368.961518615] [visual_odometry_node]: [VO Frame #0071] Tracks:  75/ 75 | flow dx=+0.00 dy=+0.00 px | 11.6 FPS (10.7ms) | ref_odom vx=+0.00m/s wz=-0.00r/s | Geom: DEGENERATE_SMALL_BASELINE (75 inl) | yaw=+0.0deg | t=[+0.00, +0.00, +0.00] (scale: UNKNOWN)
[visual_odometry_node-6] [INFO] [1789289372.356834416] [visual_odometry_node]: [VO Frame #0096] Tracks:  75/ 75 | flow dx=+0.00 dy=+0.00 px | 9.3 FPS (16.8ms) | ref_odom vx=+0.00m/s wz=+0.00r/s | Geom: DEGENERATE_SMALL_BASELINE (75 inl) | yaw=+0.0deg | t=[+0.00, +0.00, +0.00] (scale: UNKNOWN)
[sensor_sync_node-7] [INFO] [1789289372.841066005] [sensor_sync_node]: 
[sensor_sync_node-7] ==================== [NAVIGUARD PHASE 5A SENSOR SYNC REPORT] ====================
[sensor_sync_node-7]   OVERALL STATUS: [WARNING]
[sensor_sync_node-7]   1. SENSORS & RATES:
[sensor_sync_node-7]      - Camera (/camera/image_raw):   21.6 Hz (Period: 46.3±28.8ms, Mono: True, Gaps: 8)
[sensor_sync_node-7]      - IMU (/imu):                  100.0 Hz (Period: 10.0± 0.0ms, Mono: True, Gaps: 1)
[sensor_sync_node-7]      - Odometry (/odom):             50.0 Hz (Period: 20.0± 0.0ms, Mono: True, Gaps: 1)
[sensor_sync_node-7]   2. CROSS-SENSOR SYNCHRONIZATION (Tolerance: 20.0ms):
[sensor_sync_node-7]      - Camera <-> IMU:     Median= 4.0ms, Mean=96.7ms, Max=468.0ms [ 66.7% in tol]
[sensor_sync_node-7]      - Camera <-> Odometry: Median= 8.0ms, Mean=74.3ms, Max=492.0ms [ 72.3% in tol]
[sensor_sync_node-7]      - IMU <-> Odometry:    Median= 5.0ms, Mean= 5.0ms, Max=10.0ms [100.0% in tol]
[sensor_sync_node-7]   3. TF & FRAME VALIDATION:
[sensor_sync_node-7]      - Hierarchy Status:    [OK] (All required frames available: True)
[sensor_sync_node-7]      - Optical Convention:  [VALID (REP-103)]
[sensor_sync_node-7]   4. INTRINSIC & FIELD VALIDATIONS:
[sensor_sync_node-7]      - Camera Calibration:  [OK] (fx=381.4, fy=381.4, cx=320.0, cy=240.0)
[sensor_sync_node-7]      - IMU Validation:      [AVAILABLE] (Angular Vel: 0.000 rad/s, Accel: 9.80 m/s²)
[sensor_sync_node-7]      - Odometry Validation: [OK] ('odom' -> 'base_link')
[sensor_sync_node-7] ==================================================================================
[visual_odometry_node-6] [INFO] [1789289375.339532370] [visual_odometry_node]: [VO Frame #0119] Tracks:  75/ 75 | flow dx=+0.00 dy=+0.00 px | 10.9 FPS (5.3ms) | ref_odom vx=+0.00m/s wz=+0.00r/s | Geom: DEGENERATE_SMALL_BASELINE (75 inl) | yaw=+0.0deg | t=[+0.00, +0.00, +0.00] (scale: UNKNOWN)
[naviguard_perception_node-5] [INFO] [1789289375.490911782] [naviguard_perception_node]: NAVIGUARD Perception Performance: Total=113 | Processed=113 | Dropped=0 | Input: 6.8 FPS | Latency: 11.9 ms | Capacity: 84.2 FPS
[visual_odometry_node-6] [INFO] [1789289378.558739853] [visual_odometry_node]: [VO Frame #0149] Tracks:  75/ 75 | flow dx=+0.00 dy=+0.00 px | 11.1 FPS (8.3ms) | ref_odom vx=-0.00m/s wz=+0.00r/s | Geom: DEGENERATE_SMALL_BASELINE (75 inl) | yaw=+0.0deg | t=[+0.00, +0.00, +0.00] (scale: UNKNOWN)
[parameter_bridge-4] [INFO] [1789289378.719511116] [ros_gz_bridge]: Passing message from ROS geometry_msgs/msg/Twist to Gazebo gz.msgs.Twist (showing msg only once per type)
[visual_odometry_node-6] [INFO] [1789289381.621736498] [visual_odometry_node]: [VO Frame #0188] Tracks:  75/ 75 | flow dx=+0.00 dy=+0.00 px | 14.1 FPS (7.6ms) | ref_odom vx=+0.00m/s wz=+0.00r/s | Geom: DEGENERATE_SMALL_BASELINE (75 inl) | yaw=+0.0deg | t=[+0.00, +0.00, +0.00] (scale: UNKNOWN)
[naviguard_perception_node-5] [INFO] [1789289381.902084565] [naviguard_perception_node]: NAVIGUARD Perception Performance: Total=184 | Processed=184 | Dropped=0 | Input: 12.6 FPS | Latency: 9.2 ms | Capacity: 108.6 FPS
[sensor_sync_node-7] [INFO] [1789289384.160632278] [sensor_sync_node]: 
[sensor_sync_node-7] ==================== [NAVIGUARD PHASE 5A SENSOR SYNC REPORT] ====================
[sensor_sync_node-7]   OVERALL STATUS: [WARNING]
[sensor_sync_node-7]   1. SENSORS & RATES:
[sensor_sync_node-7]      - Camera (/camera/image_raw):   24.2 Hz (Period: 41.3±19.6ms, Mono: True, Gaps: 14)
[sensor_sync_node-7]      - IMU (/imu):                  100.0 Hz (Period: 10.0± 0.0ms, Mono: True, Gaps: 1)
[sensor_sync_node-7]      - Odometry (/odom):             50.0 Hz (Period: 20.0± 0.0ms, Mono: True, Gaps: 1)
[sensor_sync_node-7]   2. CROSS-SENSOR SYNCHRONIZATION (Tolerance: 20.0ms):
[sensor_sync_node-7]      - Camera <-> IMU:     Median= 4.0ms, Mean=69.4ms, Max=486.0ms [ 70.3% in tol]
[sensor_sync_node-7]      - Camera <-> Odometry: Median= 6.0ms, Mean=53.4ms, Max=476.0ms [ 81.2% in tol]
[sensor_sync_node-7]      - IMU <-> Odometry:    Median= 5.0ms, Mean= 5.0ms, Max=10.0ms [100.0% in tol]
[sensor_sync_node-7]   3. TF & FRAME VALIDATION:
[sensor_sync_node-7]      - Hierarchy Status:    [OK] (All required frames available: True)
[sensor_sync_node-7]      - Optical Convention:  [VALID (REP-103)]
[sensor_sync_node-7]   4. INTRINSIC & FIELD VALIDATIONS:
[sensor_sync_node-7]      - Camera Calibration:  [OK] (fx=381.4, fy=381.4, cx=320.0, cy=240.0)
[sensor_sync_node-7]      - IMU Validation:      [AVAILABLE] (Angular Vel: 0.000 rad/s, Accel: 9.80 m/s²)
[sensor_sync_node-7]      - Odometry Validation: [OK] ('odom' -> 'base_link')
[sensor_sync_node-7] ==================================================================================
[visual_odometry_node-6] [INFO] [1789289384.718255292] [visual_odometry_node]: [VO Frame #0224] Tracks:  75/ 75 | flow dx=+0.00 dy=+0.00 px | 12.2 FPS (7.6ms) | ref_odom vx=+0.00m/s wz=+0.00r/s | Geom: DEGENERATE_SMALL_BASELINE (75 inl) | yaw=+0.0deg | t=[+0.00, +0.00, +0.00] (scale: UNKNOWN)
[visual_odometry_node-6] [INFO] [1789289387.793154169] [visual_odometry_node]: [VO Frame #0249] Tracks:  75/ 75 | flow dx=+0.00 dy=+0.00 px | 10.4 FPS (5.7ms) | ref_odom vx=+0.00m/s wz=+0.00r/s | Geom: DEGENERATE_SMALL_BASELINE (75 inl) | yaw=+0.0deg | t=[+0.00, +0.00, +0.00] (scale: UNKNOWN)
[visual_odometry_node-6] [INFO] [1789289390.812000535] [visual_odometry_node]: [VO Frame #0259] Tracks:  75/ 75 | flow dx=+0.00 dy=+0.00 px | 11.0 FPS (7.5ms) | ref_odom vx=+0.00m/s wz=+0.00r/s | Geom: DEGENERATE_SMALL_BASELINE (75 inl) | yaw=+0.0deg | t=[+0.00, +0.00, +0.00] (scale: UNKNOWN)
[naviguard_perception_node-5] [INFO] [1789289391.163752536] [naviguard_perception_node]: NAVIGUARD Perception Performance: Total=248 | Processed=248 | Dropped=0 | Input: 8.3 FPS | Latency: 11.6 ms | Capacity: 86.3 FPS
[visual_odometry_node-6] [INFO] [1789289393.912204269] [visual_odometry_node]: [VO Frame #0294] Tracks:  75/ 75 | flow dx=+0.00 dy=+0.00 px | 13.9 FPS (11.5ms) | ref_odom vx=+0.00m/s wz=+0.00r/s | Geom: DEGENERATE_SMALL_BASELINE (75 inl) | yaw=+0.0deg | t=[+0.00, +0.00, +0.00] (scale: UNKNOWN)
[visual_odometry_node-6] [INFO] [1789289397.195169120] [visual_odometry_node]: [VO Frame #0329] Tracks:  75/ 75 | flow dx=+0.00 dy=+0.00 px | 12.5 FPS (6.4ms) | ref_odom vx=+0.00m/s wz=-0.00r/s | Geom: DEGENERATE_SMALL_BASELINE (75 inl) | yaw=+0.0deg | t=[+0.00, +0.00, +0.00] (scale: UNKNOWN)
[sensor_sync_node-7] [INFO] [1789289397.367486523] [sensor_sync_node]: 
[sensor_sync_node-7] ==================== [NAVIGUARD PHASE 5A SENSOR SYNC REPORT] ====================
[sensor_sync_node-7]   OVERALL STATUS: [WARNING]
[sensor_sync_node-7]   1. SENSORS & RATES:
[sensor_sync_node-7]      - Camera (/camera/image_raw):   22.7 Hz (Period: 44.0±21.5ms, Mono: True, Gaps: 24)
[sensor_sync_node-7]      - IMU (/imu):                  100.0 Hz (Period: 10.0± 0.0ms, Mono: True, Gaps: 1)
[sensor_sync_node-7]      - Odometry (/odom):             50.0 Hz (Period: 20.0± 0.0ms, Mono: True, Gaps: 1)
[sensor_sync_node-7]   2. CROSS-SENSOR SYNCHRONIZATION (Tolerance: 20.0ms):
[sensor_sync_node-7]      - Camera <-> IMU:     Median= 4.0ms, Mean=92.5ms, Max=470.0ms [ 67.6% in tol]
[sensor_sync_node-7]      - Camera <-> Odometry: Median= 6.0ms, Mean=60.3ms, Max=492.0ms [ 80.3% in tol]
[sensor_sync_node-7]      - IMU <-> Odometry:    Median= 5.0ms, Mean= 5.0ms, Max=10.0ms [100.0% in tol]
[sensor_sync_node-7]   3. TF & FRAME VALIDATION:
[sensor_sync_node-7]      - Hierarchy Status:    [OK] (All required frames available: True)
[sensor_sync_node-7]      - Optical Convention:  [VALID (REP-103)]
[sensor_sync_node-7]   4. INTRINSIC & FIELD VALIDATIONS:
[sensor_sync_node-7]      - Camera Calibration:  [OK] (fx=381.4, fy=381.4, cx=320.0, cy=240.0)
[sensor_sync_node-7]      - IMU Validation:      [AVAILABLE] (Angular Vel: 0.000 rad/s, Accel: 9.80 m/s²)
[sensor_sync_node-7]      - Odometry Validation: [OK] ('odom' -> 'base_link')
[sensor_sync_node-7] ==================================================================================
[naviguard_perception_node-5] [INFO] [1789289397.371401897] [naviguard_perception_node]: NAVIGUARD Perception Performance: Total=319 | Processed=319 | Dropped=0 | Input: 11.4 FPS | Latency: 10.5 ms | Capacity: 95.0 FPS
[visual_odometry_node-6] [INFO] [1789289400.347639877] [visual_odometry_node]: [VO Frame #0358] Tracks:  75/ 75 | flow dx=+0.00 dy=+0.00 px | 11.2 FPS (11.2ms) | ref_odom vx=+0.00m/s wz=+0.00r/s | Geom: DEGENERATE_SMALL_BASELINE (75 inl) | yaw=+0.0deg | t=[+0.00, +0.00, +0.00] (scale: UNKNOWN)
[navigation_node-12] [INFO] [1789289401.070441341] [navigation_node]: New navigation goal received: (2.50, 0.00)
[dashboard_node-13] [INFO] [1789289401.070769128] [dashboard_node]: Operator published goal to /goal_pose and /navigation/set_goal: X=2.50m, Y=0.00m
[navigation_node-12] [INFO] [1789289401.073504086] [navigation_node]: New navigation goal received: (2.50, 0.00)
[visual_odometry_node-6] [INFO] [1789289403.360272104] [visual_odometry_node]: [VO Frame #0384] Tracks:  71/ 73 | flow dx=+0.00 dy=-0.02 px | 11.0 FPS (5.8ms) | ref_odom vx=+0.25m/s wz=-0.00r/s | Geom: DEGENERATE_SMALL_BASELINE (71 inl) | yaw=+0.0deg | t=[+0.00, +0.00, +0.00] (scale: UNKNOWN)
[naviguard_perception_node-5] [INFO] [1789289404.633790099] [naviguard_perception_node]: NAVIGUARD Perception Performance: Total=379 | Processed=379 | Dropped=0 | Input: 8.0 FPS | Latency: 11.5 ms | Capacity: 86.8 FPS
[visual_odometry_node-6] [INFO] [1789289406.419928898] [visual_odometry_node]: [VO Frame #0403] Tracks:  83/ 88 | flow dx=-0.00 dy=+0.01 px | 8.5 FPS (44.2ms) | ref_odom vx=+0.25m/s wz=+0.00r/s | Geom: DEGENERATE_SMALL_BASELINE (83 inl) | yaw=+0.0deg | t=[+0.00, +0.00, +0.00] (scale: UNKNOWN)
[visual_odometry_node-6] [INFO] [1789289409.407520367] [visual_odometry_node]: [VO Frame #0426] Tracks:  77/ 81 | flow dx=+0.00 dy=-0.00 px | 9.4 FPS (8.4ms) | ref_odom vx=+0.25m/s wz=+0.00r/s | Geom: DEGENERATE_SMALL_BASELINE (77 inl) | yaw=+0.0deg | t=[+0.00, +0.00, +0.00] (scale: UNKNOWN)
[sensor_sync_node-7] [INFO] [1789289409.964497322] [sensor_sync_node]: 
[sensor_sync_node-7] ==================== [NAVIGUARD PHASE 5A SENSOR SYNC REPORT] ====================
[sensor_sync_node-7]   OVERALL STATUS: [WARNING]
[sensor_sync_node-7]   1. SENSORS & RATES:
[sensor_sync_node-7]      - Camera (/camera/image_raw):   19.9 Hz (Period: 50.3±30.1ms, Mono: True, Gaps: 35)
[sensor_sync_node-7]      - IMU (/imu):                  100.0 Hz (Period: 10.0± 0.0ms, Mono: True, Gaps: 1)
[sensor_sync_node-7]      - Odometry (/odom):             50.0 Hz (Period: 20.0± 0.0ms, Mono: True, Gaps: 1)
[sensor_sync_node-7]   2. CROSS-SENSOR SYNCHRONIZATION (Tolerance: 20.0ms):
[sensor_sync_node-7]      - Camera <-> IMU:     Median= 4.0ms, Mean=96.7ms, Max=496.0ms [ 70.0% in tol]
[sensor_sync_node-7]      - Camera <-> Odometry: Median= 6.0ms, Mean=72.5ms, Max=496.0ms [ 78.7% in tol]
[sensor_sync_node-7]      - IMU <-> Odometry:    Median= 5.0ms, Mean= 5.0ms, Max=10.0ms [100.0% in tol]
[sensor_sync_node-7]   3. TF & FRAME VALIDATION:
[sensor_sync_node-7]      - Hierarchy Status:    [OK] (All required frames available: True)
[sensor_sync_node-7]      - Optical Convention:  [VALID (REP-103)]
[sensor_sync_node-7]   4. INTRINSIC & FIELD VALIDATIONS:
[sensor_sync_node-7]      - Camera Calibration:  [OK] (fx=381.4, fy=381.4, cx=320.0, cy=240.0)
[sensor_sync_node-7]      - IMU Validation:      [AVAILABLE] (Angular Vel: 0.000 rad/s, Accel: 9.81 m/s²)
[sensor_sync_node-7]      - Odometry Validation: [OK] ('odom' -> 'base_link')
[sensor_sync_node-7] ==================================================================================
[naviguard_perception_node-5] [INFO] [1789289411.865489086] [naviguard_perception_node]: NAVIGUARD Perception Performance: Total=438 | Processed=438 | Dropped=0 | Input: 10.2 FPS | Latency: 9.9 ms | Capacity: 100.6 FPS
[visual_odometry_node-6] [INFO] [1789289412.415305328] [visual_odometry_node]: [VO Frame #0465] Tracks: 100/106 | flow dx=+0.00 dy=+0.00 px | 14.6 FPS (9.9ms) | ref_odom vx=+0.25m/s wz=-0.00r/s | Geom: DEGENERATE_SMALL_BASELINE (100 inl) | yaw=+0.0deg | t=[+0.00, +0.00, +0.00] (scale: UNKNOWN)
[visual_odometry_node-6] [INFO] [1789289415.778055661] [visual_odometry_node]: [VO Frame #0492] Tracks:  96/108 | flow dx=+0.02 dy=+0.00 px | 10.2 FPS (14.9ms) | ref_odom vx=+0.25m/s wz=+0.00r/s | Geom: LOW_GEOMETRIC_INLIERS (8 inl) | yaw=+0.0deg | t=[+0.00, +0.00, +0.00] (scale: UNKNOWN)
[visual_odometry_node-6] [INFO] [1789289418.792611275] [visual_odometry_node]: [VO Frame #0517] Tracks:  86/ 93 | flow dx=-0.00 dy=-0.00 px | 11.8 FPS (12.7ms) | ref_odom vx=+0.20m/s wz=-0.00r/s | Geom: DEGENERATE_SMALL_BASELINE (86 inl) | yaw=+0.0deg | t=[+0.00, +0.00, +0.00] (scale: UNKNOWN)
[naviguard_perception_node-5] [INFO] [1789289419.141766356] [naviguard_perception_node]: NAVIGUARD Perception Performance: Total=503 | Processed=503 | Dropped=0 | Input: 8.6 FPS | Latency: 13.2 ms | Capacity: 76.0 FPS
[sensor_sync_node-7] [INFO] [1789289421.439101185] [sensor_sync_node]: 
[sensor_sync_node-7] ==================== [NAVIGUARD PHASE 5A SENSOR SYNC REPORT] ====================
[sensor_sync_node-7]   OVERALL STATUS: [WARNING]
[sensor_sync_node-7]   1. SENSORS & RATES:
[sensor_sync_node-7]      - Camera (/camera/image_raw):   21.6 Hz (Period: 46.3±25.2ms, Mono: True, Gaps: 43)
[sensor_sync_node-7]      - IMU (/imu):                  100.0 Hz (Period: 10.0± 0.0ms, Mono: True, Gaps: 1)
[sensor_sync_node-7]      - Odometry (/odom):             50.0 Hz (Period: 20.0± 0.0ms, Mono: True, Gaps: 1)
[sensor_sync_node-7]   2. CROSS-SENSOR SYNCHRONIZATION (Tolerance: 20.0ms):
[sensor_sync_node-7]      - Camera <-> IMU:     Median= 4.0ms, Mean=80.5ms, Max=438.0ms [ 66.7% in tol]
[sensor_sync_node-7]      - Camera <-> Odometry: Median= 6.0ms, Mean=36.2ms, Max=394.0ms [ 86.0% in tol]
[sensor_sync_node-7]      - IMU <-> Odometry:    Median= 5.0ms, Mean= 5.0ms, Max=10.0ms [100.0% in tol]
[sensor_sync_node-7]   3. TF & FRAME VALIDATION:
[sensor_sync_node-7]      - Hierarchy Status:    [OK] (All required frames available: True)
[sensor_sync_node-7]      - Optical Convention:  [VALID (REP-103)]
[sensor_sync_node-7]   4. INTRINSIC & FIELD VALIDATIONS:
[sensor_sync_node-7]      - Camera Calibration:  [OK] (fx=381.4, fy=381.4, cx=320.0, cy=240.0)
[sensor_sync_node-7]      - IMU Validation:      [AVAILABLE] (Angular Vel: 0.000 rad/s, Accel: 9.81 m/s²)
[sensor_sync_node-7]      - Odometry Validation: [OK] ('odom' -> 'base_link')
[sensor_sync_node-7] ==================================================================================
[visual_odometry_node-6] [INFO] [1789289421.818270377] [visual_odometry_node]: [VO Frame #0548] Tracks:  74/ 82 | flow dx=+0.00 dy=-0.00 px | 14.8 FPS (8.3ms) | ref_odom vx=+0.14m/s wz=-0.00r/s | Geom: DEGENERATE_SMALL_BASELINE (74 inl) | yaw=+0.0deg | t=[+0.00, +0.00, +0.00] (scale: UNKNOWN)
[visual_odometry_node-6] [INFO] [1789289425.156894453] [visual_odometry_node]: [VO Frame #0563] Tracks:  65/ 73 | flow dx=+0.00 dy=-0.00 px | 13.1 FPS (11.1ms) | ref_odom vx=+0.12m/s wz=-0.00r/s | Geom: DEGENERATE_SMALL_BASELINE (65 inl) | yaw=+0.0deg | t=[+0.00, +0.00, +0.00] (scale: UNKNOWN)
[naviguard_perception_node-5] [INFO] [1789289427.682357666] [naviguard_perception_node]: NAVIGUARD Perception Performance: Total=582 | Processed=582 | Dropped=0 | Input: 13.7 FPS | Latency: 10.2 ms | Capacity: 98.4 FPS
[visual_odometry_node-6] [INFO] [1789289428.197431947] [visual_odometry_node]: [VO Frame #0601] Tracks: 107/124 | flow dx=-0.11 dy=+0.00 px | 11.9 FPS (11.1ms) | ref_odom vx=+0.08m/s wz=-0.00r/s | Geom: DEGENERATE_SMALL_BASELINE (107 inl) | yaw=+0.0deg | t=[+0.00, +0.00, +0.00] (scale: UNKNOWN)
[slam_node-9] [INFO] [1789289429.848827979] [slam_node]: [LOOP CLOSURE] Detected loop between KF#6 and KF#0! Inliers: 20, Conf: 0.62
[slam_node-9] [INFO] [1789289429.851775289] [slam_node]: [PGO] Graph optimized successfully. Cost: 0.0000
[visual_odometry_node-6] [INFO] [1789289431.231838959] [visual_odometry_node]: [VO Frame #0626] Tracks:  98/106 | flow dx=+0.00 dy=+0.00 px | 12.5 FPS (7.0ms) | ref_odom vx=+0.07m/s wz=+0.00r/s | Geom: DEGENERATE_SMALL_BASELINE (98 inl) | yaw=+0.0deg | t=[+0.00, +0.00, +0.00] (scale: UNKNOWN)
[navigation_node-12] [INFO] [1789289433.491389357] [navigation_node]: Goal successfully reached at (2.33, 0.00)!
[visual_odometry_node-6] [INFO] [1789289434.307246391] [visual_odometry_node]: [VO Frame #0659] Tracks: 112/120 | flow dx=+0.00 dy=+0.00 px | 15.0 FPS (10.0ms) | ref_odom vx=+0.00m/s wz=+0.00r/s | Geom: DEGENERATE_SMALL_BASELINE (112 inl) | yaw=+0.0deg | t=[+0.00, +0.00, +0.00] (scale: UNKNOWN)
[naviguard_perception_node-5] [INFO] [1789289434.855743824] [naviguard_perception_node]: NAVIGUARD Perception Performance: Total=648 | Processed=648 | Dropped=0 | Input: 10.6 FPS | Latency: 10.2 ms | Capacity: 98.3 FPS
[sensor_sync_node-7] [INFO] [1789289434.887174927] [sensor_sync_node]: 
[sensor_sync_node-7] ==================== [NAVIGUARD PHASE 5A SENSOR SYNC REPORT] ====================
[sensor_sync_node-7]   OVERALL STATUS: [WARNING]
[sensor_sync_node-7]   1. SENSORS & RATES:
[sensor_sync_node-7]      - Camera (/camera/image_raw):   24.2 Hz (Period: 41.3±26.2ms, Mono: True, Gaps: 47)
[sensor_sync_node-7]      - IMU (/imu):                  100.0 Hz (Period: 10.0± 0.0ms, Mono: True, Gaps: 1)
[sensor_sync_node-7]      - Odometry (/odom):             50.0 Hz (Period: 20.0± 0.0ms, Mono: True, Gaps: 1)
[sensor_sync_node-7]   2. CROSS-SENSOR SYNCHRONIZATION (Tolerance: 20.0ms):
[sensor_sync_node-7]      - Camera <-> IMU:     Median= 4.0ms, Mean=80.7ms, Max=488.0ms [ 71.4% in tol]
[sensor_sync_node-7]      - Camera <-> Odometry: Median= 6.0ms, Mean=35.6ms, Max=478.0ms [ 85.5% in tol]
[sensor_sync_node-7]      - IMU <-> Odometry:    Median= 5.0ms, Mean= 5.0ms, Max=10.0ms [100.0% in tol]
[sensor_sync_node-7]   3. TF & FRAME VALIDATION:
[sensor_sync_node-7]      - Hierarchy Status:    [OK] (All required frames available: True)
[sensor_sync_node-7]      - Optical Convention:  [VALID (REP-103)]
[sensor_sync_node-7]   4. INTRINSIC & FIELD VALIDATIONS:
[sensor_sync_node-7]      - Camera Calibration:  [OK] (fx=381.4, fy=381.4, cx=320.0, cy=240.0)
[sensor_sync_node-7]      - IMU Validation:      [AVAILABLE] (Angular Vel: 0.000 rad/s, Accel: 9.84 m/s²)
[sensor_sync_node-7]      - Odometry Validation: [OK] ('odom' -> 'base_link')
[sensor_sync_node-7] ==================================================================================
[visual_odometry_node-6] [INFO] [1789289437.320800913] [visual_odometry_node]: [VO Frame #0689] Tracks:  96/104 | flow dx=+0.00 dy=+0.00 px | 12.3 FPS (7.4ms) | ref_odom vx=+0.00m/s wz=+0.00r/s | Geom: DEGENERATE_SMALL_BASELINE (96 inl) | yaw=+0.0deg | t=[+0.00, +0.00, +0.00] (scale: UNKNOWN)
[visual_odometry_node-6] [INFO] [1789289440.363877182] [visual_odometry_node]: [VO Frame #0714] Tracks:  64/ 72 | flow dx=+0.00 dy=+0.00 px | 10.0 FPS (20.8ms) | ref_odom vx=+0.00m/s wz=+0.00r/s | Geom: DEGENERATE_SMALL_BASELINE (64 inl) | yaw=+0.0deg | t=[+0.00, +0.00, +0.00] (scale: UNKNOWN)
[naviguard_perception_node-5] [INFO] [1789289441.757220490] [naviguard_perception_node]: NAVIGUARD Perception Performance: Total=707 | Processed=707 | Dropped=0 | Input: 8.3 FPS | Latency: 12.3 ms | Capacity: 81.5 FPS
[visual_odometry_node-6] [INFO] [1789289443.406131819] [visual_odometry_node]: [VO Frame #0732] Tracks:  88/ 96 | flow dx=+0.00 dy=+0.00 px | 7.8 FPS (8.8ms) | ref_odom vx=+0.00m/s wz=+0.00r/s | Geom: DEGENERATE_SMALL_BASELINE (88 inl) | yaw=+0.0deg | t=[+0.00, +0.00, +0.00] (scale: UNKNOWN)
[visual_odometry_node-6] [INFO] [1789289446.660975940] [visual_odometry_node]: [VO Frame #0755] Tracks:  72/ 80 | flow dx=+0.00 dy=+0.00 px | 8.6 FPS (9.2ms) | ref_odom vx=+0.00m/s wz=+0.00r/s | Geom: DEGENERATE_SMALL_BASELINE (72 inl) | yaw=+0.0deg | t=[+0.00, +0.00, +0.00] (scale: UNKNOWN)
[sensor_sync_node-7] [INFO] [1789289446.692379880] [sensor_sync_node]: 
[sensor_sync_node-7] ==================== [NAVIGUARD PHASE 5A SENSOR SYNC REPORT] ====================
[sensor_sync_node-7]   OVERALL STATUS: [WARNING]
[sensor_sync_node-7]   1. SENSORS & RATES:
[sensor_sync_node-7]      - Camera (/camera/image_raw):   19.5 Hz (Period: 51.3±24.5ms, Mono: True, Gaps: 58)
[sensor_sync_node-7]      - IMU (/imu):                  100.0 Hz (Period: 10.0± 0.0ms, Mono: True, Gaps: 1)
[sensor_sync_node-7]      - Odometry (/odom):             50.0 Hz (Period: 20.0± 0.0ms, Mono: True, Gaps: 1)
[sensor_sync_node-7]   2. CROSS-SENSOR SYNCHRONIZATION (Tolerance: 20.0ms):
[sensor_sync_node-7]      - Camera <-> IMU:     Median= 4.0ms, Mean=82.1ms, Max=438.0ms [ 69.2% in tol]
[sensor_sync_node-7]      - Camera <-> Odometry: Median= 6.0ms, Mean=50.6ms, Max=494.0ms [ 84.8% in tol]
[sensor_sync_node-7]      - IMU <-> Odometry:    Median= 5.0ms, Mean= 5.0ms, Max=10.0ms [100.0% in tol]
[sensor_sync_node-7]   3. TF & FRAME VALIDATION:
[sensor_sync_node-7]      - Hierarchy Status:    [OK] (All required frames available: True)
[sensor_sync_node-7]      - Optical Convention:  [VALID (REP-103)]
[sensor_sync_node-7]   4. INTRINSIC & FIELD VALIDATIONS:
[sensor_sync_node-7]      - Camera Calibration:  [OK] (fx=381.4, fy=381.4, cx=320.0, cy=240.0)
[sensor_sync_node-7]      - IMU Validation:      [AVAILABLE] (Angular Vel: 0.000 rad/s, Accel: 9.82 m/s²)
[sensor_sync_node-7]      - Odometry Validation: [OK] ('odom' -> 'base_link')
[sensor_sync_node-7] ==================================================================================
[naviguard_perception_node-5] [INFO] [1789289449.010589205] [naviguard_perception_node]: NAVIGUARD Perception Performance: Total=764 | Processed=764 | Dropped=0 | Input: 7.9 FPS | Latency: 11.7 ms | Capacity: 85.8 FPS
[visual_odometry_node-6] [INFO] [1789289449.815043024] [visual_odometry_node]: [VO Frame #0782] Tracks:  80/ 88 | flow dx=+0.00 dy=+0.00 px | 10.4 FPS (14.0ms) | ref_odom vx=+0.00m/s wz=+0.00r/s | Geom: DEGENERATE_SMALL_BASELINE (80 inl) | yaw=+0.0deg | t=[+0.00, +0.00, +0.00] (scale: UNKNOWN)
[visual_odometry_node-6] [INFO] [1789289452.847379366] [visual_odometry_node]: [VO Frame #0806] Tracks: 112/120 | flow dx=+0.00 dy=+0.00 px | 9.7 FPS (8.6ms) | ref_odom vx=+0.00m/s wz=+0.00r/s | Geom: DEGENERATE_SMALL_BASELINE (112 inl) | yaw=+0.0deg | t=[+0.00, +0.00, +0.00] (scale: UNKNOWN)
[visual_odometry_node-6] [INFO] [1789289456.120827167] [visual_odometry_node]: [VO Frame #0826] Tracks:  64/ 72 | flow dx=+0.00 dy=+0.00 px | 8.0 FPS (22.2ms) | ref_odom vx=+0.00m/s wz=+0.00r/s | Geom: DEGENERATE_SMALL_BASELINE (64 inl) | yaw=+0.0deg | t=[+0.00, +0.00, +0.00] (scale: UNKNOWN)
[naviguard_perception_node-5] [INFO] [1789289456.782361505] [naviguard_perception_node]: NAVIGUARD Perception Performance: Total=823 | Processed=823 | Dropped=0 | Input: 7.5 FPS | Latency: 14.4 ms | Capacity: 69.5 FPS
[visual_odometry_node-6] [INFO] [1789289459.766042434] [visual_odometry_node]: [VO Frame #0836] Tracks:  96/104 | flow dx=+0.00 dy=+0.00 px | 9.1 FPS (11.6ms) | ref_odom vx=+0.00m/s wz=+0.00r/s | Geom: DEGENERATE_SMALL_BASELINE (96 inl) | yaw=+0.0deg | t=[+0.00, +0.00, +0.00] (scale: UNKNOWN)
[sensor_sync_node-7] [INFO] [1789289461.707678195] [sensor_sync_node]: 
[sensor_sync_node-7] ==================== [NAVIGUARD PHASE 5A SENSOR SYNC REPORT] ====================
[sensor_sync_node-7]   OVERALL STATUS: [WARNING]
[sensor_sync_node-7]   1. SENSORS & RATES:
[sensor_sync_node-7]      - Camera (/camera/image_raw):   21.1 Hz (Period: 47.3±22.6ms, Mono: True, Gaps: 67)
[sensor_sync_node-7]      - IMU (/imu):                  100.0 Hz (Period: 10.0± 0.0ms, Mono: True, Gaps: 1)
[sensor_sync_node-7]      - Odometry (/odom):             50.0 Hz (Period: 20.0± 0.0ms, Mono: True, Gaps: 1)
[sensor_sync_node-7]   2. CROSS-SENSOR SYNCHRONIZATION (Tolerance: 20.0ms):
[sensor_sync_node-7]      - Camera <-> IMU:     Median= 4.0ms, Mean=86.3ms, Max=498.0ms [ 65.6% in tol]
[sensor_sync_node-7]      - Camera <-> Odometry: Median= 6.0ms, Mean=55.7ms, Max=498.0ms [ 78.4% in tol]
[sensor_sync_node-7]      - IMU <-> Odometry:    Median= 5.0ms, Mean= 5.0ms, Max=10.0ms [100.0% in tol]
[sensor_sync_node-7]   3. TF & FRAME VALIDATION:
[sensor_sync_node-7]      - Hierarchy Status:    [OK] (All required frames available: True)
[sensor_sync_node-7]      - Optical Convention:  [VALID (REP-103)]
[sensor_sync_node-7]   4. INTRINSIC & FIELD VALIDATIONS:
[sensor_sync_node-7]      - Camera Calibration:  [OK] (fx=381.4, fy=381.4, cx=320.0, cy=240.0)
[sensor_sync_node-7]      - IMU Validation:      [AVAILABLE] (Angular Vel: 0.000 rad/s, Accel: 9.84 m/s²)
[sensor_sync_node-7]      - Odometry Validation: [OK] ('odom' -> 'base_link')
[sensor_sync_node-7] ==================================================================================
[visual_odometry_node-6] [INFO] [1789289462.890894460] [visual_odometry_node]: [VO Frame #0858] Tracks:  88/ 96 | flow dx=+0.00 dy=+0.00 px | 8.4 FPS (9.8ms) | ref_odom vx=+0.00m/s wz=+0.00r/s | Geom: DEGENERATE_SMALL_BASELINE (88 inl) | yaw=+0.0deg | t=[+0.00, +0.00, +0.00] (scale: UNKNOWN)
[visual_odometry_node-6] [INFO] [1789289465.989828738] [visual_odometry_node]: [VO Frame #0888] Tracks:  72/ 80 | flow dx=+0.00 dy=+0.00 px | 11.2 FPS (14.9ms) | ref_odom vx=+0.00m/s wz=+0.00r/s | Geom: DEGENERATE_SMALL_BASELINE (72 inl) | yaw=+0.0deg | t=[+0.00, +0.00, +0.00] (scale: UNKNOWN)
[naviguard_perception_node-5] [INFO] [1789289466.410326992] [naviguard_perception_node]: NAVIGUARD Perception Performance: Total=880 | Processed=880 | Dropped=0 | Input: 8.3 FPS | Latency: 13.4 ms | Capacity: 74.9 FPS
[visual_odometry_node-6] [INFO] [1789289468.979476188] [visual_odometry_node]: [VO Frame #0924] Tracks:  64/ 72 | flow dx=+0.00 dy=+0.00 px | 14.7 FPS (10.2ms) | ref_odom vx=+0.00m/s wz=+0.00r/s | Geom: DEGENERATE_SMALL_BASELINE (64 inl) | yaw=+0.0deg | t=[+0.00, +0.00, +0.00] (scale: UNKNOWN)
[visual_odometry_node-6] [INFO] [1789289471.991138090] [visual_odometry_node]: [VO Frame #0968] Tracks: 104/112 | flow dx=+0.00 dy=+0.00 px | 16.2 FPS (9.7ms) | ref_odom vx=+0.00m/s wz=+0.00r/s | Geom: DEGENERATE_SMALL_BASELINE (104 inl) | yaw=+0.0deg | t=[+0.00, +0.00, +0.00] (scale: UNKNOWN)
[naviguard_perception_node-5] [INFO] [1789289472.158537182] [naviguard_perception_node]: NAVIGUARD Perception Performance: Total=960 | Processed=960 | Dropped=0 | Input: 15.1 FPS | Latency: 8.9 ms | Capacity: 112.9 FPS
[sensor_sync_node-7] [INFO] [1789289472.159812203] [sensor_sync_node]: 
[sensor_sync_node-7] ==================== [NAVIGUARD PHASE 5A SENSOR SYNC REPORT] ====================
[sensor_sync_node-7]   OVERALL STATUS: [WARNING]
[sensor_sync_node-7]   1. SENSORS & RATES:
[sensor_sync_node-7]      - Camera (/camera/image_raw):   26.3 Hz (Period: 38.0±15.8ms, Mono: True, Gaps: 72)
[sensor_sync_node-7]      - IMU (/imu):                  100.0 Hz (Period: 10.0± 0.0ms, Mono: True, Gaps: 1)
[sensor_sync_node-7]      - Odometry (/odom):             50.0 Hz (Period: 20.0± 0.0ms, Mono: True, Gaps: 1)
[sensor_sync_node-7]   2. CROSS-SENSOR SYNCHRONIZATION (Tolerance: 20.0ms):
[sensor_sync_node-7]      - Camera <-> IMU:     Median= 4.0ms, Mean=89.5ms, Max=472.0ms [ 67.5% in tol]
[sensor_sync_node-7]      - Camera <-> Odometry: Median= 6.0ms, Mean=46.5ms, Max=462.0ms [ 82.1% in tol]
[sensor_sync_node-7]      - IMU <-> Odometry:    Median= 5.0ms, Mean= 5.0ms, Max=10.0ms [100.0% in tol]
[sensor_sync_node-7]   3. TF & FRAME VALIDATION:
[sensor_sync_node-7]      - Hierarchy Status:    [OK] (All required frames available: True)
[sensor_sync_node-7]      - Optical Convention:  [VALID (REP-103)]
[sensor_sync_node-7]   4. INTRINSIC & FIELD VALIDATIONS:
[sensor_sync_node-7]      - Camera Calibration:  [OK] (fx=381.4, fy=381.4, cx=320.0, cy=240.0)
[sensor_sync_node-7]      - IMU Validation:      [AVAILABLE] (Angular Vel: 0.000 rad/s, Accel: 9.78 m/s²)
[sensor_sync_node-7]      - Odometry Validation: [OK] ('odom' -> 'base_link')
[sensor_sync_node-7] ==================================================================================
[visual_odometry_node-6] [INFO] [1789289475.003267757] [visual_odometry_node]: [VO Frame #1004] Tracks:  96/104 | flow dx=+0.00 dy=+0.00 px | 12.7 FPS (8.0ms) | ref_odom vx=+0.00m/s wz=+0.00r/s | Geom: DEGENERATE_SMALL_BASELINE (96 inl) | yaw=+0.0deg | t=[+0.00, +0.00, +0.00] (scale: UNKNOWN)
[naviguard_perception_node-5] [INFO] [1789289478.089550642] [naviguard_perception_node]: NAVIGUARD Perception Performance: Total=1033 | Processed=1033 | Dropped=0 | Input: 13.3 FPS | Latency: 8.9 ms | Capacity: 112.9 FPS
[visual_odometry_node-6] [INFO] [1789289478.149673027] [visual_odometry_node]: [VO Frame #1045] Tracks: 104/112 | flow dx=+0.00 dy=+0.00 px | 12.4 FPS (17.9ms) | ref_odom vx=+0.00m/s wz=+0.00r/s | Geom: DEGENERATE_SMALL_BASELINE (104 inl) | yaw=+0.0deg | t=[+0.00, +0.00, +0.00] (scale: UNKNOWN)
[visual_odometry_node-6] [INFO] [1789289481.185514787] [visual_odometry_node]: [VO Frame #1088] Tracks:  96/104 | flow dx=+0.00 dy=+0.00 px | 14.8 FPS (6.2ms) | ref_odom vx=+0.00m/s wz=+0.00r/s | Geom: DEGENERATE_SMALL_BASELINE (96 inl) | yaw=+0.0deg | t=[+0.00, +0.00, +0.00] (scale: UNKNOWN)
[sensor_sync_node-7] [INFO] [1789289481.959423968] [sensor_sync_node]: 
[sensor_sync_node-7] ==================== [NAVIGUARD PHASE 5A SENSOR SYNC REPORT] ====================
[sensor_sync_node-7]   OVERALL STATUS: [WARNING]
[sensor_sync_node-7]   1. SENSORS & RATES:
[sensor_sync_node-7]      - Camera (/camera/image_raw):   25.9 Hz (Period: 38.7±12.5ms, Mono: True, Gaps: 74)
[sensor_sync_node-7]      - IMU (/imu):                  100.0 Hz (Period: 10.0± 0.0ms, Mono: True, Gaps: 1)
[sensor_sync_node-7]      - Odometry (/odom):             50.0 Hz (Period: 20.0± 0.0ms, Mono: True, Gaps: 1)
[sensor_sync_node-7]   2. CROSS-SENSOR SYNCHRONIZATION (Tolerance: 20.0ms):
[sensor_sync_node-7]      - Camera <-> IMU:     Median= 4.0ms, Mean=93.7ms, Max=500.0ms [ 64.1% in tol]
[sensor_sync_node-7]      - Camera <-> Odometry: Median= 6.0ms, Mean=45.0ms, Max=446.0ms [ 84.1% in tol]
[sensor_sync_node-7]      - IMU <-> Odometry:    Median=10.0ms, Mean= 5.2ms, Max=20.0ms [ 99.0% in tol]
[sensor_sync_node-7]   3. TF & FRAME VALIDATION:
[sensor_sync_node-7]      - Hierarchy Status:    [OK] (All required frames available: True)
[sensor_sync_node-7]      - Optical Convention:  [VALID (REP-103)]
[sensor_sync_node-7]   4. INTRINSIC & FIELD VALIDATIONS:
[sensor_sync_node-7]      - Camera Calibration:  [OK] (fx=381.4, fy=381.4, cx=320.0, cy=240.0)
[sensor_sync_node-7]      - IMU Validation:      [AVAILABLE] (Angular Vel: 0.000 rad/s, Accel: 9.81 m/s²)
[sensor_sync_node-7]      - Odometry Validation: [OK] ('odom' -> 'base_link')
[sensor_sync_node-7] ==================================================================================
[naviguard_perception_node-5] [INFO] [1789289483.912959264] [naviguard_perception_node]: NAVIGUARD Perception Performance: Total=1109 | Processed=1109 | Dropped=0 | Input: 12.3 FPS | Latency: 9.9 ms | Capacity: 101.2 FPS
[visual_odometry_node-6] [INFO] [1789289484.207924408] [visual_odometry_node]: [VO Frame #1126] Tracks:  72/ 80 | flow dx=+0.00 dy=+0.00 px | 15.6 FPS (14.6ms) | ref_odom vx=+0.00m/s wz=+0.00r/s | Geom: DEGENERATE_SMALL_BASELINE (72 inl) | yaw=+0.0deg | t=[+0.00, +0.00, +0.00] (scale: UNKNOWN)
[visual_odometry_node-6] [INFO] [1789289487.261255545] [visual_odometry_node]: [VO Frame #1168] Tracks:  72/ 80 | flow dx=+0.00 dy=+0.00 px | 13.5 FPS (3.3ms) | ref_odom vx=+0.00m/s wz=+0.00r/s | Geom: DEGENERATE_SMALL_BASELINE (72 inl) | yaw=+0.0deg | t=[+0.00, +0.00, +0.00] (scale: UNKNOWN)
[naviguard_perception_node-5] [INFO] [1789289490.096999288] [naviguard_perception_node]: NAVIGUARD Perception Performance: Total=1187 | Processed=1187 | Dropped=0 | Input: 11.7 FPS | Latency: 10.4 ms | Capacity: 96.6 FPS
[visual_odometry_node-6] [INFO] [1789289490.283176850] [visual_odometry_node]: [VO Frame #1203] Tracks:  72/ 80 | flow dx=+0.00 dy=+0.00 px | 11.6 FPS (11.0ms) | ref_odom vx=+0.00m/s wz=+0.00r/s | Geom: DEGENERATE_SMALL_BASELINE (72 inl) | yaw=+0.0deg | t=[+0.00, +0.00, +0.00] (scale: UNKNOWN)
[visual_odometry_node-6] [INFO] [1789289494.108821376] [visual_odometry_node]: [VO Frame #1221] Tracks:  96/104 | flow dx=+0.00 dy=+0.00 px | 11.9 FPS (11.4ms) | ref_odom vx=+0.00m/s wz=+0.00r/s | Geom: DEGENERATE_SMALL_BASELINE (96 inl) | yaw=+0.0deg | t=[+0.00, +0.00, +0.00] (scale: UNKNOWN)
[sensor_sync_node-7] [INFO] [1789289494.355373665] [sensor_sync_node]: 
[sensor_sync_node-7] ==================== [NAVIGUARD PHASE 5A SENSOR SYNC REPORT] ====================
[sensor_sync_node-7]   OVERALL STATUS: [WARNING]
[sensor_sync_node-7]   1. SENSORS & RATES:
[sensor_sync_node-7]      - Camera (/camera/image_raw):   25.6 Hz (Period: 39.0±12.8ms, Mono: True, Gaps: 75)
[sensor_sync_node-7]      - IMU (/imu):                  100.0 Hz (Period: 10.0± 0.0ms, Mono: True, Gaps: 1)
[sensor_sync_node-7]      - Odometry (/odom):             50.0 Hz (Period: 20.0± 0.0ms, Mono: True, Gaps: 1)
[sensor_sync_node-7]   2. CROSS-SENSOR SYNCHRONIZATION (Tolerance: 20.0ms):
[sensor_sync_node-7]      - Camera <-> IMU:     Median= 4.0ms, Mean=94.1ms, Max=474.0ms [ 64.7% in tol]
[sensor_sync_node-7]      - Camera <-> Odometry: Median= 6.0ms, Mean=64.4ms, Max=496.0ms [ 78.3% in tol]
[sensor_sync_node-7]      - IMU <-> Odometry:    Median= 5.0ms, Mean= 5.0ms, Max=10.0ms [100.0% in tol]
[sensor_sync_node-7]   3. TF & FRAME VALIDATION:
[sensor_sync_node-7]      - Hierarchy Status:    [OK] (All required frames available: True)
[sensor_sync_node-7]      - Optical Convention:  [VALID (REP-103)]
[sensor_sync_node-7]   4. INTRINSIC & FIELD VALIDATIONS:
[sensor_sync_node-7]      - Camera Calibration:  [OK] (fx=381.4, fy=381.4, cx=320.0, cy=240.0)
[sensor_sync_node-7]      - IMU Validation:      [AVAILABLE] (Angular Vel: 0.000 rad/s, Accel: 9.78 m/s²)
[sensor_sync_node-7]      - Odometry Validation: [OK] ('odom' -> 'base_link')
[sensor_sync_node-7] ==================================================================================
[dashboard_node-13] [INFO] [1789289495.984304075] [dashboard_node]: Operator published goal to /goal_pose and /navigation/set_goal: X=13.39m, Y=3.20m
[navigation_node-12] [INFO] [1789289495.989135060] [navigation_node]: New navigation goal received: (13.39, 3.20)
[navigation_node-12] [INFO] [1789289495.990836551] [navigation_node]: New navigation goal received: (13.39, 3.20)
[visual_odometry_node-6] [INFO] [1789289497.142868972] [visual_odometry_node]: [VO Frame #1255] Tracks: 104/112 | flow dx=+0.00 dy=+0.00 px | 12.0 FPS (5.0ms) | ref_odom vx=+0.00m/s wz=+0.00r/s | Geom: DEGENERATE_SMALL_BASELINE (104 inl) | yaw=+0.0deg | t=[+0.00, +0.00, +0.00] (scale: UNKNOWN)
[naviguard_perception_node-5] [INFO] [1789289498.410077830] [naviguard_perception_node]: NAVIGUARD Perception Performance: Total=1253 | Processed=1253 | Dropped=0 | Input: 11.1 FPS | Latency: 10.5 ms | Capacity: 95.1 FPS
[confidence_node-10] [WARN] [1789289498.976098374] [confidence_node]: [NAVIGUARD TRANSITION] CONTINUE -> VERIFY | Reason: VO_INSUFFICIENT_INLIERS_1 | Conf: 0.76
[slam_node-9] [INFO] [1789289500.187305223] [slam_node]: [LOOP CLOSURE] Detected loop between KF#7 and KF#1! Inliers: 24, Conf: 0.63
[visual_odometry_node-6] [INFO] [1789289500.202243729] [visual_odometry_node]: [VO Frame #1283] Tracks:  61/ 75 | flow dx=+0.86 dy=-0.00 px | 11.2 FPS (20.3ms) | ref_odom vx=+0.25m/s wz=+0.04r/s | Geom: LOW_GEOMETRIC_INLIERS (0 inl) | yaw=+0.0deg | t=[+0.00, +0.00, +0.00] (scale: UNKNOWN)
[slam_node-9] [INFO] [1789289500.203395998] [slam_node]: [PGO] Graph optimized successfully. Cost: 0.0000
[confidence_node-10] [WARN] [1789289502.921541779] [confidence_node]: [NAVIGUARD TRANSITION] VERIFY -> CONTINUE | Reason: NOMINAL_OPERATION | Conf: 0.90
[slam_node-9] [INFO] [1789289503.157831381] [slam_node]: [LOOP CLOSURE] Detected loop between KF#8 and KF#2! Inliers: 16, Conf: 0.48
[slam_node-9] [INFO] [1789289503.171029366] [slam_node]: [PGO] Graph optimized successfully. Cost: 0.0019
[visual_odometry_node-6] [INFO] [1789289503.213258101] [visual_odometry_node]: [VO Frame #1323] Tracks:  87/ 97 | flow dx=+0.00 dy=+0.01 px | 16.1 FPS (7.0ms) | ref_odom vx=+0.25m/s wz=+0.00r/s | Geom: DEGENERATE_SMALL_BASELINE (87 inl) | yaw=+0.0deg | t=[+0.00, +0.00, +0.00] (scale: UNKNOWN)
[naviguard_perception_node-5] [INFO] [1789289504.845234990] [naviguard_perception_node]: NAVIGUARD Perception Performance: Total=1327 | Processed=1327 | Dropped=0 | Input: 14.2 FPS | Latency: 10.0 ms | Capacity: 100.0 FPS
[sensor_sync_node-7] [INFO] [1789289504.847814345] [sensor_sync_node]: 
[sensor_sync_node-7] ==================== [NAVIGUARD PHASE 5A SENSOR SYNC REPORT] ====================
[sensor_sync_node-7]   OVERALL STATUS: [WARNING]
[sensor_sync_node-7]   1. SENSORS & RATES:
[sensor_sync_node-7]      - Camera (/camera/image_raw):   24.2 Hz (Period: 41.3±19.0ms, Mono: True, Gaps: 82)
[sensor_sync_node-7]      - IMU (/imu):                  100.0 Hz (Period: 10.0± 0.0ms, Mono: True, Gaps: 1)
[sensor_sync_node-7]      - Odometry (/odom):             50.0 Hz (Period: 20.0± 0.0ms, Mono: True, Gaps: 1)
[sensor_sync_node-7]   2. CROSS-SENSOR SYNCHRONIZATION (Tolerance: 20.0ms):
[sensor_sync_node-7]      - Camera <-> IMU:     Median= 4.0ms, Mean=84.9ms, Max=490.0ms [ 66.7% in tol]
[sensor_sync_node-7]      - Camera <-> Odometry: Median= 6.0ms, Mean=43.4ms, Max=480.0ms [ 84.6% in tol]
[sensor_sync_node-7]      - IMU <-> Odometry:    Median= 5.0ms, Mean= 5.0ms, Max=10.0ms [100.0% in tol]
[sensor_sync_node-7]   3. TF & FRAME VALIDATION:
[sensor_sync_node-7]      - Hierarchy Status:    [OK] (All required frames available: True)
[sensor_sync_node-7]      - Optical Convention:  [VALID (REP-103)]
[sensor_sync_node-7]   4. INTRINSIC & FIELD VALIDATIONS:
[sensor_sync_node-7]      - Camera Calibration:  [OK] (fx=381.4, fy=381.4, cx=320.0, cy=240.0)
[sensor_sync_node-7]      - IMU Validation:      [AVAILABLE] (Angular Vel: 0.004 rad/s, Accel: 9.78 m/s²)
[sensor_sync_node-7]      - Odometry Validation: [OK] ('odom' -> 'base_link')
[sensor_sync_node-7] ==================================================================================
[slam_node-9] [INFO] [1789289505.837800617] [slam_node]: [LOOP CLOSURE] Detected loop between KF#9 and KF#0! Inliers: 15, Conf: 0.65
[slam_node-9] [INFO] [1789289505.857316618] [slam_node]: [PGO] Graph optimized successfully. Cost: 0.0036
[visual_odometry_node-6] [INFO] [1789289506.302628231] [visual_odometry_node]: [VO Frame #1366] Tracks:  92/106 | flow dx=-0.21 dy=+0.02 px | 15.5 FPS (11.5ms) | ref_odom vx=+0.25m/s wz=-0.01r/s | Geom: LOW_GEOMETRIC_INLIERS (3 inl) | yaw=+0.0deg | t=[+0.00, +0.00, +0.00] (scale: UNKNOWN)
[slam_node-9] [INFO] [1789289508.317832339] [slam_node]: [LOOP CLOSURE] Detected loop between KF#10 and KF#4! Inliers: 15, Conf: 0.65
[slam_node-9] [INFO] [1789289508.337295157] [slam_node]: [PGO] Graph optimized successfully. Cost: 0.0053
[visual_odometry_node-6] [INFO] [1789289509.303958130] [visual_odometry_node]: [VO Frame #1411] Tracks:  70/ 74 | flow dx=-0.10 dy=+0.02 px | 16.7 FPS (8.1ms) | ref_odom vx=+0.25m/s wz=-0.00r/s | Geom: DEGENERATE_SMALL_BASELINE (70 inl) | yaw=+0.0deg | t=[+0.00, +0.00, +0.00] (scale: UNKNOWN)
[naviguard_perception_node-5] [INFO] [1789289510.027893550] [naviguard_perception_node]: NAVIGUARD Perception Performance: Total=1399 | Processed=1399 | Dropped=0 | Input: 13.6 FPS | Latency: 8.7 ms | Capacity: 115.2 FPS
[visual_odometry_node-6] [INFO] [1789289512.347413407] [visual_odometry_node]: [VO Frame #1456] Tracks:  60/ 73 | flow dx=-0.06 dy=+0.00 px | 16.2 FPS (11.8ms) | ref_odom vx=+0.25m/s wz=-0.00r/s | Geom: DEGENERATE_SMALL_BASELINE (60 inl) | yaw=+0.0deg | t=[+0.00, +0.00, +0.00] (scale: UNKNOWN)
[sensor_sync_node-7] [INFO] [1789289513.680569342] [sensor_sync_node]: 
[sensor_sync_node-7] ==================== [NAVIGUARD PHASE 5A SENSOR SYNC REPORT] ====================
[sensor_sync_node-7]   OVERALL STATUS: [WARNING]
[sensor_sync_node-7]   1. SENSORS & RATES:
[sensor_sync_node-7]      - Camera (/camera/image_raw):   26.8 Hz (Period: 37.3±13.8ms, Mono: True, Gaps: 86)
[sensor_sync_node-7]      - IMU (/imu):                  100.0 Hz (Period: 10.0± 0.0ms, Mono: True, Gaps: 1)
[sensor_sync_node-7]      - Odometry (/odom):             50.0 Hz (Period: 20.0± 0.0ms, Mono: True, Gaps: 1)
[sensor_sync_node-7]   2. CROSS-SENSOR SYNCHRONIZATION (Tolerance: 20.0ms):
[sensor_sync_node-7]      - Camera <-> IMU:     Median= 4.0ms, Mean=79.1ms, Max=474.0ms [ 71.8% in tol]
[sensor_sync_node-7]      - Camera <-> Odometry: Median= 6.0ms, Mean=55.3ms, Max=498.0ms [ 80.6% in tol]
[sensor_sync_node-7]      - IMU <-> Odometry:    Median= 5.0ms, Mean= 5.0ms, Max=10.0ms [100.0% in tol]
[sensor_sync_node-7]   3. TF & FRAME VALIDATION:
[sensor_sync_node-7]      - Hierarchy Status:    [OK] (All required frames available: True)
[sensor_sync_node-7]      - Optical Convention:  [VALID (REP-103)]
[sensor_sync_node-7]   4. INTRINSIC & FIELD VALIDATIONS:
[sensor_sync_node-7]      - Camera Calibration:  [OK] (fx=381.4, fy=381.4, cx=320.0, cy=240.0)
[sensor_sync_node-7]      - IMU Validation:      [AVAILABLE] (Angular Vel: 0.000 rad/s, Accel: 9.79 m/s²)
[sensor_sync_node-7]      - Odometry Validation: [OK] ('odom' -> 'base_link')
[sensor_sync_node-7] ==================================================================================
[visual_odometry_node-6] [INFO] [1789289515.385834995] [visual_odometry_node]: [VO Frame #1499] Tracks:  59/ 72 | flow dx=-0.16 dy=+0.00 px | 15.8 FPS (8.9ms) | ref_odom vx=+0.25m/s wz=+0.00r/s | Geom: DEGENERATE_SMALL_BASELINE (59 inl) | yaw=+0.0deg | t=[+0.00, +0.00, +0.00] (scale: UNKNOWN)
[naviguard_perception_node-5] [INFO] [1789289515.627590119] [naviguard_perception_node]: NAVIGUARD Perception Performance: Total=1477 | Processed=1477 | Dropped=0 | Input: 13.7 FPS | Latency: 9.4 ms | Capacity: 106.1 FPS
[visual_odometry_node-6] [INFO] [1789289518.454090015] [visual_odometry_node]: [VO Frame #1542] Tracks:  59/ 74 | flow dx=-1.17 dy=-0.00 px | 15.2 FPS (15.5ms) | ref_odom vx=+0.25m/s wz=-0.04r/s | Geom: LOW_GEOMETRIC_INLIERS (2 inl) | yaw=+0.0deg | t=[+0.00, +0.00, +0.00] (scale: UNKNOWN)
[confidence_node-10] [WARN] [1789289518.779636585] [confidence_node]: [NAVIGUARD TRANSITION] CONTINUE -> VERIFY | Reason: VO_INSUFFICIENT_INLIERS_4 | Conf: 0.76
[naviguard_perception_node-5] [INFO] [1789289521.090617873] [naviguard_perception_node]: NAVIGUARD Perception Performance: Total=1549 | Processed=1549 | Dropped=0 | Input: 11.9 FPS | Latency: 8.4 ms | Capacity: 118.7 FPS
[visual_odometry_node-6] [INFO] [1789289521.496576638] [visual_odometry_node]: [VO Frame #1581] Tracks:  74/ 90 | flow dx=-0.25 dy=+0.00 px | 15.8 FPS (5.4ms) | ref_odom vx=+0.25m/s wz=-0.02r/s | Geom: DEGENERATE_SMALL_BASELINE (74 inl) | yaw=+0.0deg | t=[+0.00, +0.00, +0.00] (scale: UNKNOWN)
[sensor_sync_node-7] [INFO] [1789289523.002434671] [sensor_sync_node]: 
[sensor_sync_node-7] ==================== [NAVIGUARD PHASE 5A SENSOR SYNC REPORT] ====================
[sensor_sync_node-7]   OVERALL STATUS: [WARNING]
[sensor_sync_node-7]   1. SENSORS & RATES:
[sensor_sync_node-7]      - Camera (/camera/image_raw):   25.9 Hz (Period: 38.7±14.0ms, Mono: True, Gaps: 89)
[sensor_sync_node-7]      - IMU (/imu):                  100.0 Hz (Period: 10.0± 0.0ms, Mono: True, Gaps: 1)
[sensor_sync_node-7]      - Odometry (/odom):             50.0 Hz (Period: 20.0± 0.0ms, Mono: True, Gaps: 1)
[sensor_sync_node-7]   2. CROSS-SENSOR SYNCHRONIZATION (Tolerance: 20.0ms):
[sensor_sync_node-7]      - Camera <-> IMU:     Median= 4.0ms, Mean=65.1ms, Max=458.0ms [ 74.4% in tol]
[sensor_sync_node-7]      - Camera <-> Odometry: Median= 6.0ms, Mean=48.0ms, Max=482.0ms [ 83.6% in tol]
[sensor_sync_node-7]      - IMU <-> Odometry:    Median= 5.0ms, Mean= 5.0ms, Max=10.0ms [100.0% in tol]
[sensor_sync_node-7]   3. TF & FRAME VALIDATION:
[sensor_sync_node-7]      - Hierarchy Status:    [OK] (All required frames available: True)
[sensor_sync_node-7]      - Optical Convention:  [VALID (REP-103)]
[sensor_sync_node-7]   4. INTRINSIC & FIELD VALIDATIONS:
[sensor_sync_node-7]      - Camera Calibration:  [OK] (fx=381.4, fy=381.4, cx=320.0, cy=240.0)
[sensor_sync_node-7]      - IMU Validation:      [AVAILABLE] (Angular Vel: 0.011 rad/s, Accel: 9.80 m/s²)
[sensor_sync_node-7]      - Odometry Validation: [OK] ('odom' -> 'base_link')
[sensor_sync_node-7] ==================================================================================
[visual_odometry_node-6] [INFO] [1789289524.634719142] [visual_odometry_node]: [VO Frame #1626] Tracks:  83/104 | flow dx=-0.45 dy=-0.00 px | 14.9 FPS (8.9ms) | ref_odom vx=+0.25m/s wz=-0.01r/s | Geom: LOW_GEOMETRIC_INLIERS (2 inl) | yaw=+0.0deg | t=[+0.00, +0.00, +0.00] (scale: UNKNOWN)
[visual_odometry_node-6] [INFO] [1789289528.541434640] [visual_odometry_node]: [VO Frame #1650] Tracks:  64/ 78 | flow dx=-0.24 dy=-0.00 px | 12.8 FPS (11.4ms) | ref_odom vx=+0.25m/s wz=-0.00r/s | Geom: DEGENERATE_SMALL_BASELINE (64 inl) | yaw=+0.0deg | t=[+0.00, +0.00, +0.00] (scale: UNKNOWN)
[naviguard_perception_node-5] [INFO] [1789289528.961845326] [naviguard_perception_node]: NAVIGUARD Perception Performance: Total=1630 | Processed=1630 | Dropped=0 | Input: 13.6 FPS | Latency: 9.4 ms | Capacity: 106.6 FPS
[visual_odometry_node-6] [INFO] [1789289531.571266654] [visual_odometry_node]: [VO Frame #1697] Tracks:  55/ 71 | flow dx=-0.22 dy=-0.01 px | 16.7 FPS (11.5ms) | ref_odom vx=+0.25m/s wz=+0.00r/s | Geom: DEGENERATE_SMALL_BASELINE (55 inl) | yaw=+0.0deg | t=[+0.00, +0.00, +0.00] (scale: UNKNOWN)
[confidence_node-10] [WARN] [1789289531.942896766] [confidence_node]: [NAVIGUARD TRANSITION] VERIFY -> CONTINUE | Reason: NOMINAL_OPERATION | Conf: 0.90
[naviguard_perception_node-5] [INFO] [1789289534.299478977] [naviguard_perception_node]: NAVIGUARD Perception Performance: Total=1706 | Processed=1706 | Dropped=0 | Input: 13.5 FPS | Latency: 9.7 ms | Capacity: 102.6 FPS
[sensor_sync_node-7] [INFO] [1789289534.302660903] [sensor_sync_node]: 
[sensor_sync_node-7] ==================== [NAVIGUARD PHASE 5A SENSOR SYNC REPORT] ====================
[sensor_sync_node-7]   OVERALL STATUS: [WARNING]
[sensor_sync_node-7]   1. SENSORS & RATES:
[sensor_sync_node-7]      - Camera (/camera/image_raw):   27.0 Hz (Period: 37.0±10.8ms, Mono: True, Gaps: 90)
[sensor_sync_node-7]      - IMU (/imu):                  100.0 Hz (Period: 10.0± 0.0ms, Mono: True, Gaps: 1)
[sensor_sync_node-7]      - Odometry (/odom):             50.0 Hz (Period: 20.0± 0.0ms, Mono: True, Gaps: 1)
[sensor_sync_node-7]   2. CROSS-SENSOR SYNCHRONIZATION (Tolerance: 20.0ms):
[sensor_sync_node-7]      - Camera <-> IMU:     Median= 4.0ms, Mean=91.0ms, Max=476.0ms [ 67.6% in tol]
[sensor_sync_node-7]      - Camera <-> Odometry: Median= 6.0ms, Mean=48.9ms, Max=498.0ms [ 81.2% in tol]
[sensor_sync_node-7]      - IMU <-> Odometry:    Median= 5.0ms, Mean= 5.0ms, Max=10.0ms [100.0% in tol]
[sensor_sync_node-7]   3. TF & FRAME VALIDATION:
[sensor_sync_node-7]      - Hierarchy Status:    [OK] (All required frames available: True)
[sensor_sync_node-7]      - Optical Convention:  [VALID (REP-103)]
[sensor_sync_node-7]   4. INTRINSIC & FIELD VALIDATIONS:
[sensor_sync_node-7]      - Camera Calibration:  [OK] (fx=381.4, fy=381.4, cx=320.0, cy=240.0)
[sensor_sync_node-7]      - IMU Validation:      [AVAILABLE] (Angular Vel: 0.001 rad/s, Accel: 9.81 m/s²)
[sensor_sync_node-7]      - Odometry Validation: [OK] ('odom' -> 'base_link')
[sensor_sync_node-7] ==================================================================================
[visual_odometry_node-6] [INFO] [1789289534.608595847] [visual_odometry_node]: [VO Frame #1741] Tracks:  72/ 88 | flow dx=-0.35 dy=-0.00 px | 15.6 FPS (5.8ms) | ref_odom vx=+0.25m/s wz=+0.00r/s | Geom: LOW_GEOMETRIC_INLIERS (1 inl) | yaw=+0.0deg | t=[+0.00, +0.00, +0.00] (scale: UNKNOWN)
[visual_odometry_node-6] [INFO] [1789289537.650433211] [visual_odometry_node]: [VO Frame #1784] Tracks:  67/ 83 | flow dx=-0.12 dy=-0.01 px | 15.5 FPS (10.2ms) | ref_odom vx=+0.25m/s wz=+0.00r/s | Geom: DEGENERATE_SMALL_BASELINE (67 inl) | yaw=+0.0deg | t=[+0.00, +0.00, +0.00] (scale: UNKNOWN)
[confidence_node-10] [WARN] [1789289538.048615578] [confidence_node]: [NAVIGUARD TRANSITION] CONTINUE -> VERIFY | Reason: VO_INSUFFICIENT_INLIERS_0 | Conf: 0.76
[naviguard_perception_node-5] [INFO] [1789289539.736650943] [naviguard_perception_node]: NAVIGUARD Perception Performance: Total=1780 | Processed=1780 | Dropped=0 | Input: 13.4 FPS | Latency: 8.6 ms | Capacity: 116.6 FPS
[visual_odometry_node-6] [INFO] [1789289540.684196691] [visual_odometry_node]: [VO Frame #1824] Tracks:  62/109 | flow dx=+1.25 dy=+0.03 px | 13.8 FPS (17.0ms) | ref_odom vx=+0.25m/s wz=-0.00r/s | Geom: LOW_GEOMETRIC_INLIERS (2 inl) | yaw=+0.0deg | t=[+0.00, +0.00, +0.00] (scale: UNKNOWN)
[sensor_sync_node-7] [INFO] [1789289543.553761581] [sensor_sync_node]: 
[sensor_sync_node-7] ==================== [NAVIGUARD PHASE 5A SENSOR SYNC REPORT] ====================
[sensor_sync_node-7]   OVERALL STATUS: [WARNING]
[sensor_sync_node-7]   1. SENSORS & RATES:
[sensor_sync_node-7]      - Camera (/camera/image_raw):   25.0 Hz (Period: 40.0±17.1ms, Mono: True, Gaps: 93)
[sensor_sync_node-7]      - IMU (/imu):                  100.0 Hz (Period: 10.0± 0.0ms, Mono: True, Gaps: 1)
[sensor_sync_node-7]      - Odometry (/odom):             50.0 Hz (Period: 20.0± 0.0ms, Mono: True, Gaps: 1)
[sensor_sync_node-7]   2. CROSS-SENSOR SYNCHRONIZATION (Tolerance: 20.0ms):
[sensor_sync_node-7]      - Camera <-> IMU:     Median= 4.0ms, Mean=99.5ms, Max=492.0ms [ 62.5% in tol]
[sensor_sync_node-7]      - Camera <-> Odometry: Median= 6.0ms, Mean=41.1ms, Max=482.0ms [ 84.1% in tol]
[sensor_sync_node-7]      - IMU <-> Odometry:    Median= 5.0ms, Mean= 5.0ms, Max=10.0ms [100.0% in tol]
[sensor_sync_node-7]   3. TF & FRAME VALIDATION:
[sensor_sync_node-7]      - Hierarchy Status:    [OK] (All required frames available: True)
[sensor_sync_node-7]      - Optical Convention:  [VALID (REP-103)]
[sensor_sync_node-7]   4. INTRINSIC & FIELD VALIDATIONS:
[sensor_sync_node-7]      - Camera Calibration:  [OK] (fx=381.4, fy=381.4, cx=320.0, cy=240.0)
[sensor_sync_node-7]      - IMU Validation:      [AVAILABLE] (Angular Vel: 0.067 rad/s, Accel: 9.81 m/s²)
[sensor_sync_node-7]      - Odometry Validation: [OK] ('odom' -> 'base_link')
[sensor_sync_node-7] ==================================================================================
[visual_odometry_node-6] [INFO] [1789289543.753792702] [visual_odometry_node]: [VO Frame #1863] Tracks:  52/ 80 | flow dx=+7.81 dy=+0.26 px | 12.7 FPS (13.7ms) | ref_odom vx=+0.25m/s wz=+0.07r/s | Geom: GEOMETRIC_MOTION_OK (31 inl) | yaw=+0.4deg | t=[-0.13, +0.06, -0.99] (scale: UNKNOWN)
[naviguard_perception_node-5] [INFO] [1789289545.338446948] [naviguard_perception_node]: NAVIGUARD Perception Performance: Total=1854 | Processed=1854 | Dropped=0 | Input: 12.0 FPS | Latency: 9.8 ms | Capacity: 102.5 FPS
[visual_odometry_node-6] [INFO] [1789289546.768068645] [visual_odometry_node]: [VO Frame #1904] Tracks:  31/ 77 | flow dx=+0.17 dy=+0.00 px | 16.5 FPS (13.8ms) | ref_odom vx=+0.25m/s wz=+0.04r/s | Geom: LOW_GEOMETRIC_INLIERS (1 inl) | yaw=+0.0deg | t=[+0.00, +0.00, +0.00] (scale: UNKNOWN)
[visual_odometry_node-6] [INFO] [1789289549.809615866] [visual_odometry_node]: [VO Frame #1949] Tracks:  24/ 82 | flow dx=-0.51 dy=+0.03 px | 15.6 FPS (13.7ms) | ref_odom vx=+0.25m/s wz=+0.01r/s | Geom: LOW_GEOMETRIC_INLIERS (8 inl) | yaw=+0.0deg | t=[+0.00, +0.00, +0.00] (scale: UNKNOWN)
[naviguard_perception_node-5] [INFO] [1789289550.793533089] [naviguard_perception_node]: NAVIGUARD Perception Performance: Total=1931 | Processed=1931 | Dropped=0 | Input: 13.5 FPS | Latency: 9.0 ms | Capacity: 110.8 FPS
[confidence_node-10] [WARN] [1789289552.095956346] [confidence_node]: [NAVIGUARD TRANSITION] VERIFY -> RECOVER | Reason: SLAM_TRACKING_LOST_INSUFFICIENT_FEATURES_9 | Conf: 0.20
[navigation_node-12] [WARN] [1789289552.634715960] [navigation_node]: Yielding control to Recovery (recovery_state=SAFE_STOP, confidence=CONTINUE).
[sensor_sync_node-7] [INFO] [1789289552.833824532] [sensor_sync_node]: 
[sensor_sync_node-7] ==================== [NAVIGUARD PHASE 5A SENSOR SYNC REPORT] ====================
[sensor_sync_node-7]   OVERALL STATUS: [WARNING]
[sensor_sync_node-7]   1. SENSORS & RATES:
[sensor_sync_node-7]      - Camera (/camera/image_raw):   27.0 Hz (Period: 37.0±10.8ms, Mono: True, Gaps: 95)
[sensor_sync_node-7]      - IMU (/imu):                  100.0 Hz (Period: 10.0± 0.0ms, Mono: True, Gaps: 1)
[sensor_sync_node-7]      - Odometry (/odom):             50.0 Hz (Period: 20.0± 0.0ms, Mono: True, Gaps: 1)
[sensor_sync_node-7]   2. CROSS-SENSOR SYNCHRONIZATION (Tolerance: 20.0ms):
[sensor_sync_node-7]      - Camera <-> IMU:     Median= 4.0ms, Mean=81.5ms, Max=476.0ms [ 70.0% in tol]
[sensor_sync_node-7]      - Camera <-> Odometry: Median= 6.0ms, Mean=61.6ms, Max=500.0ms [ 79.1% in tol]
[sensor_sync_node-7]      - IMU <-> Odometry:    Median= 5.0ms, Mean= 5.0ms, Max=10.0ms [100.0% in tol]
[sensor_sync_node-7]   3. TF & FRAME VALIDATION:
[sensor_sync_node-7]      - Hierarchy Status:    [OK] (All required frames available: True)
[sensor_sync_node-7]      - Optical Convention:  [VALID (REP-103)]
[sensor_sync_node-7]   4. INTRINSIC & FIELD VALIDATIONS:
[sensor_sync_node-7]      - Camera Calibration:  [OK] (fx=381.4, fy=381.4, cx=320.0, cy=240.0)
[sensor_sync_node-7]      - IMU Validation:      [AVAILABLE] (Angular Vel: 0.000 rad/s, Accel: 9.79 m/s²)
[sensor_sync_node-7]      - Odometry Validation: [OK] ('odom' -> 'base_link')
[sensor_sync_node-7] ==================================================================================
[visual_odometry_node-6] [INFO] [1789289552.835999742] [visual_odometry_node]: [VO Frame #1990] Tracks:  24/102 | flow dx=+0.00 dy=+0.00 px | 13.5 FPS (9.4ms) | ref_odom vx=+0.00m/s wz=+0.00r/s | Geom: DEGENERATE_SMALL_BASELINE (24 inl) | yaw=+0.0deg | t=[+0.00, +0.00, +0.00] (scale: UNKNOWN)
[visual_odometry_node-6] [INFO] [1789289555.890398368] [visual_odometry_node]: [VO Frame #2032] Tracks:  17/200 | flow dx=-1.47 dy=-0.00 px | 14.1 FPS (19.4ms) | ref_odom vx=-0.08m/s wz=-0.12r/s | Geom: LOW_GEOMETRIC_INLIERS (0 inl) | yaw=+0.0deg | t=[+0.00, +0.00, +0.00] (scale: UNKNOWN)
[naviguard_perception_node-5] [INFO] [1789289556.726945223] [naviguard_perception_node]: NAVIGUARD Perception Performance: Total=2004 | Processed=2004 | Dropped=0 | Input: 12.0 FPS | Latency: 9.1 ms | Capacity: 109.5 FPS
[visual_odometry_node-6] [INFO] [1789289558.949167720] [visual_odometry_node]: [VO Frame #2069] Tracks:   9/200 | flow dx=-1.44 dy=+0.02 px | 12.6 FPS (22.0ms) | ref_odom vx=-0.08m/s wz=-0.12r/s | Geom: INSUFFICIENT_CORRESPONDENCES (9 inl) | yaw=+0.0deg | t=[+0.00, +0.00, +0.00] (scale: UNKNOWN)
[visual_odometry_node-6] [INFO] [1789289562.033714969] [visual_odometry_node]: [VO Frame #2093] Tracks:  14/ 76 | flow dx=+7.27 dy=-0.99 px | 12.5 FPS (16.3ms) | ref_odom vx=-0.11m/s wz=+0.21r/s | Geom: INSUFFICIENT_CORRESPONDENCES (14 inl) | yaw=+0.0deg | t=[+0.00, +0.00, +0.00] (scale: UNKNOWN)
[naviguard_perception_node-5] [INFO] [1789289563.866462020] [naviguard_perception_node]: NAVIGUARD Perception Performance: Total=2076 | Processed=2076 | Dropped=0 | Input: 12.6 FPS | Latency: 9.7 ms | Capacity: 102.6 FPS
[sensor_sync_node-7] [INFO] [1789289563.870961878] [sensor_sync_node]: 
[sensor_sync_node-7] ==================== [NAVIGUARD PHASE 5A SENSOR SYNC REPORT] ====================
[sensor_sync_node-7]   OVERALL STATUS: [WARNING]
[sensor_sync_node-7]   1. SENSORS & RATES:
[sensor_sync_node-7]      - Camera (/camera/image_raw):   25.4 Hz (Period: 39.3±15.3ms, Mono: True, Gaps: 98)
[sensor_sync_node-7]      - IMU (/imu):                  100.0 Hz (Period: 10.0± 0.0ms, Mono: True, Gaps: 1)
[sensor_sync_node-7]      - Odometry (/odom):             50.0 Hz (Period: 20.0± 0.0ms, Mono: True, Gaps: 1)
[sensor_sync_node-7]   2. CROSS-SENSOR SYNCHRONIZATION (Tolerance: 20.0ms):
[sensor_sync_node-7]      - Camera <-> IMU:     Median= 4.0ms, Mean=98.3ms, Max=494.0ms [ 65.8% in tol]
[sensor_sync_node-7]      - Camera <-> Odometry: Median= 6.0ms, Mean=57.2ms, Max=450.0ms [ 77.4% in tol]
[sensor_sync_node-7]      - IMU <-> Odometry:    Median= 5.0ms, Mean= 5.0ms, Max=10.0ms [100.0% in tol]
[sensor_sync_node-7]   3. TF & FRAME VALIDATION:
[sensor_sync_node-7]      - Hierarchy Status:    [OK] (All required frames available: True)
[sensor_sync_node-7]      - Optical Convention:  [VALID (REP-103)]
[sensor_sync_node-7]   4. INTRINSIC & FIELD VALIDATIONS:
[sensor_sync_node-7]      - Camera Calibration:  [OK] (fx=381.4, fy=381.4, cx=320.0, cy=240.0)
[sensor_sync_node-7]      - IMU Validation:      [AVAILABLE] (Angular Vel: 0.100 rad/s, Accel: 9.80 m/s²)
[sensor_sync_node-7]      - Odometry Validation: [OK] ('odom' -> 'base_link')
[sensor_sync_node-7] ==================================================================================
[visual_odometry_node-6] [INFO] [1789289565.082829214] [visual_odometry_node]: [VO Frame #2128] Tracks:  29/ 78 | flow dx=-0.52 dy=-0.00 px | 11.8 FPS (26.8ms) | ref_odom vx=-0.07m/s wz=-0.04r/s | Geom: LOW_GEOMETRIC_INLIERS (3 inl) | yaw=+0.0deg | t=[+0.00, +0.00, +0.00] (scale: UNKNOWN)
[confidence_node-10] [WARN] [1789289566.612944923] [confidence_node]: [NAVIGUARD TRANSITION] RECOVER -> VERIFY | Reason: VISUAL_WHEEL_DISAGREEMENT | Conf: 0.83
[visual_odometry_node-6] [INFO] [1789289568.083491148] [visual_odometry_node]: [VO Frame #2162] Tracks:  31/ 92 | flow dx=-1.00 dy=+0.00 px | 13.6 FPS (10.8ms) | ref_odom vx=-0.07m/s wz=-0.08r/s | Geom: LOW_GEOMETRIC_INLIERS (0 inl) | yaw=+0.0deg | t=[+0.00, +0.00, +0.00] (scale: UNKNOWN)
[naviguard_perception_node-5] [INFO] [1789289569.899900615] [naviguard_perception_node]: NAVIGUARD Perception Performance: Total=2146 | Processed=2146 | Dropped=0 | Input: 12.2 FPS | Latency: 10.1 ms | Capacity: 98.8 FPS
[visual_odometry_node-6] [INFO] [1789289571.235286865] [visual_odometry_node]: [VO Frame #2201] Tracks:  26/200 | flow dx=-2.71 dy=-0.01 px | 14.0 FPS (25.7ms) | ref_odom vx=-0.07m/s wz=-0.05r/s | Geom: GEOMETRIC_MOTION_OK (26 inl) | yaw=+1.3deg | t=[-0.99, +0.01, -0.16] (scale: UNKNOWN)
[confidence_node-10] [WARN] [1789289572.863489352] [confidence_node]: [NAVIGUARD TRANSITION] VERIFY -> RECOVER | Reason: SLAM_TRACKING_LOST_INSUFFICIENT_FEATURES_9 | Conf: 0.20
[sensor_sync_node-7] [INFO] [1789289573.592537438] [sensor_sync_node]: 
[sensor_sync_node-7] ==================== [NAVIGUARD PHASE 5A SENSOR SYNC REPORT] ====================
[sensor_sync_node-7]   OVERALL STATUS: [WARNING]
[sensor_sync_node-7]   1. SENSORS & RATES:
[sensor_sync_node-7]      - Camera (/camera/image_raw):   22.9 Hz (Period: 43.7±19.8ms, Mono: True, Gaps: 104)
[sensor_sync_node-7]      - IMU (/imu):                  100.0 Hz (Period: 10.0± 0.0ms, Mono: True, Gaps: 1)
[sensor_sync_node-7]      - Odometry (/odom):             50.0 Hz (Period: 20.0± 0.0ms, Mono: True, Gaps: 1)
[sensor_sync_node-7]   2. CROSS-SENSOR SYNCHRONIZATION (Tolerance: 20.0ms):
[sensor_sync_node-7]      - Camera <-> IMU:     Median= 4.0ms, Mean=87.2ms, Max=488.0ms [ 64.5% in tol]
[sensor_sync_node-7]      - Camera <-> Odometry: Median= 6.0ms, Mean=56.7ms, Max=488.0ms [ 78.6% in tol]
[sensor_sync_node-7]      - IMU <-> Odometry:    Median= 5.0ms, Mean= 5.0ms, Max=10.0ms [100.0% in tol]
[sensor_sync_node-7]   3. TF & FRAME VALIDATION:
[sensor_sync_node-7]      - Hierarchy Status:    [OK] (All required frames available: True)
[sensor_sync_node-7]      - Optical Convention:  [VALID (REP-103)]
[sensor_sync_node-7]   4. INTRINSIC & FIELD VALIDATIONS:
[sensor_sync_node-7]      - Camera Calibration:  [OK] (fx=381.4, fy=381.4, cx=320.0, cy=240.0)
[sensor_sync_node-7]      - IMU Validation:      [AVAILABLE] (Angular Vel: 0.048 rad/s, Accel: 9.80 m/s²)
[sensor_sync_node-7]      - Odometry Validation: [OK] ('odom' -> 'base_link')
[sensor_sync_node-7] ==================================================================================
[visual_odometry_node-6] [INFO] [1789289574.257635493] [visual_odometry_node]: [VO Frame #2237] Tracks:  26/200 | flow dx=-0.84 dy=-0.00 px | 13.6 FPS (15.7ms) | ref_odom vx=-0.07m/s wz=-0.05r/s | Geom: LOW_GEOMETRIC_INLIERS (0 inl) | yaw=+0.0deg | t=[+0.00, +0.00, +0.00] (scale: UNKNOWN)
[naviguard_perception_node-5] [INFO] [1789289575.504099554] [naviguard_perception_node]: NAVIGUARD Perception Performance: Total=2213 | Processed=2213 | Dropped=0 | Input: 12.5 FPS | Latency: 8.7 ms | Capacity: 115.6 FPS
[visual_odometry_node-6] [INFO] [1789289577.347363709] [visual_odometry_node]: [VO Frame #2278] Tracks:  25/183 | flow dx=+0.00 dy=+0.00 px | 13.8 FPS (15.0ms) | ref_odom vx=+0.00m/s wz=+0.00r/s | Geom: DEGENERATE_SMALL_BASELINE (25 inl) | yaw=+0.0deg | t=[+0.00, +0.00, +0.00] (scale: UNKNOWN)
[visual_odometry_node-6] [INFO] [1789289580.408927652] [visual_odometry_node]: [VO Frame #2315] Tracks:  25/183 | flow dx=+0.00 dy=+0.00 px | 13.6 FPS (15.1ms) | ref_odom vx=+0.00m/s wz=+0.00r/s | Geom: DEGENERATE_SMALL_BASELINE (25 inl) | yaw=+0.0deg | t=[+0.00, +0.00, +0.00] (scale: UNKNOWN)
[naviguard_perception_node-5] [INFO] [1789289581.187851427] [naviguard_perception_node]: NAVIGUARD Perception Performance: Total=2284 | Processed=2284 | Dropped=0 | Input: 12.2 FPS | Latency: 10.3 ms | Capacity: 97.5 FPS
[sensor_sync_node-7] [INFO] [1789289583.170375619] [sensor_sync_node]: 
[sensor_sync_node-7] ==================== [NAVIGUARD PHASE 5A SENSOR SYNC REPORT] ====================
[sensor_sync_node-7]   OVERALL STATUS: [WARNING]
[sensor_sync_node-7]   1. SENSORS & RATES:
[sensor_sync_node-7]      - Camera (/camera/image_raw):   24.2 Hz (Period: 41.3±15.9ms, Mono: True, Gaps: 106)
[sensor_sync_node-7]      - IMU (/imu):                  100.0 Hz (Period: 10.0± 0.0ms, Mono: True, Gaps: 1)
[sensor_sync_node-7]      - Odometry (/odom):             50.0 Hz (Period: 20.0± 0.0ms, Mono: True, Gaps: 1)
[sensor_sync_node-7]   2. CROSS-SENSOR SYNCHRONIZATION (Tolerance: 20.0ms):
[sensor_sync_node-7]      - Camera <-> IMU:     Median= 4.0ms, Mean=86.2ms, Max=494.0ms [ 68.6% in tol]
[sensor_sync_node-7]      - Camera <-> Odometry: Median= 6.0ms, Mean=60.5ms, Max=484.0ms [ 78.3% in tol]
[sensor_sync_node-7]      - IMU <-> Odometry:    Median= 5.0ms, Mean= 5.0ms, Max=10.0ms [100.0% in tol]
[sensor_sync_node-7]   3. TF & FRAME VALIDATION:
[sensor_sync_node-7]      - Hierarchy Status:    [OK] (All required frames available: True)
[sensor_sync_node-7]      - Optical Convention:  [VALID (REP-103)]
[sensor_sync_node-7]   4. INTRINSIC & FIELD VALIDATIONS:
[sensor_sync_node-7]      - Camera Calibration:  [OK] (fx=381.4, fy=381.4, cx=320.0, cy=240.0)
[sensor_sync_node-7]      - IMU Validation:      [AVAILABLE] (Angular Vel: 0.001 rad/s, Accel: 9.80 m/s²)
[sensor_sync_node-7]      - Odometry Validation: [OK] ('odom' -> 'base_link')
[sensor_sync_node-7] ==================================================================================
[visual_odometry_node-6] [INFO] [1789289583.436742230] [visual_odometry_node]: [VO Frame #2352] Tracks:  25/183 | flow dx=+0.00 dy=+0.00 px | 14.4 FPS (13.6ms) | ref_odom vx=+0.00m/s wz=+0.00r/s | Geom: DEGENERATE_SMALL_BASELINE (25 inl) | yaw=+0.0deg | t=[+0.00, +0.00, +0.00] (scale: UNKNOWN)
[visual_odometry_node-6] [INFO] [1789289586.578900397] [visual_odometry_node]: [VO Frame #2395] Tracks:  25/183 | flow dx=+0.00 dy=+0.00 px | 14.1 FPS (16.3ms) | ref_odom vx=+0.00m/s wz=+0.00r/s | Geom: DEGENERATE_SMALL_BASELINE (25 inl) | yaw=+0.0deg | t=[+0.00, +0.00, +0.00] (scale: UNKNOWN)
[naviguard_perception_node-5] [INFO] [1789289586.983632441] [naviguard_perception_node]: NAVIGUARD Perception Performance: Total=2353 | Processed=2353 | Dropped=0 | Input: 12.0 FPS | Latency: 10.8 ms | Capacity: 92.7 FPS
[visual_odometry_node-6] [INFO] [1789289589.613243729] [visual_odometry_node]: [VO Frame #2428] Tracks:  25/183 | flow dx=+0.00 dy=+0.00 px | 11.4 FPS (20.7ms) | ref_odom vx=+0.00m/s wz=+0.00r/s | Geom: DEGENERATE_SMALL_BASELINE (25 inl) | yaw=+0.0deg | t=[+0.00, +0.00, +0.00] (scale: UNKNOWN)
[visual_odometry_node-6] [INFO] [1789289592.690289385] [visual_odometry_node]: [VO Frame #2468] Tracks:  25/183 | flow dx=+0.00 dy=+0.00 px | 14.9 FPS (12.0ms) | ref_odom vx=+0.00m/s wz=+0.00r/s | Geom: DEGENERATE_SMALL_BASELINE (25 inl) | yaw=+0.0deg | t=[+0.00, +0.00, +0.00] (scale: UNKNOWN)
[sensor_sync_node-7] [INFO] [1789289592.804828192] [sensor_sync_node]: 
[sensor_sync_node-7] ==================== [NAVIGUARD PHASE 5A SENSOR SYNC REPORT] ====================
[sensor_sync_node-7]   OVERALL STATUS: [WARNING]
[sensor_sync_node-7]   1. SENSORS & RATES:
[sensor_sync_node-7]      - Camera (/camera/image_raw):   24.4 Hz (Period: 41.0±17.0ms, Mono: True, Gaps: 111)
[sensor_sync_node-7]      - IMU (/imu):                  100.0 Hz (Period: 10.0± 0.0ms, Mono: True, Gaps: 1)
[sensor_sync_node-7]      - Odometry (/odom):             50.0 Hz (Period: 20.0± 0.0ms, Mono: True, Gaps: 1)
[sensor_sync_node-7]   2. CROSS-SENSOR SYNCHRONIZATION (Tolerance: 20.0ms):
[sensor_sync_node-7]      - Camera <-> IMU:     Median= 4.0ms, Mean=74.6ms, Max=488.0ms [ 70.3% in tol]
[sensor_sync_node-7]      - Camera <-> Odometry: Median= 6.0ms, Mean=49.2ms, Max=488.0ms [ 81.0% in tol]
[sensor_sync_node-7]      - IMU <-> Odometry:    Median= 5.0ms, Mean= 5.0ms, Max=10.0ms [100.0% in tol]
[sensor_sync_node-7]   3. TF & FRAME VALIDATION:
[sensor_sync_node-7]      - Hierarchy Status:    [OK] (All required frames available: True)
[sensor_sync_node-7]      - Optical Convention:  [VALID (REP-103)]
[sensor_sync_node-7]   4. INTRINSIC & FIELD VALIDATIONS:
[sensor_sync_node-7]      - Camera Calibration:  [OK] (fx=381.4, fy=381.4, cx=320.0, cy=240.0)
[sensor_sync_node-7]      - IMU Validation:      [AVAILABLE] (Angular Vel: 0.000 rad/s, Accel: 9.80 m/s²)
[sensor_sync_node-7]      - Odometry Validation: [OK] ('odom' -> 'base_link')
[sensor_sync_node-7] ==================================================================================
[naviguard_perception_node-5] [INFO] [1789289592.816022124] [naviguard_perception_node]: NAVIGUARD Perception Performance: Total=2419 | Processed=2419 | Dropped=0 | Input: 11.9 FPS | Latency: 10.6 ms | Capacity: 94.2 FPS
[visual_odometry_node-6] [INFO] [1789289595.722408141] [visual_odometry_node]: [VO Frame #2503] Tracks:  25/183 | flow dx=+0.00 dy=+0.00 px | 15.7 FPS (9.1ms) | ref_odom vx=+0.00m/s wz=+0.00r/s | Geom: DEGENERATE_SMALL_BASELINE (25 inl) | yaw=+0.0deg | t=[+0.00, +0.00, +0.00] (scale: UNKNOWN)
[visual_odometry_node-6] [INFO] [1789289598.787357413] [visual_odometry_node]: [VO Frame #2541] Tracks:  25/183 | flow dx=+0.00 dy=+0.00 px | 13.4 FPS (12.7ms) | ref_odom vx=+0.00m/s wz=+0.00r/s | Geom: DEGENERATE_SMALL_BASELINE (25 inl) | yaw=+0.0deg | t=[+0.00, +0.00, +0.00] (scale: UNKNOWN)
[naviguard_perception_node-5] [INFO] [1789289599.024181866] [naviguard_perception_node]: NAVIGUARD Perception Performance: Total=2492 | Processed=2492 | Dropped=0 | Input: 12.5 FPS | Latency: 10.1 ms | Capacity: 99.0 FPS
[visual_odometry_node-6] [INFO] [1789289601.831746879] [visual_odometry_node]: [VO Frame #2580] Tracks:  25/183 | flow dx=+0.00 dy=+0.00 px | 14.1 FPS (9.1ms) | ref_odom vx=+0.00m/s wz=+0.00r/s | Geom: DEGENERATE_SMALL_BASELINE (25 inl) | yaw=+0.0deg | t=[+0.00, +0.00, +0.00] (scale: UNKNOWN)
[sensor_sync_node-7] [INFO] [1789289602.801632178] [sensor_sync_node]: 
[sensor_sync_node-7] ==================== [NAVIGUARD PHASE 5A SENSOR SYNC REPORT] ====================
[sensor_sync_node-7]   OVERALL STATUS: [WARNING]
[sensor_sync_node-7]   1. SENSORS & RATES:
[sensor_sync_node-7]      - Camera (/camera/image_raw):   24.6 Hz (Period: 40.7±15.4ms, Mono: True, Gaps: 113)
[sensor_sync_node-7]      - IMU (/imu):                  100.0 Hz (Period: 10.0± 0.0ms, Mono: True, Gaps: 1)
[sensor_sync_node-7]      - Odometry (/odom):             50.0 Hz (Period: 20.0± 0.0ms, Mono: True, Gaps: 1)
[sensor_sync_node-7]   2. CROSS-SENSOR SYNCHRONIZATION (Tolerance: 20.0ms):
[sensor_sync_node-7]      - Camera <-> IMU:     Median= 4.0ms, Mean=92.4ms, Max=462.0ms [ 66.7% in tol]
[sensor_sync_node-7]      - Camera <-> Odometry: Median= 6.0ms, Mean=52.1ms, Max=486.0ms [ 81.4% in tol]
[sensor_sync_node-7]      - IMU <-> Odometry:    Median= 5.0ms, Mean= 5.0ms, Max=10.0ms [100.0% in tol]
[sensor_sync_node-7]   3. TF & FRAME VALIDATION:
[sensor_sync_node-7]      - Hierarchy Status:    [OK] (All required frames available: True)
[sensor_sync_node-7]      - Optical Convention:  [VALID (REP-103)]
[sensor_sync_node-7]   4. INTRINSIC & FIELD VALIDATIONS:
[sensor_sync_node-7]      - Camera Calibration:  [OK] (fx=381.4, fy=381.4, cx=320.0, cy=240.0)
[sensor_sync_node-7]      - IMU Validation:      [AVAILABLE] (Angular Vel: 0.000 rad/s, Accel: 9.81 m/s²)
[sensor_sync_node-7]      - Odometry Validation: [OK] ('odom' -> 'base_link')
[sensor_sync_node-7] ==================================================================================
[naviguard_perception_node-5] [INFO] [1789289604.679673952] [naviguard_perception_node]: NAVIGUARD Perception Performance: Total=2562 | Processed=2562 | Dropped=0 | Input: 13.3 FPS | Latency: 10.5 ms | Capacity: 95.3 FPS
[visual_odometry_node-6] [INFO] [1789289604.972772570] [visual_odometry_node]: [VO Frame #2620] Tracks:  25/183 | flow dx=+0.00 dy=+0.00 px | 14.1 FPS (24.6ms) | ref_odom vx=+0.00m/s wz=+0.00r/s | Geom: DEGENERATE_SMALL_BASELINE (25 inl) | yaw=+0.0deg | t=[+0.00, +0.00, +0.00] (scale: UNKNOWN)
[visual_odometry_node-6] [INFO] [1789289607.991262882] [visual_odometry_node]: [VO Frame #2663] Tracks:  25/183 | flow dx=+0.00 dy=+0.00 px | 15.8 FPS (10.5ms) | ref_odom vx=+0.00m/s wz=+0.00r/s | Geom: DEGENERATE_SMALL_BASELINE (25 inl) | yaw=+0.0deg | t=[+0.00, +0.00, +0.00] (scale: UNKNOWN)
[naviguard_perception_node-5] [INFO] [1789289610.424807640] [naviguard_perception_node]: NAVIGUARD Perception Performance: Total=2639 | Processed=2639 | Dropped=0 | Input: 13.5 FPS | Latency: 9.3 ms | Capacity: 108.0 FPS
[visual_odometry_node-6] [INFO] [1789289611.027331075] [visual_odometry_node]: [VO Frame #2706] Tracks:  25/183 | flow dx=+0.00 dy=+0.00 px | 15.8 FPS (15.7ms) | ref_odom vx=+0.00m/s wz=+0.00r/s | Geom: DEGENERATE_SMALL_BASELINE (25 inl) | yaw=+0.0deg | t=[+0.00, +0.00, +0.00] (scale: UNKNOWN)
[sensor_sync_node-7] [INFO] [1789289612.488785420] [sensor_sync_node]: 
[sensor_sync_node-7] ==================== [NAVIGUARD PHASE 5A SENSOR SYNC REPORT] ====================
[sensor_sync_node-7]   OVERALL STATUS: [WARNING]
[sensor_sync_node-7]   1. SENSORS & RATES:
[sensor_sync_node-7]      - Camera (/camera/image_raw):   27.0 Hz (Period: 37.0±11.7ms, Mono: True, Gaps: 115)
[sensor_sync_node-7]      - IMU (/imu):                  100.0 Hz (Period: 10.0± 0.0ms, Mono: True, Gaps: 1)
[sensor_sync_node-7]      - Odometry (/odom):             50.0 Hz (Period: 20.0± 0.0ms, Mono: True, Gaps: 1)
[sensor_sync_node-7]   2. CROSS-SENSOR SYNCHRONIZATION (Tolerance: 20.0ms):
[sensor_sync_node-7]      - Camera <-> IMU:     Median= 4.0ms, Mean=87.0ms, Max=480.0ms [ 67.5% in tol]
[sensor_sync_node-7]      - Camera <-> Odometry: Median= 6.0ms, Mean=52.2ms, Max=470.0ms [ 82.1% in tol]
[sensor_sync_node-7]      - IMU <-> Odometry:    Median= 5.0ms, Mean= 5.0ms, Max=10.0ms [100.0% in tol]
[sensor_sync_node-7]   3. TF & FRAME VALIDATION:
[sensor_sync_node-7]      - Hierarchy Status:    [OK] (All required frames available: True)
[sensor_sync_node-7]      - Optical Convention:  [VALID (REP-103)]
[sensor_sync_node-7]   4. INTRINSIC & FIELD VALIDATIONS:
[sensor_sync_node-7]      - Camera Calibration:  [OK] (fx=381.4, fy=381.4, cx=320.0, cy=240.0)
[sensor_sync_node-7]      - IMU Validation:      [AVAILABLE] (Angular Vel: 0.000 rad/s, Accel: 9.78 m/s²)
[sensor_sync_node-7]      - Odometry Validation: [OK] ('odom' -> 'base_link')
[sensor_sync_node-7] ==================================================================================
[visual_odometry_node-6] [INFO] [1789289614.188916396] [visual_odometry_node]: [VO Frame #2743] Tracks:  25/183 | flow dx=+0.00 dy=+0.00 px | 12.6 FPS (18.9ms) | ref_odom vx=+0.00m/s wz=+0.00r/s | Geom: DEGENERATE_SMALL_BASELINE (25 inl) | yaw=+0.0deg | t=[+0.00, +0.00, +0.00] (scale: UNKNOWN)
[naviguard_perception_node-5] [INFO] [1789289616.523390108] [naviguard_perception_node]: NAVIGUARD Perception Performance: Total=2710 | Processed=2710 | Dropped=0 | Input: 11.0 FPS | Latency: 10.4 ms | Capacity: 95.8 FPS
[visual_odometry_node-6] [INFO] [1789289617.247468009] [visual_odometry_node]: [VO Frame #2779] Tracks:  25/183 | flow dx=+0.00 dy=+0.00 px | 13.9 FPS (18.1ms) | ref_odom vx=+0.00m/s wz=+0.00r/s | Geom: DEGENERATE_SMALL_BASELINE (25 inl) | yaw=+0.0deg | t=[+0.00, +0.00, +0.00] (scale: UNKNOWN)
[visual_odometry_node-6] [INFO] [1789289620.321914011] [visual_odometry_node]: [VO Frame #2813] Tracks:  25/183 | flow dx=+0.00 dy=+0.00 px | 13.9 FPS (9.9ms) | ref_odom vx=+0.00m/s wz=+0.00r/s | Geom: DEGENERATE_SMALL_BASELINE (25 inl) | yaw=+0.0deg | t=[+0.00, +0.00, +0.00] (scale: UNKNOWN)
[naviguard_perception_node-5] [INFO] [1789289622.290972378] [naviguard_perception_node]: NAVIGUARD Perception Performance: Total=2772 | Processed=2772 | Dropped=0 | Input: 11.6 FPS | Latency: 9.2 ms | Capacity: 108.4 FPS
[sensor_sync_node-7] [INFO] [1789289622.298903487] [sensor_sync_node]: 
[sensor_sync_node-7] ==================== [NAVIGUARD PHASE 5A SENSOR SYNC REPORT] ====================
[sensor_sync_node-7]   OVERALL STATUS: [WARNING]
[sensor_sync_node-7]   1. SENSORS & RATES:
[sensor_sync_node-7]      - Camera (/camera/image_raw):   22.1 Hz (Period: 45.3±21.9ms, Mono: True, Gaps: 121)
[sensor_sync_node-7]      - IMU (/imu):                  100.0 Hz (Period: 10.0± 0.0ms, Mono: True, Gaps: 1)
[sensor_sync_node-7]      - Odometry (/odom):             50.0 Hz (Period: 20.0± 0.0ms, Mono: True, Gaps: 1)
[sensor_sync_node-7]   2. CROSS-SENSOR SYNCHRONIZATION (Tolerance: 20.0ms):
[sensor_sync_node-7]      - Camera <-> IMU:     Median= 4.0ms, Mean=99.0ms, Max=496.0ms [ 63.6% in tol]
[sensor_sync_node-7]      - Camera <-> Odometry: Median= 6.0ms, Mean=52.0ms, Max=486.0ms [ 81.5% in tol]
[sensor_sync_node-7]      - IMU <-> Odometry:    Median= 5.0ms, Mean= 5.0ms, Max=10.0ms [100.0% in tol]
[sensor_sync_node-7]   3. TF & FRAME VALIDATION:
[sensor_sync_node-7]      - Hierarchy Status:    [OK] (All required frames available: True)
[sensor_sync_node-7]      - Optical Convention:  [VALID (REP-103)]
[sensor_sync_node-7]   4. INTRINSIC & FIELD VALIDATIONS:
[sensor_sync_node-7]      - Camera Calibration:  [OK] (fx=381.4, fy=381.4, cx=320.0, cy=240.0)
[sensor_sync_node-7]      - IMU Validation:      [AVAILABLE] (Angular Vel: 0.000 rad/s, Accel: 9.79 m/s²)
[sensor_sync_node-7]      - Odometry Validation: [OK] ('odom' -> 'base_link')
[sensor_sync_node-7] ==================================================================================
[visual_odometry_node-6] [INFO] [1789289623.335833317] [visual_odometry_node]: [VO Frame #2849] Tracks:  25/183 | flow dx=+0.00 dy=+0.00 px | 13.7 FPS (14.9ms) | ref_odom vx=+0.00m/s wz=+0.00r/s | Geom: DEGENERATE_SMALL_BASELINE (25 inl) | yaw=+0.0deg | t=[+0.00, +0.00, +0.00] (scale: UNKNOWN)
[visual_odometry_node-6] [INFO] [1789289626.371129583] [visual_odometry_node]: [VO Frame #2885] Tracks:  25/183 | flow dx=+0.00 dy=+0.00 px | 15.3 FPS (13.0ms) | ref_odom vx=+0.00m/s wz=+0.00r/s | Geom: DEGENERATE_SMALL_BASELINE (25 inl) | yaw=+0.0deg | t=[+0.00, +0.00, +0.00] (scale: UNKNOWN)
[naviguard_perception_node-5] [INFO] [1789289629.207420277] [naviguard_perception_node]: NAVIGUARD Perception Performance: Total=2843 | Processed=2843 | Dropped=0 | Input: 12.0 FPS | Latency: 9.6 ms | Capacity: 104.3 FPS
[visual_odometry_node-6] [INFO] [1789289629.549620995] [visual_odometry_node]: [VO Frame #2913] Tracks:  25/183 | flow dx=+0.00 dy=+0.00 px | 13.4 FPS (32.5ms) | ref_odom vx=+0.00m/s wz=+0.00r/s | Geom: DEGENERATE_SMALL_BASELINE (25 inl) | yaw=+0.0deg | t=[+0.00, +0.00, +0.00] (scale: UNKNOWN)
[visual_odometry_node-6] [INFO] [1789289632.527498751] [visual_odometry_node]: [VO Frame #2944] Tracks:  25/183 | flow dx=+0.00 dy=+0.00 px | 13.2 FPS (14.2ms) | ref_odom vx=+0.00m/s wz=+0.00r/s | Geom: DEGENERATE_SMALL_BASELINE (25 inl) | yaw=+0.0deg | t=[+0.00, +0.00, +0.00] (scale: UNKNOWN)
[sensor_sync_node-7] [INFO] [1789289633.283855949] [sensor_sync_node]: 
[sensor_sync_node-7] ==================== [NAVIGUARD PHASE 5A SENSOR SYNC REPORT] ====================
[sensor_sync_node-7]   OVERALL STATUS: [WARNING]
[sensor_sync_node-7]   1. SENSORS & RATES:
[sensor_sync_node-7]      - Camera (/camera/image_raw):   22.9 Hz (Period: 43.7±20.9ms, Mono: True, Gaps: 129)
[sensor_sync_node-7]      - IMU (/imu):                   99.0 Hz (Period: 10.1± 1.0ms, Mono: True, Gaps: 1)
[sensor_sync_node-7]      - Odometry (/odom):             50.0 Hz (Period: 20.0± 0.0ms, Mono: True, Gaps: 1)
[sensor_sync_node-7]   2. CROSS-SENSOR SYNCHRONIZATION (Tolerance: 20.0ms):
[sensor_sync_node-7]      - Camera <-> IMU:     Median= 4.0ms, Mean=101.8ms, Max=470.0ms [ 62.5% in tol]
[sensor_sync_node-7]      - Camera <-> Odometry: Median= 6.0ms, Mean=62.1ms, Max=470.0ms [ 78.2% in tol]
[sensor_sync_node-7]      - IMU <-> Odometry:    Median=10.0ms, Mean= 5.1ms, Max=10.0ms [100.0% in tol]
[sensor_sync_node-7]   3. TF & FRAME VALIDATION:
[sensor_sync_node-7]      - Hierarchy Status:    [OK] (All required frames available: True)
[sensor_sync_node-7]      - Optical Convention:  [VALID (REP-103)]
[sensor_sync_node-7]   4. INTRINSIC & FIELD VALIDATIONS:
[sensor_sync_node-7]      - Camera Calibration:  [OK] (fx=381.4, fy=381.4, cx=320.0, cy=240.0)
[sensor_sync_node-7]      - IMU Validation:      [AVAILABLE] (Angular Vel: 0.000 rad/s, Accel: 9.81 m/s²)
[sensor_sync_node-7]      - Odometry Validation: [OK] ('odom' -> 'base_link')
[sensor_sync_node-7] ==================================================================================
[naviguard_perception_node-5] [INFO] [1789289635.133610825] [naviguard_perception_node]: NAVIGUARD Perception Performance: Total=2909 | Processed=2909 | Dropped=0 | Input: 11.0 FPS | Latency: 9.0 ms | Capacity: 110.6 FPS
[visual_odometry_node-6] [INFO] [1789289635.554717548] [visual_odometry_node]: [VO Frame #2981] Tracks:  25/183 | flow dx=+0.00 dy=+0.00 px | 13.9 FPS (13.1ms) | ref_odom vx=+0.00m/s wz=+0.00r/s | Geom: DEGENERATE_SMALL_BASELINE (25 inl) | yaw=+0.0deg | t=[+0.00, +0.00, +0.00] (scale: UNKNOWN)
[visual_odometry_node-6] [INFO] [1789289638.612678753] [visual_odometry_node]: [VO Frame #3014] Tracks:  25/183 | flow dx=+0.00 dy=+0.00 px | 13.5 FPS (11.4ms) | ref_odom vx=+0.00m/s wz=+0.00r/s | Geom: DEGENERATE_SMALL_BASELINE (25 inl) | yaw=+0.0deg | t=[+0.00, +0.00, +0.00] (scale: UNKNOWN)
[naviguard_perception_node-5] [INFO] [1789289641.368897617] [naviguard_perception_node]: NAVIGUARD Perception Performance: Total=2973 | Processed=2973 | Dropped=0 | Input: 10.7 FPS | Latency: 11.3 ms | Capacity: 88.1 FPS
[visual_odometry_node-6] [INFO] [1789289641.631111315] [visual_odometry_node]: [VO Frame #3046] Tracks:  25/183 | flow dx=+0.00 dy=+0.00 px | 12.2 FPS (24.4ms) | ref_odom vx=+0.00m/s wz=+0.00r/s | Geom: DEGENERATE_SMALL_BASELINE (25 inl) | yaw=+0.0deg | t=[+0.00, +0.00, +0.00] (scale: UNKNOWN)
[sensor_sync_node-7] [INFO] [1789289643.593645570] [sensor_sync_node]: 
[sensor_sync_node-7] ==================== [NAVIGUARD PHASE 5A SENSOR SYNC REPORT] ====================
[sensor_sync_node-7]   OVERALL STATUS: [WARNING]
[sensor_sync_node-7]   1. SENSORS & RATES:
[sensor_sync_node-7]      - Camera (/camera/image_raw):   24.0 Hz (Period: 41.7±17.9ms, Mono: True, Gaps: 133)
[sensor_sync_node-7]      - IMU (/imu):                  100.0 Hz (Period: 10.0± 0.0ms, Mono: True, Gaps: 1)
[sensor_sync_node-7]      - Odometry (/odom):             50.0 Hz (Period: 20.0± 0.0ms, Mono: True, Gaps: 1)
[sensor_sync_node-7]   2. CROSS-SENSOR SYNCHRONIZATION (Tolerance: 20.0ms):
[sensor_sync_node-7]      - Camera <-> IMU:     Median= 4.0ms, Mean=90.4ms, Max=498.0ms [ 72.2% in tol]
[sensor_sync_node-7]      - Camera <-> Odometry: Median= 6.0ms, Mean=54.7ms, Max=488.0ms [ 80.0% in tol]
[sensor_sync_node-7]      - IMU <-> Odometry:    Median= 5.0ms, Mean= 5.0ms, Max=10.0ms [100.0% in tol]
[sensor_sync_node-7]   3. TF & FRAME VALIDATION:
[sensor_sync_node-7]      - Hierarchy Status:    [OK] (All required frames available: True)
[sensor_sync_node-7]      - Optical Convention:  [VALID (REP-103)]
[sensor_sync_node-7]   4. INTRINSIC & FIELD VALIDATIONS:
[sensor_sync_node-7]      - Camera Calibration:  [OK] (fx=381.4, fy=381.4, cx=320.0, cy=240.0)
[sensor_sync_node-7]      - IMU Validation:      [AVAILABLE] (Angular Vel: 0.001 rad/s, Accel: 9.81 m/s²)
[sensor_sync_node-7]      - Odometry Validation: [OK] ('odom' -> 'base_link')
[sensor_sync_node-7] ==================================================================================
[visual_odometry_node-6] [INFO] [1789289644.654382741] [visual_odometry_node]: [VO Frame #3079] Tracks:  25/183 | flow dx=+0.00 dy=+0.00 px | 12.3 FPS (11.9ms) | ref_odom vx=+0.00m/s wz=+0.00r/s | Geom: DEGENERATE_SMALL_BASELINE (25 inl) | yaw=+0.0deg | t=[+0.00, +0.00, +0.00] (scale: UNKNOWN)
[naviguard_perception_node-5] [INFO] [1789289647.270248967] [naviguard_perception_node]: NAVIGUARD Perception Performance: Total=3042 | Processed=3042 | Dropped=0 | Input: 11.6 FPS | Latency: 9.5 ms | Capacity: 105.4 FPS
[visual_odometry_node-6] [INFO] [1789289647.680722687] [visual_odometry_node]: [VO Frame #3117] Tracks:  25/183 | flow dx=+0.00 dy=+0.00 px | 13.0 FPS (21.1ms) | ref_odom vx=+0.00m/s wz=+0.00r/s | Geom: DEGENERATE_SMALL_BASELINE (25 inl) | yaw=+0.0deg | t=[+0.00, +0.00, +0.00] (scale: UNKNOWN)
[visual_odometry_node-6] [INFO] [1789289650.712029555] [visual_odometry_node]: [VO Frame #3153] Tracks:  25/183 | flow dx=+0.00 dy=+0.00 px | 14.6 FPS (9.5ms) | ref_odom vx=+0.00m/s wz=+0.00r/s | Geom: DEGENERATE_SMALL_BASELINE (25 inl) | yaw=+0.0deg | t=[+0.00, +0.00, +0.00] (scale: UNKNOWN)
[naviguard_perception_node-5] [INFO] [1789289653.168881494] [naviguard_perception_node]: NAVIGUARD Perception Performance: Total=3116 | Processed=3116 | Dropped=0 | Input: 14.2 FPS | Latency: 9.4 ms | Capacity: 106.1 FPS
[sensor_sync_node-7] [INFO] [1789289653.178335513] [sensor_sync_node]: 
[sensor_sync_node-7] ==================== [NAVIGUARD PHASE 5A SENSOR SYNC REPORT] ====================
[sensor_sync_node-7]   OVERALL STATUS: [WARNING]
[sensor_sync_node-7]   1. SENSORS & RATES:
[sensor_sync_node-7]      - Camera (/camera/image_raw):   24.8 Hz (Period: 40.3±15.3ms, Mono: True, Gaps: 136)
[sensor_sync_node-7]      - IMU (/imu):                  100.0 Hz (Period: 10.0± 0.0ms, Mono: True, Gaps: 1)
[sensor_sync_node-7]      - Odometry (/odom):             50.0 Hz (Period: 20.0± 0.0ms, Mono: True, Gaps: 1)
[sensor_sync_node-7]   2. CROSS-SENSOR SYNCHRONIZATION (Tolerance: 20.0ms):
[sensor_sync_node-7]      - Camera <-> IMU:     Median= 4.0ms, Mean=80.1ms, Max=482.0ms [ 67.6% in tol]
[sensor_sync_node-7]      - Camera <-> Odometry: Median= 6.0ms, Mean=55.1ms, Max=472.0ms [ 82.3% in tol]
[sensor_sync_node-7]      - IMU <-> Odometry:    Median= 5.0ms, Mean= 5.0ms, Max=10.0ms [100.0% in tol]
[sensor_sync_node-7]   3. TF & FRAME VALIDATION:
[sensor_sync_node-7]      - Hierarchy Status:    [OK] (All required frames available: True)
[sensor_sync_node-7]      - Optical Convention:  [VALID (REP-103)]
[sensor_sync_node-7]   4. INTRINSIC & FIELD VALIDATIONS:
[sensor_sync_node-7]      - Camera Calibration:  [OK] (fx=381.4, fy=381.4, cx=320.0, cy=240.0)
[sensor_sync_node-7]      - IMU Validation:      [AVAILABLE] (Angular Vel: 0.000 rad/s, Accel: 9.81 m/s²)
[sensor_sync_node-7]      - Odometry Validation: [OK] ('odom' -> 'base_link')
[sensor_sync_node-7] ==================================================================================
[visual_odometry_node-6] [INFO] [1789289653.738636409] [visual_odometry_node]: [VO Frame #3196] Tracks:  25/183 | flow dx=+0.00 dy=+0.00 px | 16.3 FPS (10.2ms) | ref_odom vx=+0.00m/s wz=+0.00r/s | Geom: DEGENERATE_SMALL_BASELINE (25 inl) | yaw=+0.0deg | t=[+0.00, +0.00, +0.00] (scale: UNKNOWN)
[visual_odometry_node-6] [INFO] [1789289656.784065873] [visual_odometry_node]: [VO Frame #3237] Tracks:  25/183 | flow dx=+0.00 dy=+0.00 px | 15.5 FPS (14.0ms) | ref_odom vx=+0.00m/s wz=+0.00r/s | Geom: DEGENERATE_SMALL_BASELINE (25 inl) | yaw=+0.0deg | t=[+0.00, +0.00, +0.00] (scale: UNKNOWN)
[naviguard_perception_node-5] [INFO] [1789289658.892126355] [naviguard_perception_node]: NAVIGUARD Perception Performance: Total=3192 | Processed=3192 | Dropped=0 | Input: 13.0 FPS | Latency: 9.2 ms | Capacity: 109.0 FPS
[visual_odometry_node-6] [INFO] [1789289660.707587250] [visual_odometry_node]: [VO Frame #3276] Tracks:  25/183 | flow dx=+0.00 dy=+0.00 px | 13.0 FPS (20.0ms) | ref_odom vx=+0.00m/s wz=+0.00r/s | Geom: DEGENERATE_SMALL_BASELINE (25 inl) | yaw=+0.0deg | t=[+0.00, +0.00, +0.00] (scale: UNKNOWN)
[sensor_sync_node-7] [INFO] [1789289663.501444796] [sensor_sync_node]: 
[sensor_sync_node-7] ==================== [NAVIGUARD PHASE 5A SENSOR SYNC REPORT] ====================
[sensor_sync_node-7]   OVERALL STATUS: [WARNING]
[sensor_sync_node-7]   1. SENSORS & RATES:
[sensor_sync_node-7]      - Camera (/camera/image_raw):   25.6 Hz (Period: 39.0±16.0ms, Mono: True, Gaps: 140)
[sensor_sync_node-7]      - IMU (/imu):                  100.0 Hz (Period: 10.0± 0.0ms, Mono: True, Gaps: 1)
[sensor_sync_node-7]      - Odometry (/odom):             50.0 Hz (Period: 20.0± 0.0ms, Mono: True, Gaps: 1)
[sensor_sync_node-7]   2. CROSS-SENSOR SYNCHRONIZATION (Tolerance: 20.0ms):
[sensor_sync_node-7]      - Camera <-> IMU:     Median= 4.0ms, Mean=105.2ms, Max=498.0ms [ 63.2% in tol]
[sensor_sync_node-7]      - Camera <-> Odometry: Median= 6.0ms, Mean=56.3ms, Max=488.0ms [ 78.5% in tol]
[sensor_sync_node-7]      - IMU <-> Odometry:    Median= 5.0ms, Mean= 5.0ms, Max=10.0ms [100.0% in tol]
[sensor_sync_node-7]   3. TF & FRAME VALIDATION:
[sensor_sync_node-7]      - Hierarchy Status:    [OK] (All required frames available: True)
[sensor_sync_node-7]      - Optical Convention:  [VALID (REP-103)]
[sensor_sync_node-7]   4. INTRINSIC & FIELD VALIDATIONS:
[sensor_sync_node-7]      - Camera Calibration:  [OK] (fx=381.4, fy=381.4, cx=320.0, cy=240.0)
[sensor_sync_node-7]      - IMU Validation:      [AVAILABLE] (Angular Vel: 0.000 rad/s, Accel: 9.80 m/s²)
[sensor_sync_node-7]      - Odometry Validation: [OK] ('odom' -> 'base_link')
[sensor_sync_node-7] ==================================================================================
[visual_odometry_node-6] [INFO] [1789289663.708839735] [visual_odometry_node]: [VO Frame #3319] Tracks:  25/183 | flow dx=+0.00 dy=+0.00 px | 15.5 FPS (12.5ms) | ref_odom vx=+0.00m/s wz=+0.00r/s | Geom: DEGENERATE_SMALL_BASELINE (25 inl) | yaw=+0.0deg | t=[+0.00, +0.00, +0.00] (scale: UNKNOWN)
[naviguard_perception_node-5] [INFO] [1789289665.225130505] [naviguard_perception_node]: NAVIGUARD Perception Performance: Total=3258 | Processed=3258 | Dropped=0 | Input: 11.9 FPS | Latency: 8.7 ms | Capacity: 114.8 FPS
[visual_odometry_node-6] [INFO] [1789289666.750582424] [visual_odometry_node]: [VO Frame #3355] Tracks:  25/183 | flow dx=+0.00 dy=+0.00 px | 15.1 FPS (14.2ms) | ref_odom vx=+0.00m/s wz=+0.00r/s | Geom: DEGENERATE_SMALL_BASELINE (25 inl) | yaw=+0.0deg | t=[+0.00, +0.00, +0.00] (scale: UNKNOWN)
[visual_odometry_node-6] [INFO] [1789289669.758024166] [visual_odometry_node]: [VO Frame #3395] Tracks:  25/183 | flow dx=+0.00 dy=+0.00 px | 15.0 FPS (17.8ms) | ref_odom vx=+0.00m/s wz=+0.00r/s | Geom: DEGENERATE_SMALL_BASELINE (25 inl) | yaw=+0.0deg | t=[+0.00, +0.00, +0.00] (scale: UNKNOWN)
