running develop
running egg_info
creating naviguard_state_estimation.egg-info
writing naviguard_state_estimation.egg-info/PKG-INFO
writing dependency_links to naviguard_state_estimation.egg-info/dependency_links.txt
writing entry points to naviguard_state_estimation.egg-info/entry_points.txt
writing requirements to naviguard_state_estimation.egg-info/requires.txt
writing top-level names to naviguard_state_estimation.egg-info/top_level.txt
writing manifest file 'naviguard_state_estimation.egg-info/SOURCES.txt'
reading manifest file 'naviguard_state_estimation.egg-info/SOURCES.txt'
writing manifest file 'naviguard_state_estimation.egg-info/SOURCES.txt'
running build_ext
Creating /home/maxx/naviguard_ws/install/naviguard_state_estimation/lib/python3.12/site-packages/naviguard-state-estimation.egg-link (link to .)
Installing state_estimation_node script to /home/maxx/naviguard_ws/install/naviguard_state_estimation/lib/naviguard_state_estimation

Installed /home/maxx/naviguard_ws/build/naviguard_state_estimation
running symlink_data
creating /home/maxx/naviguard_ws/install/naviguard_state_estimation/share/ament_index
creating /home/maxx/naviguard_ws/install/naviguard_state_estimation/share/ament_index/resource_index
creating /home/maxx/naviguard_ws/install/naviguard_state_estimation/share/ament_index/resource_index/packages
symbolically linking /home/maxx/naviguard_ws/build/naviguard_state_estimation/resource/naviguard_state_estimation -> /home/maxx/naviguard_ws/install/naviguard_state_estimation/share/ament_index/resource_index/packages
symbolically linking /home/maxx/naviguard_ws/build/naviguard_state_estimation/package.xml -> /home/maxx/naviguard_ws/install/naviguard_state_estimation/share/naviguard_state_estimation
creating /home/maxx/naviguard_ws/install/naviguard_state_estimation/share/naviguard_state_estimation/launch
symbolically linking /home/maxx/naviguard_ws/build/naviguard_state_estimation/launch/state_estimation.launch.py -> /home/maxx/naviguard_ws/install/naviguard_state_estimation/share/naviguard_state_estimation/launch
creating /home/maxx/naviguard_ws/install/naviguard_state_estimation/share/naviguard_state_estimation/config
symbolically linking /home/maxx/naviguard_ws/build/naviguard_state_estimation/config/state_estimation_params.yaml -> /home/maxx/naviguard_ws/install/naviguard_state_estimation/share/naviguard_state_estimation/config
