running develop
running egg_info
creating naviguard_visual_odometry.egg-info
writing naviguard_visual_odometry.egg-info/PKG-INFO
writing dependency_links to naviguard_visual_odometry.egg-info/dependency_links.txt
writing entry points to naviguard_visual_odometry.egg-info/entry_points.txt
writing requirements to naviguard_visual_odometry.egg-info/requires.txt
writing top-level names to naviguard_visual_odometry.egg-info/top_level.txt
writing manifest file 'naviguard_visual_odometry.egg-info/SOURCES.txt'
reading manifest file 'naviguard_visual_odometry.egg-info/SOURCES.txt'
writing manifest file 'naviguard_visual_odometry.egg-info/SOURCES.txt'
running build_ext
Creating /home/maxx/naviguard_ws/install/naviguard_visual_odometry/lib/python3.12/site-packages/naviguard-visual-odometry.egg-link (link to .)
Installing visual_odometry_node script to /home/maxx/naviguard_ws/install/naviguard_visual_odometry/lib/naviguard_visual_odometry

Installed /home/maxx/naviguard_ws/build/naviguard_visual_odometry
running symlink_data
creating /home/maxx/naviguard_ws/install/naviguard_visual_odometry/share/ament_index
creating /home/maxx/naviguard_ws/install/naviguard_visual_odometry/share/ament_index/resource_index
creating /home/maxx/naviguard_ws/install/naviguard_visual_odometry/share/ament_index/resource_index/packages
symbolically linking /home/maxx/naviguard_ws/build/naviguard_visual_odometry/resource/naviguard_visual_odometry -> /home/maxx/naviguard_ws/install/naviguard_visual_odometry/share/ament_index/resource_index/packages
symbolically linking /home/maxx/naviguard_ws/build/naviguard_visual_odometry/package.xml -> /home/maxx/naviguard_ws/install/naviguard_visual_odometry/share/naviguard_visual_odometry
creating /home/maxx/naviguard_ws/install/naviguard_visual_odometry/share/naviguard_visual_odometry/launch
symbolically linking /home/maxx/naviguard_ws/build/naviguard_visual_odometry/launch/visual_odometry.launch.py -> /home/maxx/naviguard_ws/install/naviguard_visual_odometry/share/naviguard_visual_odometry/launch
creating /home/maxx/naviguard_ws/install/naviguard_visual_odometry/share/naviguard_visual_odometry/config
symbolically linking /home/maxx/naviguard_ws/build/naviguard_visual_odometry/config/visual_odometry_params.yaml -> /home/maxx/naviguard_ws/install/naviguard_visual_odometry/share/naviguard_visual_odometry/config
