[1.016s] Invoking command in '/home/maxx/naviguard_ws/build/naviguard_visual_odometry': PYTHONPATH=/home/maxx/naviguard_ws/build/naviguard_visual_odometry/prefix_override:/home/maxx/.local/lib/python3.12/site-packages/colcon_core/task/python/colcon_distutils_commands:/home/maxx/naviguard_ws/install/naviguard_visual_odometry/lib/python3.12/site-packages:${PYTHONPATH} /usr/bin/python3 -W ignore:setup.py install is deprecated -W ignore:easy_install command is deprecated setup.py develop --editable --build-directory /home/maxx/naviguard_ws/build/naviguard_visual_odometry/build --no-deps symlink_data
[1.253s] running develop
[1.378s] running egg_info
[1.378s] creating naviguard_visual_odometry.egg-info
[1.389s] writing naviguard_visual_odometry.egg-info/PKG-INFO
[1.390s] writing dependency_links to naviguard_visual_odometry.egg-info/dependency_links.txt
[1.390s] writing entry points to naviguard_visual_odometry.egg-info/entry_points.txt
[1.390s] writing requirements to naviguard_visual_odometry.egg-info/requires.txt
[1.390s] writing top-level names to naviguard_visual_odometry.egg-info/top_level.txt
[1.391s] writing manifest file 'naviguard_visual_odometry.egg-info/SOURCES.txt'
[1.419s] reading manifest file 'naviguard_visual_odometry.egg-info/SOURCES.txt'
[1.420s] writing manifest file 'naviguard_visual_odometry.egg-info/SOURCES.txt'
[1.432s] running build_ext
[1.432s] Creating /home/maxx/naviguard_ws/install/naviguard_visual_odometry/lib/python3.12/site-packages/naviguard-visual-odometry.egg-link (link to .)
[1.432s] Installing visual_odometry_node script to /home/maxx/naviguard_ws/install/naviguard_visual_odometry/lib/naviguard_visual_odometry
[1.433s] 
[1.433s] Installed /home/maxx/naviguard_ws/build/naviguard_visual_odometry
[1.433s] running symlink_data
[1.434s] creating /home/maxx/naviguard_ws/install/naviguard_visual_odometry/share/ament_index
[1.434s] creating /home/maxx/naviguard_ws/install/naviguard_visual_odometry/share/ament_index/resource_index
[1.434s] creating /home/maxx/naviguard_ws/install/naviguard_visual_odometry/share/ament_index/resource_index/packages
[1.434s] symbolically linking /home/maxx/naviguard_ws/build/naviguard_visual_odometry/resource/naviguard_visual_odometry -> /home/maxx/naviguard_ws/install/naviguard_visual_odometry/share/ament_index/resource_index/packages
[1.434s] symbolically linking /home/maxx/naviguard_ws/build/naviguard_visual_odometry/package.xml -> /home/maxx/naviguard_ws/install/naviguard_visual_odometry/share/naviguard_visual_odometry
[1.434s] creating /home/maxx/naviguard_ws/install/naviguard_visual_odometry/share/naviguard_visual_odometry/launch
[1.434s] symbolically linking /home/maxx/naviguard_ws/build/naviguard_visual_odometry/launch/visual_odometry.launch.py -> /home/maxx/naviguard_ws/install/naviguard_visual_odometry/share/naviguard_visual_odometry/launch
[1.434s] creating /home/maxx/naviguard_ws/install/naviguard_visual_odometry/share/naviguard_visual_odometry/config
[1.434s] symbolically linking /home/maxx/naviguard_ws/build/naviguard_visual_odometry/config/visual_odometry_params.yaml -> /home/maxx/naviguard_ws/install/naviguard_visual_odometry/share/naviguard_visual_odometry/config
[1.467s] Invoked command in '/home/maxx/naviguard_ws/build/naviguard_visual_odometry' returned '0': PYTHONPATH=/home/maxx/naviguard_ws/build/naviguard_visual_odometry/prefix_override:/home/maxx/.local/lib/python3.12/site-packages/colcon_core/task/python/colcon_distutils_commands:/home/maxx/naviguard_ws/install/naviguard_visual_odometry/lib/python3.12/site-packages:${PYTHONPATH} /usr/bin/python3 -W ignore:setup.py install is deprecated -W ignore:easy_install command is deprecated setup.py develop --editable --build-directory /home/maxx/naviguard_ws/build/naviguard_visual_odometry/build --no-deps symlink_data
