running develop
running egg_info
creating naviguard_perception.egg-info
writing naviguard_perception.egg-info/PKG-INFO
writing dependency_links to naviguard_perception.egg-info/dependency_links.txt
writing entry points to naviguard_perception.egg-info/entry_points.txt
writing requirements to naviguard_perception.egg-info/requires.txt
writing top-level names to naviguard_perception.egg-info/top_level.txt
writing manifest file 'naviguard_perception.egg-info/SOURCES.txt'
reading manifest file 'naviguard_perception.egg-info/SOURCES.txt'
writing manifest file 'naviguard_perception.egg-info/SOURCES.txt'
running build_ext
Creating /home/maxx/naviguard_ws/install/naviguard_perception/lib/python3.12/site-packages/naviguard-perception.egg-link (link to .)
Installing naviguard_perception_node script to /home/maxx/naviguard_ws/install/naviguard_perception/lib/naviguard_perception

Installed /home/maxx/naviguard_ws/build/naviguard_perception
running symlink_data
creating /home/maxx/naviguard_ws/install/naviguard_perception/share/ament_index
creating /home/maxx/naviguard_ws/install/naviguard_perception/share/ament_index/resource_index
creating /home/maxx/naviguard_ws/install/naviguard_perception/share/ament_index/resource_index/packages
symbolically linking /home/maxx/naviguard_ws/build/naviguard_perception/resource/naviguard_perception -> /home/maxx/naviguard_ws/install/naviguard_perception/share/ament_index/resource_index/packages
symbolically linking /home/maxx/naviguard_ws/build/naviguard_perception/package.xml -> /home/maxx/naviguard_ws/install/naviguard_perception/share/naviguard_perception
creating /home/maxx/naviguard_ws/install/naviguard_perception/share/naviguard_perception/launch
symbolically linking /home/maxx/naviguard_ws/build/naviguard_perception/launch/perception.launch.py -> /home/maxx/naviguard_ws/install/naviguard_perception/share/naviguard_perception/launch
creating /home/maxx/naviguard_ws/install/naviguard_perception/share/naviguard_perception/config
symbolically linking /home/maxx/naviguard_ws/build/naviguard_perception/config/perception_params.yaml -> /home/maxx/naviguard_ws/install/naviguard_perception/share/naviguard_perception/config
