running develop
running egg_info
creating naviguard_sensor_sync.egg-info
writing naviguard_sensor_sync.egg-info/PKG-INFO
writing dependency_links to naviguard_sensor_sync.egg-info/dependency_links.txt
writing entry points to naviguard_sensor_sync.egg-info/entry_points.txt
writing requirements to naviguard_sensor_sync.egg-info/requires.txt
writing top-level names to naviguard_sensor_sync.egg-info/top_level.txt
writing manifest file 'naviguard_sensor_sync.egg-info/SOURCES.txt'
reading manifest file 'naviguard_sensor_sync.egg-info/SOURCES.txt'
writing manifest file 'naviguard_sensor_sync.egg-info/SOURCES.txt'
running build_ext
Creating /home/maxx/naviguard_ws/install/naviguard_sensor_sync/lib/python3.12/site-packages/naviguard-sensor-sync.egg-link (link to .)
Installing sensor_sync_node script to /home/maxx/naviguard_ws/install/naviguard_sensor_sync/lib/naviguard_sensor_sync

Installed /home/maxx/naviguard_ws/build/naviguard_sensor_sync
running symlink_data
creating /home/maxx/naviguard_ws/install/naviguard_sensor_sync/share/ament_index
creating /home/maxx/naviguard_ws/install/naviguard_sensor_sync/share/ament_index/resource_index
creating /home/maxx/naviguard_ws/install/naviguard_sensor_sync/share/ament_index/resource_index/packages
symbolically linking /home/maxx/naviguard_ws/build/naviguard_sensor_sync/resource/naviguard_sensor_sync -> /home/maxx/naviguard_ws/install/naviguard_sensor_sync/share/ament_index/resource_index/packages
symbolically linking /home/maxx/naviguard_ws/build/naviguard_sensor_sync/package.xml -> /home/maxx/naviguard_ws/install/naviguard_sensor_sync/share/naviguard_sensor_sync
creating /home/maxx/naviguard_ws/install/naviguard_sensor_sync/share/naviguard_sensor_sync/launch
symbolically linking /home/maxx/naviguard_ws/build/naviguard_sensor_sync/launch/sensor_sync.launch.py -> /home/maxx/naviguard_ws/install/naviguard_sensor_sync/share/naviguard_sensor_sync/launch
creating /home/maxx/naviguard_ws/install/naviguard_sensor_sync/share/naviguard_sensor_sync/config
symbolically linking /home/maxx/naviguard_ws/build/naviguard_sensor_sync/config/sensor_sync_params.yaml -> /home/maxx/naviguard_ws/install/naviguard_sensor_sync/share/naviguard_sensor_sync/config
