[1.232s] Invoking command in '/home/maxx/naviguard_ws/build/naviguard_sensor_sync': PYTHONPATH=/home/maxx/naviguard_ws/build/naviguard_sensor_sync/prefix_override:/home/maxx/.local/lib/python3.12/site-packages/colcon_core/task/python/colcon_distutils_commands:/home/maxx/naviguard_ws/install/naviguard_sensor_sync/lib/python3.12/site-packages:${PYTHONPATH} /usr/bin/python3 -W ignore:setup.py install is deprecated -W ignore:easy_install command is deprecated setup.py develop --editable --build-directory /home/maxx/naviguard_ws/build/naviguard_sensor_sync/build --no-deps symlink_data
[1.457s] running develop
[1.582s] running egg_info
[1.582s] creating naviguard_sensor_sync.egg-info
[1.594s] writing naviguard_sensor_sync.egg-info/PKG-INFO
[1.594s] writing dependency_links to naviguard_sensor_sync.egg-info/dependency_links.txt
[1.594s] writing entry points to naviguard_sensor_sync.egg-info/entry_points.txt
[1.594s] writing requirements to naviguard_sensor_sync.egg-info/requires.txt
[1.595s] writing top-level names to naviguard_sensor_sync.egg-info/top_level.txt
[1.595s] writing manifest file 'naviguard_sensor_sync.egg-info/SOURCES.txt'
[1.623s] reading manifest file 'naviguard_sensor_sync.egg-info/SOURCES.txt'
[1.624s] writing manifest file 'naviguard_sensor_sync.egg-info/SOURCES.txt'
[1.637s] running build_ext
[1.637s] Creating /home/maxx/naviguard_ws/install/naviguard_sensor_sync/lib/python3.12/site-packages/naviguard-sensor-sync.egg-link (link to .)
[1.638s] Installing sensor_sync_node script to /home/maxx/naviguard_ws/install/naviguard_sensor_sync/lib/naviguard_sensor_sync
[1.638s] 
[1.639s] Installed /home/maxx/naviguard_ws/build/naviguard_sensor_sync
[1.639s] running symlink_data
[1.639s] creating /home/maxx/naviguard_ws/install/naviguard_sensor_sync/share/ament_index
[1.639s] creating /home/maxx/naviguard_ws/install/naviguard_sensor_sync/share/ament_index/resource_index
[1.639s] creating /home/maxx/naviguard_ws/install/naviguard_sensor_sync/share/ament_index/resource_index/packages
[1.639s] symbolically linking /home/maxx/naviguard_ws/build/naviguard_sensor_sync/resource/naviguard_sensor_sync -> /home/maxx/naviguard_ws/install/naviguard_sensor_sync/share/ament_index/resource_index/packages
[1.639s] symbolically linking /home/maxx/naviguard_ws/build/naviguard_sensor_sync/package.xml -> /home/maxx/naviguard_ws/install/naviguard_sensor_sync/share/naviguard_sensor_sync
[1.640s] creating /home/maxx/naviguard_ws/install/naviguard_sensor_sync/share/naviguard_sensor_sync/launch
[1.640s] symbolically linking /home/maxx/naviguard_ws/build/naviguard_sensor_sync/launch/sensor_sync.launch.py -> /home/maxx/naviguard_ws/install/naviguard_sensor_sync/share/naviguard_sensor_sync/launch
[1.640s] creating /home/maxx/naviguard_ws/install/naviguard_sensor_sync/share/naviguard_sensor_sync/config
[1.640s] symbolically linking /home/maxx/naviguard_ws/build/naviguard_sensor_sync/config/sensor_sync_params.yaml -> /home/maxx/naviguard_ws/install/naviguard_sensor_sync/share/naviguard_sensor_sync/config
[1.683s] Invoked command in '/home/maxx/naviguard_ws/build/naviguard_sensor_sync' returned '0': PYTHONPATH=/home/maxx/naviguard_ws/build/naviguard_sensor_sync/prefix_override:/home/maxx/.local/lib/python3.12/site-packages/colcon_core/task/python/colcon_distutils_commands:/home/maxx/naviguard_ws/install/naviguard_sensor_sync/lib/python3.12/site-packages:${PYTHONPATH} /usr/bin/python3 -W ignore:setup.py install is deprecated -W ignore:easy_install command is deprecated setup.py develop --editable --build-directory /home/maxx/naviguard_ws/build/naviguard_sensor_sync/build --no-deps symlink_data
