[1.549s] Invoking command in '/home/maxx/naviguard_ws/build/naviguard_slam': PYTHONPATH=/home/maxx/naviguard_ws/build/naviguard_slam/prefix_override:/home/maxx/.local/lib/python3.12/site-packages/colcon_core/task/python/colcon_distutils_commands:/home/maxx/naviguard_ws/install/naviguard_slam/lib/python3.12/site-packages:${PYTHONPATH} /usr/bin/python3 -W ignore:setup.py install is deprecated -W ignore:easy_install command is deprecated setup.py develop --editable --build-directory /home/maxx/naviguard_ws/build/naviguard_slam/build --no-deps symlink_data
[1.828s] running develop
[1.959s] running egg_info
[1.959s] creating naviguard_slam.egg-info
[1.969s] writing naviguard_slam.egg-info/PKG-INFO
[1.970s] writing dependency_links to naviguard_slam.egg-info/dependency_links.txt
[1.970s] writing entry points to naviguard_slam.egg-info/entry_points.txt
[1.970s] writing requirements to naviguard_slam.egg-info/requires.txt
[1.970s] writing top-level names to naviguard_slam.egg-info/top_level.txt
[1.970s] writing manifest file 'naviguard_slam.egg-info/SOURCES.txt'
[2.018s] reading manifest file 'naviguard_slam.egg-info/SOURCES.txt'
[2.019s] writing manifest file 'naviguard_slam.egg-info/SOURCES.txt'
[2.036s] running build_ext
[2.036s] Creating /home/maxx/naviguard_ws/install/naviguard_slam/lib/python3.12/site-packages/naviguard-slam.egg-link (link to .)
[2.037s] Installing slam_node script to /home/maxx/naviguard_ws/install/naviguard_slam/lib/naviguard_slam
[2.037s] 
[2.037s] Installed /home/maxx/naviguard_ws/build/naviguard_slam
[2.037s] running symlink_data
[2.038s] creating /home/maxx/naviguard_ws/install/naviguard_slam/share/ament_index
[2.038s] creating /home/maxx/naviguard_ws/install/naviguard_slam/share/ament_index/resource_index
[2.038s] creating /home/maxx/naviguard_ws/install/naviguard_slam/share/ament_index/resource_index/packages
[2.038s] symbolically linking /home/maxx/naviguard_ws/build/naviguard_slam/resource/naviguard_slam -> /home/maxx/naviguard_ws/install/naviguard_slam/share/ament_index/resource_index/packages
[2.038s] symbolically linking /home/maxx/naviguard_ws/build/naviguard_slam/package.xml -> /home/maxx/naviguard_ws/install/naviguard_slam/share/naviguard_slam
[2.039s] creating /home/maxx/naviguard_ws/install/naviguard_slam/share/naviguard_slam/launch
[2.039s] symbolically linking /home/maxx/naviguard_ws/build/naviguard_slam/launch/slam.launch.py -> /home/maxx/naviguard_ws/install/naviguard_slam/share/naviguard_slam/launch
[2.039s] creating /home/maxx/naviguard_ws/install/naviguard_slam/share/naviguard_slam/config
[2.039s] symbolically linking /home/maxx/naviguard_ws/build/naviguard_slam/config/slam_params.yaml -> /home/maxx/naviguard_ws/install/naviguard_slam/share/naviguard_slam/config
[2.039s] symbolically linking /home/maxx/naviguard_ws/build/naviguard_slam/config/naviguard_slam.rviz -> /home/maxx/naviguard_ws/install/naviguard_slam/share/naviguard_slam/config
[2.039s] creating /home/maxx/naviguard_ws/install/naviguard_slam/share/naviguard_slam/worlds
[2.040s] symbolically linking /home/maxx/naviguard_ws/build/naviguard_slam/worlds/naviguard_slam_world.sdf -> /home/maxx/naviguard_ws/install/naviguard_slam/share/naviguard_slam/worlds
[2.040s] creating /home/maxx/naviguard_ws/install/naviguard_slam/share/naviguard_slam/maps
[2.071s] Invoked command in '/home/maxx/naviguard_ws/build/naviguard_slam' returned '0': PYTHONPATH=/home/maxx/naviguard_ws/build/naviguard_slam/prefix_override:/home/maxx/.local/lib/python3.12/site-packages/colcon_core/task/python/colcon_distutils_commands:/home/maxx/naviguard_ws/install/naviguard_slam/lib/python3.12/site-packages:${PYTHONPATH} /usr/bin/python3 -W ignore:setup.py install is deprecated -W ignore:easy_install command is deprecated setup.py develop --editable --build-directory /home/maxx/naviguard_ws/build/naviguard_slam/build --no-deps symlink_data
