-- The C compiler identification is GNU 13.3.0
-- The CXX compiler identification is GNU 13.3.0
-- Detecting C compiler ABI info
-- Detecting C compiler ABI info - done
-- Check for working C compiler: /usr/bin/cc - skipped
-- Detecting C compile features
-- Detecting C compile features - done
-- Detecting CXX compiler ABI info
-- Detecting CXX compiler ABI info - done
-- Check for working CXX compiler: /usr/bin/c++ - skipped
-- Detecting CXX compile features
-- Detecting CXX compile features - done
-- Found ament_cmake: 2.5.6 (/opt/ros/jazzy/share/ament_cmake/cmake)
-- Found Python3: /usr/bin/python3 (found version "3.12.3") found components: Interpreter 
-- Override CMake install command with custom implementation using symlinks instead of copying resources
-- Found urdf: 2.10.1 (/opt/ros/jazzy/share/urdf/cmake)
-- Found TinyXML2 via Config file: /usr/lib/x86_64-linux-gnu/cmake/tinyxml2
-- Found xacro: 2.1.1 (/opt/ros/jazzy/share/xacro/cmake)
-- Found ament_lint_auto: 0.17.5 (/opt/ros/jazzy/share/ament_lint_auto/cmake)
-- Added test 'flake8' to check Python code syntax and style conventions
-- Configured 'flake8' exclude dirs and/or files: 
-- Added test 'lint_cmake' to check CMake code style
-- Added test 'pep257' to check Python code against some of the docstring style conventions in PEP 257
-- Added test 'xmllint' to check XML markup files
-- Configuring done (2.5s)
-- Generating done (0.0s)
-- Build files have been written to: /home/maxx/naviguard_ws/build/naviguard_description
-- Install configuration: ""
-- Execute custom install script
-- Symlinking: /home/maxx/naviguard_ws/install/naviguard_description/share/naviguard_description/urdf/chassis.xacro
-- Symlinking: /home/maxx/naviguard_ws/install/naviguard_description/share/naviguard_description/urdf/gazebo_control.xacro
-- Symlinking: /home/maxx/naviguard_ws/install/naviguard_description/share/naviguard_description/urdf/materials.xacro
-- Symlinking: /home/maxx/naviguard_ws/install/naviguard_description/share/naviguard_description/urdf/naviguard.urdf.xacro
-- Symlinking: /home/maxx/naviguard_ws/install/naviguard_description/share/naviguard_description/urdf/sensors.xacro
-- Symlinking: /home/maxx/naviguard_ws/install/naviguard_description/share/naviguard_description/urdf/wheel.xacro
-- Symlinking: /home/maxx/naviguard_ws/install/naviguard_description/share/naviguard_description/launch/naviguard_sim.launch.py
-- Symlinking: /home/maxx/naviguard_ws/install/naviguard_description/share/naviguard_description/config/bridge.yaml
-- Symlinking: /home/maxx/naviguard_ws/install/naviguard_description/share/naviguard_description/worlds/naviguard_world.sdf
-- Symlinking: /home/maxx/naviguard_ws/install/naviguard_description/share/ament_index/resource_index/package_run_dependencies/naviguard_description
-- Symlinking: /home/maxx/naviguard_ws/install/naviguard_description/share/ament_index/resource_index/parent_prefix_path/naviguard_description
-- Symlinking: /home/maxx/naviguard_ws/install/naviguard_description/share/naviguard_description/environment/ament_prefix_path.sh
-- Symlinking: /home/maxx/naviguard_ws/install/naviguard_description/share/naviguard_description/environment/ament_prefix_path.dsv
-- Symlinking: /home/maxx/naviguard_ws/install/naviguard_description/share/naviguard_description/environment/path.sh
-- Symlinking: /home/maxx/naviguard_ws/install/naviguard_description/share/naviguard_description/environment/path.dsv
-- Symlinking: /home/maxx/naviguard_ws/install/naviguard_description/share/naviguard_description/local_setup.bash
-- Symlinking: /home/maxx/naviguard_ws/install/naviguard_description/share/naviguard_description/local_setup.sh
-- Symlinking: /home/maxx/naviguard_ws/install/naviguard_description/share/naviguard_description/local_setup.zsh
-- Symlinking: /home/maxx/naviguard_ws/install/naviguard_description/share/naviguard_description/local_setup.dsv
-- Symlinking: /home/maxx/naviguard_ws/install/naviguard_description/share/naviguard_description/package.dsv
-- Symlinking: /home/maxx/naviguard_ws/install/naviguard_description/share/ament_index/resource_index/packages/naviguard_description
-- Symlinking: /home/maxx/naviguard_ws/install/naviguard_description/share/naviguard_description/cmake/naviguard_descriptionConfig.cmake
-- Symlinking: /home/maxx/naviguard_ws/install/naviguard_description/share/naviguard_description/cmake/naviguard_descriptionConfig-version.cmake
-- Symlinking: /home/maxx/naviguard_ws/install/naviguard_description/share/naviguard_description/package.xml
