[0.212s] Invoking command in '/home/maxx/naviguard_ws/build/naviguard_description': CMAKE_PREFIX_PATH=${CMAKE_PREFIX_PATH}:/opt/ros/jazzy /usr/bin/cmake --build /home/maxx/naviguard_ws/build/naviguard_description -- -j12 -l12
[1.300s] Invoked command in '/home/maxx/naviguard_ws/build/naviguard_description' returned '0': CMAKE_PREFIX_PATH=${CMAKE_PREFIX_PATH}:/opt/ros/jazzy /usr/bin/cmake --build /home/maxx/naviguard_ws/build/naviguard_description -- -j12 -l12
[1.309s] Invoking command in '/home/maxx/naviguard_ws/build/naviguard_description': CMAKE_PREFIX_PATH=${CMAKE_PREFIX_PATH}:/opt/ros/jazzy /usr/bin/cmake --install /home/maxx/naviguard_ws/build/naviguard_description
[1.318s] -- Install configuration: ""
[1.320s] -- Execute custom install script
[1.320s] -- Up-to-date symlink: /home/maxx/naviguard_ws/install/naviguard_description/share/naviguard_description/urdf/chassis.xacro
[1.321s] -- Up-to-date symlink: /home/maxx/naviguard_ws/install/naviguard_description/share/naviguard_description/urdf/gazebo_control.xacro
[1.321s] -- Up-to-date symlink: /home/maxx/naviguard_ws/install/naviguard_description/share/naviguard_description/urdf/materials.xacro
[1.321s] -- Up-to-date symlink: /home/maxx/naviguard_ws/install/naviguard_description/share/naviguard_description/urdf/naviguard.urdf.xacro
[1.322s] -- Up-to-date symlink: /home/maxx/naviguard_ws/install/naviguard_description/share/naviguard_description/urdf/sensors.xacro
[1.323s] -- Up-to-date symlink: /home/maxx/naviguard_ws/install/naviguard_description/share/naviguard_description/urdf/wheel.xacro
[1.323s] -- Up-to-date symlink: /home/maxx/naviguard_ws/install/naviguard_description/share/naviguard_description/launch/naviguard_demo.launch.py
[1.323s] -- Up-to-date symlink: /home/maxx/naviguard_ws/install/naviguard_description/share/naviguard_description/launch/naviguard_sim.launch.py
[1.324s] -- Up-to-date symlink: /home/maxx/naviguard_ws/install/naviguard_description/share/naviguard_description/config/bridge.yaml
[1.324s] -- Up-to-date symlink: /home/maxx/naviguard_ws/install/naviguard_description/share/naviguard_description/config/naviguard_demo.rviz
[1.324s] -- Up-to-date symlink: /home/maxx/naviguard_ws/install/naviguard_description/share/naviguard_description/worlds/naviguard_world.sdf
[1.324s] -- Up-to-date symlink: /home/maxx/naviguard_ws/install/naviguard_description/share/ament_index/resource_index/package_run_dependencies/naviguard_description
[1.324s] -- Up-to-date symlink: /home/maxx/naviguard_ws/install/naviguard_description/share/ament_index/resource_index/parent_prefix_path/naviguard_description
[1.324s] -- Up-to-date symlink: /home/maxx/naviguard_ws/install/naviguard_description/share/naviguard_description/environment/ament_prefix_path.sh
[1.325s] -- Up-to-date symlink: /home/maxx/naviguard_ws/install/naviguard_description/share/naviguard_description/environment/ament_prefix_path.dsv
[1.325s] -- Up-to-date symlink: /home/maxx/naviguard_ws/install/naviguard_description/share/naviguard_description/environment/path.sh
[1.325s] -- Up-to-date symlink: /home/maxx/naviguard_ws/install/naviguard_description/share/naviguard_description/environment/path.dsv
[1.325s] -- Up-to-date symlink: /home/maxx/naviguard_ws/install/naviguard_description/share/naviguard_description/local_setup.bash
[1.325s] -- Up-to-date symlink: /home/maxx/naviguard_ws/install/naviguard_description/share/naviguard_description/local_setup.sh
[1.325s] -- Up-to-date symlink: /home/maxx/naviguard_ws/install/naviguard_description/share/naviguard_description/local_setup.zsh
[1.326s] -- Up-to-date symlink: /home/maxx/naviguard_ws/install/naviguard_description/share/naviguard_description/local_setup.dsv
[1.326s] -- Symlinking: /home/maxx/naviguard_ws/install/naviguard_description/share/naviguard_description/package.dsv
[1.335s] -- Up-to-date symlink: /home/maxx/naviguard_ws/install/naviguard_description/share/ament_index/resource_index/packages/naviguard_description
[1.335s] -- Up-to-date symlink: /home/maxx/naviguard_ws/install/naviguard_description/share/naviguard_description/cmake/naviguard_descriptionConfig.cmake
[1.335s] -- Up-to-date symlink: /home/maxx/naviguard_ws/install/naviguard_description/share/naviguard_description/cmake/naviguard_descriptionConfig-version.cmake
[1.335s] -- Up-to-date symlink: /home/maxx/naviguard_ws/install/naviguard_description/share/naviguard_description/package.xml
[1.340s] Invoked command in '/home/maxx/naviguard_ws/build/naviguard_description' returned '0': CMAKE_PREFIX_PATH=${CMAKE_PREFIX_PATH}:/opt/ros/jazzy /usr/bin/cmake --install /home/maxx/naviguard_ws/build/naviguard_description
