[0.815s] Invoking command in '/home/maxx/naviguard_ws/build/naviguard_recovery': PYTHONPATH=/home/maxx/naviguard_ws/build/naviguard_recovery/prefix_override:/home/maxx/.local/lib/python3.12/site-packages/colcon_core/task/python/colcon_distutils_commands:/home/maxx/naviguard_ws/install/naviguard_recovery/lib/python3.12/site-packages:${PYTHONPATH} /usr/bin/python3 -W ignore:setup.py install is deprecated -W ignore:easy_install command is deprecated setup.py develop --editable --build-directory /home/maxx/naviguard_ws/build/naviguard_recovery/build --no-deps symlink_data
[1.022s] running develop
[1.133s] running egg_info
[1.134s] creating naviguard_recovery.egg-info
[1.144s] writing naviguard_recovery.egg-info/PKG-INFO
[1.145s] writing dependency_links to naviguard_recovery.egg-info/dependency_links.txt
[1.145s] writing entry points to naviguard_recovery.egg-info/entry_points.txt
[1.145s] writing requirements to naviguard_recovery.egg-info/requires.txt
[1.145s] writing top-level names to naviguard_recovery.egg-info/top_level.txt
[1.145s] writing manifest file 'naviguard_recovery.egg-info/SOURCES.txt'
[1.165s] reading manifest file 'naviguard_recovery.egg-info/SOURCES.txt'
[1.165s] writing manifest file 'naviguard_recovery.egg-info/SOURCES.txt'
[1.176s] running build_ext
[1.176s] Creating /home/maxx/naviguard_ws/install/naviguard_recovery/lib/python3.12/site-packages/naviguard-recovery.egg-link (link to .)
[1.176s] Installing recovery_node script to /home/maxx/naviguard_ws/install/naviguard_recovery/lib/naviguard_recovery
[1.177s] 
[1.177s] Installed /home/maxx/naviguard_ws/build/naviguard_recovery
[1.177s] running symlink_data
[1.177s] creating /home/maxx/naviguard_ws/install/naviguard_recovery/share/ament_index
[1.177s] creating /home/maxx/naviguard_ws/install/naviguard_recovery/share/ament_index/resource_index
[1.177s] creating /home/maxx/naviguard_ws/install/naviguard_recovery/share/ament_index/resource_index/packages
[1.177s] symbolically linking /home/maxx/naviguard_ws/build/naviguard_recovery/resource/naviguard_recovery -> /home/maxx/naviguard_ws/install/naviguard_recovery/share/ament_index/resource_index/packages
[1.178s] symbolically linking /home/maxx/naviguard_ws/build/naviguard_recovery/package.xml -> /home/maxx/naviguard_ws/install/naviguard_recovery/share/naviguard_recovery
[1.178s] creating /home/maxx/naviguard_ws/install/naviguard_recovery/share/naviguard_recovery/launch
[1.178s] symbolically linking /home/maxx/naviguard_ws/build/naviguard_recovery/launch/recovery.launch.py -> /home/maxx/naviguard_ws/install/naviguard_recovery/share/naviguard_recovery/launch
[1.178s] creating /home/maxx/naviguard_ws/install/naviguard_recovery/share/naviguard_recovery/config
[1.178s] symbolically linking /home/maxx/naviguard_ws/build/naviguard_recovery/config/recovery_params.yaml -> /home/maxx/naviguard_ws/install/naviguard_recovery/share/naviguard_recovery/config
[1.178s] symbolically linking /home/maxx/naviguard_ws/build/naviguard_recovery/config/recovery_view.rviz -> /home/maxx/naviguard_ws/install/naviguard_recovery/share/naviguard_recovery/config
[1.200s] Invoked command in '/home/maxx/naviguard_ws/build/naviguard_recovery' returned '0': PYTHONPATH=/home/maxx/naviguard_ws/build/naviguard_recovery/prefix_override:/home/maxx/.local/lib/python3.12/site-packages/colcon_core/task/python/colcon_distutils_commands:/home/maxx/naviguard_ws/install/naviguard_recovery/lib/python3.12/site-packages:${PYTHONPATH} /usr/bin/python3 -W ignore:setup.py install is deprecated -W ignore:easy_install command is deprecated setup.py develop --editable --build-directory /home/maxx/naviguard_ws/build/naviguard_recovery/build --no-deps symlink_data
