[0.814s] Invoking command in '/home/maxx/naviguard_ws/build/naviguard_confidence': PYTHONPATH=/home/maxx/naviguard_ws/build/naviguard_confidence/prefix_override:/home/maxx/.local/lib/python3.12/site-packages/colcon_core/task/python/colcon_distutils_commands:/home/maxx/naviguard_ws/install/naviguard_confidence/lib/python3.12/site-packages:${PYTHONPATH} /usr/bin/python3 -W ignore:setup.py install is deprecated -W ignore:easy_install command is deprecated setup.py develop --editable --build-directory /home/maxx/naviguard_ws/build/naviguard_confidence/build --no-deps symlink_data
[1.044s] running develop
[1.159s] running egg_info
[1.159s] creating naviguard_confidence.egg-info
[1.170s] writing naviguard_confidence.egg-info/PKG-INFO
[1.170s] writing dependency_links to naviguard_confidence.egg-info/dependency_links.txt
[1.170s] writing entry points to naviguard_confidence.egg-info/entry_points.txt
[1.171s] writing requirements to naviguard_confidence.egg-info/requires.txt
[1.171s] writing top-level names to naviguard_confidence.egg-info/top_level.txt
[1.171s] writing manifest file 'naviguard_confidence.egg-info/SOURCES.txt'
[1.192s] reading manifest file 'naviguard_confidence.egg-info/SOURCES.txt'
[1.193s] writing manifest file 'naviguard_confidence.egg-info/SOURCES.txt'
[1.204s] running build_ext
[1.204s] Creating /home/maxx/naviguard_ws/install/naviguard_confidence/lib/python3.12/site-packages/naviguard-confidence.egg-link (link to .)
[1.205s] Installing confidence_node script to /home/maxx/naviguard_ws/install/naviguard_confidence/lib/naviguard_confidence
[1.205s] 
[1.205s] Installed /home/maxx/naviguard_ws/build/naviguard_confidence
[1.205s] running symlink_data
[1.205s] creating /home/maxx/naviguard_ws/install/naviguard_confidence/share/ament_index
[1.206s] creating /home/maxx/naviguard_ws/install/naviguard_confidence/share/ament_index/resource_index
[1.206s] creating /home/maxx/naviguard_ws/install/naviguard_confidence/share/ament_index/resource_index/packages
[1.206s] symbolically linking /home/maxx/naviguard_ws/build/naviguard_confidence/resource/naviguard_confidence -> /home/maxx/naviguard_ws/install/naviguard_confidence/share/ament_index/resource_index/packages
[1.206s] symbolically linking /home/maxx/naviguard_ws/build/naviguard_confidence/package.xml -> /home/maxx/naviguard_ws/install/naviguard_confidence/share/naviguard_confidence
[1.207s] creating /home/maxx/naviguard_ws/install/naviguard_confidence/share/naviguard_confidence/launch
[1.207s] symbolically linking /home/maxx/naviguard_ws/build/naviguard_confidence/launch/confidence.launch.py -> /home/maxx/naviguard_ws/install/naviguard_confidence/share/naviguard_confidence/launch
[1.207s] creating /home/maxx/naviguard_ws/install/naviguard_confidence/share/naviguard_confidence/config
[1.207s] symbolically linking /home/maxx/naviguard_ws/build/naviguard_confidence/config/confidence_params.yaml -> /home/maxx/naviguard_ws/install/naviguard_confidence/share/naviguard_confidence/config
[1.251s] Invoked command in '/home/maxx/naviguard_ws/build/naviguard_confidence' returned '0': PYTHONPATH=/home/maxx/naviguard_ws/build/naviguard_confidence/prefix_override:/home/maxx/.local/lib/python3.12/site-packages/colcon_core/task/python/colcon_distutils_commands:/home/maxx/naviguard_ws/install/naviguard_confidence/lib/python3.12/site-packages:${PYTHONPATH} /usr/bin/python3 -W ignore:setup.py install is deprecated -W ignore:easy_install command is deprecated setup.py develop --editable --build-directory /home/maxx/naviguard_ws/build/naviguard_confidence/build --no-deps symlink_data
